Archive member included to satisfy reference by file (symbol)

c:/nxp/mcuxpressoide_10.3.1_2233/ide/plugins/com.nxp.mcuxpresso.tools.win32_10.3.0.201811011841/tools/bin/../lib/gcc/arm-none-eabi/7.3.1/../../../../arm-none-eabi/lib/thumb/v7e-m/fpv4-sp/hard\libcr_semihost_nf.a(_cr__main.o)
                              ./startup/startup_mk64f12.o (__main)
c:/nxp/mcuxpressoide_10.3.1_2233/ide/plugins/com.nxp.mcuxpresso.tools.win32_10.3.0.201811011841/tools/bin/../lib/gcc/arm-none-eabi/7.3.1/../../../../arm-none-eabi/lib/thumb/v7e-m/fpv4-sp/hard\libcr_semihost_nf.a(_cr_assert.o)
                              ./utilities/fsl_debug_console.o (__assertion_failed)
c:/nxp/mcuxpressoide_10.3.1_2233/ide/plugins/com.nxp.mcuxpresso.tools.win32_10.3.0.201811011841/tools/bin/../lib/gcc/arm-none-eabi/7.3.1/../../../../arm-none-eabi/lib/thumb/v7e-m/fpv4-sp/hard\libcr_semihost_nf.a(__ciob.o)
                              c:/nxp/mcuxpressoide_10.3.1_2233/ide/plugins/com.nxp.mcuxpresso.tools.win32_10.3.0.201811011841/tools/bin/../lib/gcc/arm-none-eabi/7.3.1/../../../../arm-none-eabi/lib/thumb/v7e-m/fpv4-sp/hard\libcr_semihost_nf.a(_cr_assert.o) (__Ciob)
c:/nxp/mcuxpressoide_10.3.1_2233/ide/plugins/com.nxp.mcuxpresso.tools.win32_10.3.0.201811011841/tools/bin/../lib/gcc/arm-none-eabi/7.3.1/../../../../arm-none-eabi/lib/thumb/v7e-m/fpv4-sp/hard\libcr_semihost_nf.a(__sys_appexit.o)
                              c:/nxp/mcuxpressoide_10.3.1_2233/ide/plugins/com.nxp.mcuxpresso.tools.win32_10.3.0.201811011841/tools/bin/../lib/gcc/arm-none-eabi/7.3.1/../../../../arm-none-eabi/lib/thumb/v7e-m/fpv4-sp/hard\libcr_semihost_nf.a(_cr_assert.o) (__sys_appexit)
c:/nxp/mcuxpressoide_10.3.1_2233/ide/plugins/com.nxp.mcuxpresso.tools.win32_10.3.0.201811011841/tools/bin/../lib/gcc/arm-none-eabi/7.3.1/../../../../arm-none-eabi/lib/thumb/v7e-m/fpv4-sp/hard\libcr_c.a(memcpy.o)
                              ./sensors/fxas21002_drv.o (memcpy)
c:/nxp/mcuxpressoide_10.3.1_2233/ide/plugins/com.nxp.mcuxpresso.tools.win32_10.3.0.201811011841/tools/bin/../lib/gcc/arm-none-eabi/7.3.1/../../../../arm-none-eabi/lib/thumb/v7e-m/fpv4-sp/hard\libcr_c.a(memset.o)
                              ./utilities/fsl_debug_console.o (memset)
c:/nxp/mcuxpressoide_10.3.1_2233/ide/plugins/com.nxp.mcuxpresso.tools.win32_10.3.0.201811011841/tools/bin/../lib/gcc/arm-none-eabi/7.3.1/../../../../arm-none-eabi/lib/thumb/v7e-m/fpv4-sp/hard\libcr_c.a(_deferredlazyseek.o)
                              c:/nxp/mcuxpressoide_10.3.1_2233/ide/plugins/com.nxp.mcuxpresso.tools.win32_10.3.0.201811011841/tools/bin/../lib/gcc/arm-none-eabi/7.3.1/../../../../arm-none-eabi/lib/thumb/v7e-m/fpv4-sp/hard\libcr_semihost_nf.a(_cr_assert.o) (__flsbuf)
c:/nxp/mcuxpressoide_10.3.1_2233/ide/plugins/com.nxp.mcuxpresso.tools.win32_10.3.0.201811011841/tools/bin/../lib/gcc/arm-none-eabi/7.3.1/../../../../arm-none-eabi/lib/thumb/v7e-m/fpv4-sp/hard\libcr_c.a(_fflush.o)
                              c:/nxp/mcuxpressoide_10.3.1_2233/ide/plugins/com.nxp.mcuxpresso.tools.win32_10.3.0.201811011841/tools/bin/../lib/gcc/arm-none-eabi/7.3.1/../../../../arm-none-eabi/lib/thumb/v7e-m/fpv4-sp/hard\libcr_c.a(_deferredlazyseek.o) (_fflush)
c:/nxp/mcuxpressoide_10.3.1_2233/ide/plugins/com.nxp.mcuxpresso.tools.win32_10.3.0.201811011841/tools/bin/../lib/gcc/arm-none-eabi/7.3.1/../../../../arm-none-eabi/lib/thumb/v7e-m/fpv4-sp/hard\libcr_c.a(_writebuf.o)
                              c:/nxp/mcuxpressoide_10.3.1_2233/ide/plugins/com.nxp.mcuxpresso.tools.win32_10.3.0.201811011841/tools/bin/../lib/gcc/arm-none-eabi/7.3.1/../../../../arm-none-eabi/lib/thumb/v7e-m/fpv4-sp/hard\libcr_c.a(_deferredlazyseek.o) (_Cwritebuf)
c:/nxp/mcuxpressoide_10.3.1_2233/ide/plugins/com.nxp.mcuxpresso.tools.win32_10.3.0.201811011841/tools/bin/../lib/gcc/arm-none-eabi/7.3.1/../../../../arm-none-eabi/lib/thumb/v7e-m/fpv4-sp/hard\libcr_c.a(alloc.o)
                              ./drivers/fsl_common.o (malloc)
c:/nxp/mcuxpressoide_10.3.1_2233/ide/plugins/com.nxp.mcuxpresso.tools.win32_10.3.0.201811011841/tools/bin/../lib/gcc/arm-none-eabi/7.3.1/../../../../arm-none-eabi/lib/thumb/v7e-m/fpv4-sp/hard\libcr_c.a(asin.o)
                              ./source/MadgwickAHRS.o (asin)
c:/nxp/mcuxpressoide_10.3.1_2233/ide/plugins/com.nxp.mcuxpresso.tools.win32_10.3.0.201811011841/tools/bin/../lib/gcc/arm-none-eabi/7.3.1/../../../../arm-none-eabi/lib/thumb/v7e-m/fpv4-sp/hard\libcr_c.a(atan2.o)
                              ./source/MadgwickAHRS.o (atan2)
c:/nxp/mcuxpressoide_10.3.1_2233/ide/plugins/com.nxp.mcuxpresso.tools.win32_10.3.0.201811011841/tools/bin/../lib/gcc/arm-none-eabi/7.3.1/../../../../arm-none-eabi/lib/thumb/v7e-m/fpv4-sp/hard\libcr_c.a(errno.o)
                              c:/nxp/mcuxpressoide_10.3.1_2233/ide/plugins/com.nxp.mcuxpresso.tools.win32_10.3.0.201811011841/tools/bin/../lib/gcc/arm-none-eabi/7.3.1/../../../../arm-none-eabi/lib/thumb/v7e-m/fpv4-sp/hard\libcr_c.a(atan2.o) (errno)
[...]
Memory Configuration

Name             Origin             Length             Attributes
PROGRAM_FLASH    0x00000000         0x00100000         xr
SRAM_UPPER       0x20000000         0x00030000         xrw
SRAM_LOWER       0x1fff0000         0x00010000         xrw
FLEX_RAM         0x14000000         0x00001000         xrw
*default*        0x00000000         0xffffffff

Linker script and memory map

LOAD ./utilities/fsl_assert.o
LOAD ./utilities/fsl_debug_console.o
LOAD ./utilities/fsl_str.o
LOAD ./utilities/systick_utils.o
LOAD ./startup/startup_mk64f12.o
LOAD ./source/MadgwickAHRS.o
LOAD ./source/fxas21002_interrupt.o
LOAD ./source/semihost_hardfault.o
LOAD ./sensors/fxas21002_drv.o
LOAD ./sensors/fxos8700_drv.o
LOAD ./interfaces/register_io_i2c.o
LOAD ./interfaces/register_io_spi.o
LOAD ./interfaces/sensor_io_i2c.o
LOAD ./interfaces/sensor_io_spi.o
LOAD ./gpio_driver/gpio_driver.o
LOAD ./gpio_driver/gpio_driver_irq.o
LOAD ./drivers/fsl_clock.o
LOAD ./drivers/fsl_common.o
LOAD ./drivers/fsl_dmamux.o
LOAD ./drivers/fsl_dspi.o
LOAD ./drivers/fsl_dspi_cmsis.o
LOAD ./drivers/fsl_dspi_edma.o
LOAD ./drivers/fsl_edma.o
LOAD ./drivers/fsl_ftfx_cache.o
LOAD ./drivers/fsl_ftfx_controller.o
LOAD ./drivers/fsl_ftfx_flash.o
LOAD ./drivers/fsl_ftfx_flexnvm.o
LOAD ./drivers/fsl_gpio.o
LOAD ./drivers/fsl_i2c.o
LOAD ./drivers/fsl_i2c_cmsis.o
LOAD ./drivers/fsl_i2c_edma.o
LOAD ./drivers/fsl_pit.o
LOAD ./drivers/fsl_smc.o
LOAD ./drivers/fsl_uart.o
LOAD ./drivers/fsl_uart_cmsis.o
LOAD ./drivers/fsl_uart_edma.o
LOAD ./device/system_MK64F12.o
LOAD ./component/uart/uart_adapter.o
LOAD ./component/serial_manager/serial_manager.o
LOAD ./component/serial_manager/serial_port_uart.o
LOAD ./component/lists/generic_list.o
LOAD ./board/board.o
LOAD ./board/clock_config.o
LOAD ./board/frdm_k64f.o
LOAD ./board/pin_mux.o
START GROUP
LOAD c:/nxp/mcuxpressoide_10.3.1_2233/ide/plugins/com.nxp.mcuxpresso.tools.win32_10.3.0.201811011841/tools/bin/../lib/gcc/arm-none-eabi/7.3.1/../../../../arm-none-eabi/lib/thumb/v7e-m/fpv4-sp/hard\libcr_semihost_nf.a
LOAD c:/nxp/mcuxpressoide_10.3.1_2233/ide/plugins/com.nxp.mcuxpresso.tools.win32_10.3.0.201811011841/tools/bin/../lib/gcc/arm-none-eabi/7.3.1/../../../../arm-none-eabi/lib/thumb/v7e-m/fpv4-sp/hard\libcr_c.a
LOAD c:/nxp/mcuxpressoide_10.3.1_2233/ide/plugins/com.nxp.mcuxpresso.tools.win32_10.3.0.201811011841/tools/bin/../lib/gcc/arm-none-eabi/7.3.1/thumb/v7e-m/fpv4-sp/hard\libcr_eabihelpers.a
LOAD c:/nxp/mcuxpressoide_10.3.1_2233/ide/plugins/com.nxp.mcuxpresso.tools.win32_10.3.0.201811011841/tools/bin/../lib/gcc/arm-none-eabi/7.3.1/thumb/v7e-m/fpv4-sp/hard\libgcc.a
END GROUP
                0x00000000                __base_PROGRAM_FLASH = 0x0
                0x00000000                __base_Flash = 0x0
                0x00100000                __top_PROGRAM_FLASH = 0x100000
                0x00100000                __top_Flash = 0x100000
                0x20000000                __base_SRAM_UPPER = 0x20000000
                0x20000000                __base_RAM = 0x20000000
                0x20030000                __top_SRAM_UPPER = 0x20030000
                0x20030000                __top_RAM = 0x20030000
                0x1fff0000                __base_SRAM_LOWER = 0x1fff0000
                0x1fff0000                __base_RAM2 = 0x1fff0000
                0x20000000                __top_SRAM_LOWER = 0x20000000
                0x20000000                __top_RAM2 = 0x20000000
                0x14000000                __base_FLEX_RAM = 0x14000000
                0x14000000                __base_RAM3 = 0x14000000
                0x14001000                __top_FLEX_RAM = 0x14001000
                0x14001000                __top_RAM3 = 0x14001000

.text           0x00000000     0xcd68
 FILL mask 0xff
                0x00000000                __vectors_start__ = ABSOLUTE (.)
 *(SORT_BY_ALIGNMENT(.isr_vector))
 .isr_vector    0x00000000      0x198 ./startup/startup_mk64f12.o
                0x00000000                g_pfnVectors
                0x00000000                __Vectors
                0x00000198                . = ALIGN (0x4)
                0x00000198                __section_table_start = .
                0x00000198                __data_section_table = .
                0x00000198        0x4 LONG 0xcd68 LOADADDR (.data)
                0x0000019c        0x4 LONG 0x20000000 ADDR (.data)
                0x000001a0        0x4 LONG 0x88 SIZEOF (.data)
                0x000001a4        0x4 LONG 0xcd68 LOADADDR (.data_RAM2)
                0x000001a8        0x4 LONG 0x1fff0000 ADDR (.data_RAM2)
                0x000001ac        0x4 LONG 0x0 SIZEOF (.data_RAM2)
                0x000001b0        0x4 LONG 0xcd68 LOADADDR (.data_RAM3)
                0x000001b4        0x4 LONG 0x14000000 ADDR (.data_RAM3)
                0x000001b8        0x4 LONG 0x0 SIZEOF (.data_RAM3)
                0x000001bc                __data_section_table_end = .
                0x000001bc                __bss_section_table = .
                0x000001bc        0x4 LONG 0x20000088 ADDR (.bss)
                0x000001c0        0x4 LONG 0x6b0 SIZEOF (.bss)
                0x000001c4        0x4 LONG 0x1fff0000 ADDR (.bss_RAM2)
                0x000001c8        0x4 LONG 0x0 SIZEOF (.bss_RAM2)
                0x000001cc        0x4 LONG 0x14000000 ADDR (.bss_RAM3)
                0x000001d0        0x4 LONG 0x0 SIZEOF (.bss_RAM3)
                0x000001d4                __bss_section_table_end = .
                0x000001d4                __section_table_end = .
 *(SORT_BY_ALIGNMENT(.after_vectors*))
 .after_vectors.reset
                0x000001d4       0x4c ./startup/startup_mk64f12.o
                0x000001d4                ResetISR
 .after_vectors.init_data
                0x00000220       0x1e ./startup/startup_mk64f12.o
                0x00000220                data_init
 .after_vectors.init_bss
                0x0000023e       0x12 ./startup/startup_mk64f12.o
                0x0000023e                bss_init
 .after_vectors
                0x00000250       0x14 ./startup/startup_mk64f12.o
                0x00000250                NMI_Handler
                0x00000254                MemManage_Handler
                0x00000256                BusFault_Handler
                0x00000258                UsageFault_Handler
                0x0000025a                SVC_Handler
                0x0000025c                DebugMon_Handler
                0x0000025e                PendSV_Handler
                0x00000262                FTM2_DriverIRQHandler
                0x00000262                PIT2_DriverIRQHandler
                0x00000262                SDHC_DriverIRQHandler
                0x00000262                I2S0_Tx_DriverIRQHandler
                0x00000262                RTC_Seconds_DriverIRQHandler
                0x00000262                LLWU_DriverIRQHandler
                0x00000262                MCM_DriverIRQHandler
                0x00000262                MCG_DriverIRQHandler
                0x00000262                ENET_1588_Timer_DriverIRQHandler
                0x00000262                DAC1_DriverIRQHandler
                0x00000262                FTM1_DriverIRQHandler
                0x00000262                CMP1_DriverIRQHandler
                0x00000262                FTM0_DriverIRQHandler
                0x00000262                IntDefaultHandler
                0x00000262                USB0_DriverIRQHandler
                0x00000262                UART5_ERR_DriverIRQHandler
                0x00000262                PORTC_DriverIRQHandler
                0x00000262                DAC0_DriverIRQHandler
                0x00000262                CMP2_DriverIRQHandler
                0x00000262                UART2_ERR_DriverIRQHandler
                0x00000262                LVD_LVW_DriverIRQHandler
                0x00000262                DMA_Error_DriverIRQHandler
                0x00000262                RNG_DriverIRQHandler
                0x00000262                USBDCD_DriverIRQHandler
                0x00000262                UART3_ERR_DriverIRQHandler
                0x00000262                UART0_ERR_DriverIRQHandler
                0x00000262                CMT_DriverIRQHandler
                0x00000262                Reserved71_DriverIRQHandler
                0x00000262                ADC1_DriverIRQHandler
                0x00000262                PORTA_DriverIRQHandler
                0x00000262                PIT3_DriverIRQHandler
                0x00000262                PIT1_DriverIRQHandler
                0x00000262                WDOG_EWM_DriverIRQHandler
                0x00000262                PDB0_DriverIRQHandler
                0x00000262                RTC_DriverIRQHandler
                0x00000262                I2S0_Rx_DriverIRQHandler
                0x00000262                Read_Collision_DriverIRQHandler
                0x00000262                SWI_DriverIRQHandler
                0x00000262                UART4_ERR_DriverIRQHandler
                0x00000262                LPTMR0_DriverIRQHandler
                0x00000262                UART0_LON_DriverIRQHandler
                0x00000262                PORTB_DriverIRQHandler
                0x00000262                ENET_Receive_DriverIRQHandler
                0x00000262                ENET_Error_DriverIRQHandler
                0x00000262                ADC0_DriverIRQHandler
                0x00000262                CMP0_DriverIRQHandler
                0x00000262                CAN0_DriverIRQHandler
                0x00000262                FTM3_DriverIRQHandler
                0x00000262                PIT0_DriverIRQHandler
                0x00000262                UART1_ERR_DriverIRQHandler
                0x00000262                ENET_Transmit_DriverIRQHandler
                0x00000262                PORTD_DriverIRQHandler
                0x00000262                PORTE_DriverIRQHandler
                0x00000262                FTFE_DriverIRQHandler
                0x00000400                . = 0x400
 *fill*         0x00000264      0x19c ff
                0x00000400                PROVIDE (__FLASH_CONFIG_START__ = .)
 *(SORT_BY_ALIGNMENT(.FlashConfig))
 .FlashConfig   0x00000400       0x10 ./startup/startup_mk64f12.o
                0x00000400                Flash_Config
                0x00000410                PROVIDE (__FLASH_CONFIG_END__ = .)
                0x00000001                ASSERT (! ((__FLASH_CONFIG_START__ == __FLASH_CONFIG_END__)), Linker Flash Config Support Enabled, but no .FlashConfig section provided within application)
 *(SORT_BY_ALIGNMENT(.text*))
 .text.MadgwickAHRSupdate
                0x00000410     0x15f0 ./source/MadgwickAHRS.o
                0x00000410                MadgwickAHRSupdate
 .text.MadgwickAHRSupdateIMU
                0x00001a00      0x85c ./source/MadgwickAHRS.o
                0x00001a00                MadgwickAHRSupdateIMU
 *fill*         0x0000225c        0x4 ff
 .text.main     0x00002260      0x678 ./source/fxas21002_interrupt.o
                0x00002260                main
 .text.atan2    0x000028d8      0x128 c:/nxp/mcuxpressoide_10.3.1_2233/ide/plugins/com.nxp.mcuxpresso.tools.win32_10.3.0.201811011841/tools/bin/../lib/gcc/arm-none-eabi/7.3.1/../../../../arm-none-eabi/lib/thumb/v7e-m/fpv4-sp/hard\libcr_c.a(atan2.o)
                0x000028d8                atan2
 .text.fp_display
                0x00002a00      0x974 c:/nxp/mcuxpressoide_10.3.1_2233/ide/plugins/com.nxp.mcuxpresso.tools.win32_10.3.0.201811011841/tools/bin/../lib/gcc/arm-none-eabi/7.3.1/../../../../arm-none-eabi/lib/thumb/v7e-m/fpv4-sp/hard\libcr_c.a(fpprintf.o)
 *fill*         0x00003374        0x4 ff
 .text.sqrt     0x00003378      0x11c c:/nxp/mcuxpressoide_10.3.1_2233/ide/plugins/com.nxp.mcuxpresso.tools.win32_10.3.0.201811011841/tools/bin/../lib/gcc/arm-none-eabi/7.3.1/../../../../arm-none-eabi/lib/thumb/v7e-m/fpv4-sp/hard\libcr_c.a(sqrt.o)
                0x00003378                sqrt
 *fill*         0x00003494        0x4 ff
 .text._asinacos
                0x00003498      0x290 c:/nxp/mcuxpressoide_10.3.1_2233/ide/plugins/com.nxp.mcuxpresso.tools.win32_10.3.0.201811011841/tools/bin/../lib/gcc/arm-none-eabi/7.3.1/../../../../arm-none-eabi/lib/thumb/v7e-m/fpv4-sp/hard\libcr_c.a(_asinacos.o)
                0x00003498                _asinacos
 .text._frexpl  0x00003728       0x68 c:/nxp/mcuxpressoide_10.3.1_2233/ide/plugins/com.nxp.mcuxpresso.tools.win32_10.3.0.201811011841/tools/bin/../lib/gcc/arm-none-eabi/7.3.1/../../../../arm-none-eabi/lib/thumb/v7e-m/fpv4-sp/hard\libcr_c.a(_frexpl.o)
                0x00003728                _frexpl
 .text._ldexpl  0x00003790       0x58 c:/nxp/mcuxpressoide_10.3.1_2233/ide/plugins/com.nxp.mcuxpresso.tools.win32_10.3.0.201811011841/tools/bin/../lib/gcc/arm-none-eabi/7.3.1/../../../../arm-none-eabi/lib/thumb/v7e-m/fpv4-sp/hard\libcr_c.a(_ldexpl.o)
                0x00003790                _ldexpl
 .text.atan     0x000037e8      0x224 c:/nxp/mcuxpressoide_10.3.1_2233/ide/plugins/com.nxp.mcuxpresso.tools.win32_10.3.0.201811011841/tools/bin/../lib/gcc/arm-none-eabi/7.3.1/../../../../arm-none-eabi/lib/thumb/v7e-m/fpv4-sp/hard\libcr_c.a(atan.o)
                0x000037e8                atan
 .text.DbgConsole_Init
                0x00003a0c       0xf8 ./utilities/fsl_debug_console.o
                0x00003a0c                DbgConsole_Init
 .text.SysTick_Handler
                0x00003b04       0x1c ./utilities/systick_utils.o
                0x00003b04                SysTick_Handler
 .text.invSqrt  0x00003b20       0x78 ./source/MadgwickAHRS.o
                0x00003b20                invSqrt
 .text.__NVIC_EnableIRQ
                0x00003b98       0x3c ./source/fxas21002_interrupt.o
 .text.PIT_GetDefaultConfig
                0x00003bd4       0x28 ./source/fxas21002_interrupt.o
 .text.fxas21002_isr
                0x00003bfc       0x20 ./source/fxas21002_interrupt.o
                0x00003bfc                fxas21002_isr
 .text.PIT0_IRQHandler
                0x00003c1c       0x24 ./source/fxas21002_interrupt.o
                0x00003c1c                PIT0_IRQHandler
 .text.CalibrateMagnetometer
                0x00003c40      0x27c ./source/fxas21002_interrupt.o
 .text.I2C1_SignalEvent_t
                0x00003ebc       0x30 ./interfaces/register_io_i2c.o
                0x00003ebc                I2C1_SignalEvent_t
 .text.Register_I2C_Write
                0x00003eec      0x220 ./interfaces/register_io_i2c.o
                0x00003eec                Register_I2C_Write
 .text.Register_I2C_Read
                0x0000410c      0x150 ./interfaces/register_io_i2c.o
                0x0000410c                Register_I2C_Read
 .text.__NVIC_EnableIRQ
                0x0000425c       0x3c ./gpio_driver/gpio_driver.o
 .text.PORT_SetPinConfig
                0x00004298       0x38 ./gpio_driver/gpio_driver.o
 .text.ksdk_gpio_get_version
                0x000042d0       0x2c ./gpio_driver/gpio_driver.o
                0x000042d0                ksdk_gpio_get_version
 .text.ksdk_gpio_pin_init
                0x000042fc       0xd8 ./gpio_driver/gpio_driver.o
                0x000042fc                ksdk_gpio_pin_init
 .text.ksdk_gpio_handle_interrupt
                0x000043d4       0x84 ./gpio_driver/gpio_driver.o
                0x000043d4                ksdk_gpio_handle_interrupt
 .text.PORTA_IRQHandler
                0x00004458       0x14 ./gpio_driver/gpio_driver_irq.o
                0x00004458                PORTA_IRQHandler
 .text.PORTB_IRQHandler
                0x0000446c       0x14 ./gpio_driver/gpio_driver_irq.o
                0x0000446c                PORTB_IRQHandler
 .text.PORTC_IRQHandler
                0x00004480       0x14 ./gpio_driver/gpio_driver_irq.o
                0x00004480                PORTC_IRQHandler
 .text.PORTD_IRQHandler
                0x00004494       0x14 ./gpio_driver/gpio_driver_irq.o
                0x00004494                PORTD_IRQHandler
 .text.PORTE_IRQHandler
                0x000044a8       0x14 ./gpio_driver/gpio_driver_irq.o
                0x000044a8                PORTE_IRQHandler
 .text.CLOCK_SetEr32kClock
                0x000044bc       0x30 ./drivers/fsl_clock.o
 .text.CLOCK_SetPllFllSelClock
                0x000044ec       0x3c ./drivers/fsl_clock.o
 .text.CLOCK_GetMcgExtClkFreq
                0x00004528       0x78 ./drivers/fsl_clock.o
 .text.CLOCK_GetFllExtRefClkFreq
                0x000045a0       0xd0 ./drivers/fsl_clock.o
 .text.CLOCK_GetInternalRefClkSelectFreq
                0x00004670       0x44 ./drivers/fsl_clock.o
 .text.CLOCK_GetFllRefClkFreq
                0x000046b4       0x2c ./drivers/fsl_clock.o
 .text.CLOCK_GetOscRangeFromFreq
                0x000046e0       0x3c ./drivers/fsl_clock.o
 .text.CLOCK_GetOsc0ErClkFreq
                0x0000471c       0x38 ./drivers/fsl_clock.o
                0x0000471c                CLOCK_GetOsc0ErClkFreq
 .text.CLOCK_GetEr32kClkFreq
                0x00004754       0x70 ./drivers/fsl_clock.o
                0x00004754                CLOCK_GetEr32kClkFreq
 .text.CLOCK_GetPllFllSelClkFreq
                0x000047c4       0x54 ./drivers/fsl_clock.o
                0x000047c4                CLOCK_GetPllFllSelClkFreq
 .text.CLOCK_GetCoreSysClkFreq
                0x00004818       0x28 ./drivers/fsl_clock.o
                0x00004818                CLOCK_GetCoreSysClkFreq
 .text.CLOCK_GetFreq
                0x00004840      0x148 ./drivers/fsl_clock.o
                0x00004840                CLOCK_GetFreq
 .text.CLOCK_SetSimConfig
                0x00004988       0x38 ./drivers/fsl_clock.o
                0x00004988                CLOCK_SetSimConfig
 .text.CLOCK_GetOutClkFreq
                0x000049c0       0x64 ./drivers/fsl_clock.o
                0x000049c0                CLOCK_GetOutClkFreq
 .text.CLOCK_GetFllFreq
                0x00004a24       0x7c ./drivers/fsl_clock.o
                0x00004a24                CLOCK_GetFllFreq
 .text.CLOCK_GetInternalRefClkFreq
                0x00004aa0       0x24 ./drivers/fsl_clock.o
                0x00004aa0                CLOCK_GetInternalRefClkFreq
 .text.CLOCK_GetPll0Freq
                0x00004ac4       0x68 ./drivers/fsl_clock.o
                0x00004ac4                CLOCK_GetPll0Freq
 .text.CLOCK_SetExternalRefClkConfig
                0x00004b2c       0x6c ./drivers/fsl_clock.o
                0x00004b2c                CLOCK_SetExternalRefClkConfig
 .text.CLOCK_SetInternalRefClkConfig
                0x00004b98      0x104 ./drivers/fsl_clock.o
                0x00004b98                CLOCK_SetInternalRefClkConfig
 .text.CLOCK_EnablePll0
                0x00004c9c       0x84 ./drivers/fsl_clock.o
                0x00004c9c                CLOCK_EnablePll0
 .text.CLOCK_InitOsc0
                0x00004d20       0x8c ./drivers/fsl_clock.o
                0x00004d20                CLOCK_InitOsc0
 .text.CLOCK_SetPbeMode
                0x00004dac       0xa8 ./drivers/fsl_clock.o
                0x00004dac                CLOCK_SetPbeMode
 .text.CLOCK_BootToPeeMode
                0x00004e54       0x64 ./drivers/fsl_clock.o
                0x00004e54                CLOCK_BootToPeeMode
 .text.DSPI_CommonIRQHandler
                0x00004eb8       0x40 ./drivers/fsl_dspi.o
 .text.SPI0_DriverIRQHandler
                0x00004ef8       0x30 ./drivers/fsl_dspi.o
                0x00004ef8                SPI0_DriverIRQHandler
 .text.SPI1_DriverIRQHandler
                0x00004f28       0x30 ./drivers/fsl_dspi.o
                0x00004f28                SPI1_DriverIRQHandler
 .text.SPI2_DriverIRQHandler
                0x00004f58       0x30 ./drivers/fsl_dspi.o
                0x00004f58                SPI2_DriverIRQHandler
 .text.EDMA_HandleIRQ
                0x00004f88      0x154 ./drivers/fsl_edma.o
                0x00004f88                EDMA_HandleIRQ
 .text.DMA0_DriverIRQHandler
                0x000050dc       0x1c ./drivers/fsl_edma.o
                0x000050dc                DMA0_DriverIRQHandler
 .text.DMA1_DriverIRQHandler
                0x000050f8       0x1c ./drivers/fsl_edma.o
                0x000050f8                DMA1_DriverIRQHandler
 .text.DMA2_DriverIRQHandler
                0x00005114       0x1c ./drivers/fsl_edma.o
                0x00005114                DMA2_DriverIRQHandler
 .text.DMA3_DriverIRQHandler
                0x00005130       0x1c ./drivers/fsl_edma.o
                0x00005130                DMA3_DriverIRQHandler
 .text.DMA4_DriverIRQHandler
                0x0000514c       0x1c ./drivers/fsl_edma.o
                0x0000514c                DMA4_DriverIRQHandler
 .text.DMA5_DriverIRQHandler
                0x00005168       0x1c ./drivers/fsl_edma.o
                0x00005168                DMA5_DriverIRQHandler
 .text.DMA6_DriverIRQHandler
                0x00005184       0x1c ./drivers/fsl_edma.o
                0x00005184                DMA6_DriverIRQHandler
 .text.DMA7_DriverIRQHandler
                0x000051a0       0x1c ./drivers/fsl_edma.o
                0x000051a0                DMA7_DriverIRQHandler
 .text.DMA8_DriverIRQHandler
                0x000051bc       0x1c ./drivers/fsl_edma.o
                0x000051bc                DMA8_DriverIRQHandler
 .text.DMA9_DriverIRQHandler
                0x000051d8       0x1c ./drivers/fsl_edma.o
                0x000051d8                DMA9_DriverIRQHandler
 .text.DMA10_DriverIRQHandler
                0x000051f4       0x1c ./drivers/fsl_edma.o
                0x000051f4                DMA10_DriverIRQHandler
 .text.DMA11_DriverIRQHandler
                0x00005210       0x1c ./drivers/fsl_edma.o
                0x00005210                DMA11_DriverIRQHandler
 .text.DMA12_DriverIRQHandler
                0x0000522c       0x1c ./drivers/fsl_edma.o
                0x0000522c                DMA12_DriverIRQHandler
 .text.DMA13_DriverIRQHandler
                0x00005248       0x1c ./drivers/fsl_edma.o
                0x00005248                DMA13_DriverIRQHandler
 .text.DMA14_DriverIRQHandler
                0x00005264       0x1c ./drivers/fsl_edma.o
                0x00005264                DMA14_DriverIRQHandler
 .text.DMA15_DriverIRQHandler
                0x00005280       0x1c ./drivers/fsl_edma.o
                0x00005280                DMA15_DriverIRQHandler
 .text.GPIO_GetInstance
                0x0000529c       0x4c ./drivers/fsl_gpio.o
 .text.GPIO_PinInit
                0x000052e8       0x64 ./drivers/fsl_gpio.o
                0x000052e8                GPIO_PinInit
 .text.GPIO_PortGetInterruptFlags
                0x0000534c       0x30 ./drivers/fsl_gpio.o
                0x0000534c                GPIO_PortGetInterruptFlags
 .text.GPIO_PortClearInterruptFlags
                0x0000537c       0x34 ./drivers/fsl_gpio.o
                0x0000537c                GPIO_PortClearInterruptFlags
 .text.__NVIC_EnableIRQ
                0x000053b0       0x3c ./drivers/fsl_i2c.o
 .text.I2C_GetInstance
                0x000053ec       0x4c ./drivers/fsl_i2c.o
                0x000053ec                I2C_GetInstance
 .text.I2C_MasterTransferRunStateMachine
                0x00005438      0x254 ./drivers/fsl_i2c.o
 .text.I2C_TransferCommonIRQHandler
                0x0000568c       0x50 ./drivers/fsl_i2c.o
 .text.I2C_MasterDeinit
                0x000056dc       0x30 ./drivers/fsl_i2c.o
                0x000056dc                I2C_MasterDeinit
 .text.I2C_MasterSetBaudRate
                0x0000570c       0xe0 ./drivers/fsl_i2c.o
                0x0000570c                I2C_MasterSetBaudRate
 .text.I2C_MasterTransferCreateHandle
                0x000057ec       0x74 ./drivers/fsl_i2c.o
                0x000057ec                I2C_MasterTransferCreateHandle
 .text.I2C_MasterTransferNonBlocking
                0x00005860       0x64 ./drivers/fsl_i2c.o
                0x00005860                I2C_MasterTransferNonBlocking
 .text.I2C_MasterTransferAbort
                0x000058c4       0xc4 ./drivers/fsl_i2c.o
                0x000058c4                I2C_MasterTransferAbort
 .text.I2C_MasterTransferHandleIRQ
                0x00005988       0xb4 ./drivers/fsl_i2c.o
                0x00005988                I2C_MasterTransferHandleIRQ
 .text.I2C_SlaveTransferCreateHandle
                0x00005a3c       0x74 ./drivers/fsl_i2c.o
                0x00005a3c                I2C_SlaveTransferCreateHandle
 .text.I2C_SlaveTransferNonBlocking
                0x00005ab0       0x70 ./drivers/fsl_i2c.o
                0x00005ab0                I2C_SlaveTransferNonBlocking
 .text.I2C_SlaveTransferAbort
                0x00005b20       0x48 ./drivers/fsl_i2c.o
                0x00005b20                I2C_SlaveTransferAbort
 .text.I2C_SlaveTransferHandleIRQ
                0x00005b68      0x300 ./drivers/fsl_i2c.o
                0x00005b68                I2C_SlaveTransferHandleIRQ
 .text.I2C0_DriverIRQHandler
                0x00005e68       0x1c ./drivers/fsl_i2c.o
                0x00005e68                I2C0_DriverIRQHandler
 .text.I2C1_DriverIRQHandler
                0x00005e84       0x1c ./drivers/fsl_i2c.o
                0x00005e84                I2C1_DriverIRQHandler
 .text.I2C2_DriverIRQHandler
                0x00005ea0       0x1c ./drivers/fsl_i2c.o
                0x00005ea0                I2C2_DriverIRQHandler
 .text.I2Cx_GetVersion
                0x00005ebc       0x2c ./drivers/fsl_i2c_cmsis.o
 .text.I2C_Master_InterruptTransmit
                0x00005ee8       0xd4 ./drivers/fsl_i2c_cmsis.o
                0x00005ee8                I2C_Master_InterruptTransmit
 .text.I2C_Master_InterruptReceive
                0x00005fbc       0xd4 ./drivers/fsl_i2c_cmsis.o
                0x00005fbc                I2C_Master_InterruptReceive
 .text.I2C_Slave_InterruptTransmit
                0x00006090       0x84 ./drivers/fsl_i2c_cmsis.o
                0x00006090                I2C_Slave_InterruptTransmit
 .text.I2C_Slave_InterruptReceive
                0x00006114       0x8c ./drivers/fsl_i2c_cmsis.o
                0x00006114                I2C_Slave_InterruptReceive
 .text.I2C_InterruptControl
                0x000061a0      0x13c ./drivers/fsl_i2c_cmsis.o
                0x000061a0                I2C_InterruptControl
 .text.I2C_InterruptPowerControl
                0x000062dc       0xb4 ./drivers/fsl_i2c_cmsis.o
 .text.I2C1_InterruptInitialize
                0x00006390       0x24 ./drivers/fsl_i2c_cmsis.o
 .text.I2C1_InterruptUninitialize
                0x000063b4       0x18 ./drivers/fsl_i2c_cmsis.o
 .text.I2C1_InterruptPowerControl
                0x000063cc       0x24 ./drivers/fsl_i2c_cmsis.o
 .text.I2C1_Master_InterruptTransmit
                0x000063f0       0x30 ./drivers/fsl_i2c_cmsis.o
                0x000063f0                I2C1_Master_InterruptTransmit
 .text.I2C1_Master_InterruptReceive
                0x00006420       0x30 ./drivers/fsl_i2c_cmsis.o
                0x00006420                I2C1_Master_InterruptReceive
 .text.I2C1_Slave_InterruptTransmit
                0x00006450       0x24 ./drivers/fsl_i2c_cmsis.o
                0x00006450                I2C1_Slave_InterruptTransmit
 .text.I2C1_Slave_InterruptReceive
                0x00006474       0x24 ./drivers/fsl_i2c_cmsis.o
                0x00006474                I2C1_Slave_InterruptReceive
 .text.I2C1_InterruptGetDataCount
                0x00006498       0x14 ./drivers/fsl_i2c_cmsis.o
                0x00006498                I2C1_InterruptGetDataCount
 .text.I2C1_InterruptControl
                0x000064ac       0x24 ./drivers/fsl_i2c_cmsis.o
                0x000064ac                I2C1_InterruptControl
 .text.I2C1_InterruptGetStatus
                0x000064d0       0x14 ./drivers/fsl_i2c_cmsis.o
                0x000064d0                I2C1_InterruptGetStatus
 .text.PIT_GetInstance
                0x000064e4       0x44 ./drivers/fsl_pit.o
 .text.PIT_Init
                0x00006528       0x94 ./drivers/fsl_pit.o
                0x00006528                PIT_Init
 .text.UART_GetInstance
                0x000065bc       0x54 ./drivers/fsl_uart.o
                0x000065bc                UART_GetInstance
 .text.UART_Init
                0x00006610      0x2f4 ./drivers/fsl_uart.o
                0x00006610                UART_Init
 .text.UART_GetDefaultConfig
                0x00006904       0x68 ./drivers/fsl_uart.o
                0x00006904                UART_GetDefaultConfig
 .text.UART0_DriverIRQHandler
                0x0000696c       0x28 ./drivers/fsl_uart.o
                0x0000696c                UART0_DriverIRQHandler
 .text.UART1_DriverIRQHandler
                0x00006994       0x28 ./drivers/fsl_uart.o
                0x00006994                UART1_DriverIRQHandler
 .text.UART2_DriverIRQHandler
                0x000069bc       0x28 ./drivers/fsl_uart.o
                0x000069bc                UART2_DriverIRQHandler
 .text.UART3_DriverIRQHandler
                0x000069e4       0x28 ./drivers/fsl_uart.o
                0x000069e4                UART3_DriverIRQHandler
 .text.UART4_DriverIRQHandler
                0x00006a0c       0x28 ./drivers/fsl_uart.o
                0x00006a0c                UART4_DriverIRQHandler
 .text.UART5_DriverIRQHandler
                0x00006a34       0x28 ./drivers/fsl_uart.o
                0x00006a34                UART5_DriverIRQHandler
 .text.SystemInit
                0x00006a5c       0x3c ./device/system_MK64F12.o
                0x00006a5c                SystemInit
 .text.HAL_UartInit
                0x00006a98      0x108 ./component/uart/uart_adapter.o
                0x00006a98                HAL_UartInit
 .text.SerialManager_Init
                0x00006ba0       0x74 ./component/serial_manager/serial_manager.o
                0x00006ba0                SerialManager_Init
 .text.SerialManager_OpenWriteHandle
                0x00006c14       0x58 ./component/serial_manager/serial_manager.o
                0x00006c14                SerialManager_OpenWriteHandle
 .text.SerialManager_OpenReadHandle
                0x00006c6c       0x60 ./component/serial_manager/serial_manager.o
                0x00006c6c                SerialManager_OpenReadHandle
 .text.Serial_UartInit
                0x00006ccc       0x80 ./component/serial_manager/serial_port_uart.o
                0x00006ccc                Serial_UartInit
 .text.CLOCK_SetSimSafeDivs
                0x00006d4c       0x20 ./board/clock_config.o
 .text.CLOCK_SetXtal0Freq
                0x00006d6c       0x20 ./board/clock_config.o
 .text.CLOCK_CONFIG_SetFllExtRefDiv
                0x00006d8c       0x3c ./board/clock_config.o
 .text.BOARD_BootClockRUN
                0x00006dc8       0x60 ./board/clock_config.o
                0x00006dc8                BOARD_BootClockRUN
 .text.PORT_SetPinConfig
                0x00006e28       0x38 ./board/pin_mux.o
 .text.BOARD_InitPins
                0x00006e60       0x48 ./board/pin_mux.o
                0x00006e60                BOARD_InitPins
 .text.I2C1_InitPins
                0x00006ea8       0x70 ./board/pin_mux.o
                0x00006ea8                I2C1_InitPins
 .text.I2C1_DeinitPins
                0x00006f18       0x20 ./board/pin_mux.o
                0x00006f18                I2C1_DeinitPins
 .text.__assertion_failed
                0x00006f38       0x4c c:/nxp/mcuxpressoide_10.3.1_2233/ide/plugins/com.nxp.mcuxpresso.tools.win32_10.3.0.201811011841/tools/bin/../lib/gcc/arm-none-eabi/7.3.1/../../../../arm-none-eabi/lib/thumb/v7e-m/fpv4-sp/hard\libcr_semihost_nf.a(_cr_assert.o)
                0x00006f38                __assertion_failed
 .text.__sys_appexit
                0x00006f84        0xc c:/nxp/mcuxpressoide_10.3.1_2233/ide/plugins/com.nxp.mcuxpresso.tools.win32_10.3.0.201811011841/tools/bin/../lib/gcc/arm-none-eabi/7.3.1/../../../../arm-none-eabi/lib/thumb/v7e-m/fpv4-sp/hard\libcr_semihost_nf.a(__sys_appexit.o)
                0x00006f84                __sys_appexit
                0x00006f84                __exit
 .text._Cwritebuf
                0x00006f90       0x6c c:/nxp/mcuxpressoide_10.3.1_2233/ide/plugins/com.nxp.mcuxpresso.tools.win32_10.3.0.201811011841/tools/bin/../lib/gcc/arm-none-eabi/7.3.1/../../../../arm-none-eabi/lib/thumb/v7e-m/fpv4-sp/hard\libcr_c.a(_writebuf.o)
                0x00006f90                _Cwritebuf
 .text.malloc   0x00006ffc       0xc8 c:/nxp/mcuxpressoide_10.3.1_2233/ide/plugins/com.nxp.mcuxpresso.tools.win32_10.3.0.201811011841/tools/bin/../lib/gcc/arm-none-eabi/7.3.1/../../../../arm-none-eabi/lib/thumb/v7e-m/fpv4-sp/hard\libcr_c.a(alloc.o)
                0x00006ffc                malloc
 .text._Csys_alloc
                0x000070c4       0x20 c:/nxp/mcuxpressoide_10.3.1_2233/ide/plugins/com.nxp.mcuxpresso.tools.win32_10.3.0.201811011841/tools/bin/../lib/gcc/arm-none-eabi/7.3.1/../../../../arm-none-eabi/lib/thumb/v7e-m/fpv4-sp/hard\libcr_c.a(alloc.o)
                0x000070c4                _Csys_alloc
 .text.sprintf  0x000070e4       0x6c c:/nxp/mcuxpressoide_10.3.1_2233/ide/plugins/com.nxp.mcuxpresso.tools.win32_10.3.0.201811011841/tools/bin/../lib/gcc/arm-none-eabi/7.3.1/../../../../arm-none-eabi/lib/thumb/v7e-m/fpv4-sp/hard\libcr_c.a(fpprintf.o)
                0x000070e4                sprintf
 .text.vsnprintf
                0x00007150       0x68 c:/nxp/mcuxpressoide_10.3.1_2233/ide/plugins/com.nxp.mcuxpresso.tools.win32_10.3.0.201811011841/tools/bin/../lib/gcc/arm-none-eabi/7.3.1/../../../../arm-none-eabi/lib/thumb/v7e-m/fpv4-sp/hard\libcr_c.a(fpprintf.o)
                0x00007150                vsnprintf
 .text.printf   0x000071b8       0x54 c:/nxp/mcuxpressoide_10.3.1_2233/ide/plugins/com.nxp.mcuxpresso.tools.win32_10.3.0.201811011841/tools/bin/../lib/gcc/arm-none-eabi/7.3.1/../../../../arm-none-eabi/lib/thumb/v7e-m/fpv4-sp/hard\libcr_c.a(fpprintf.o)
                0x000071b8                printf
 .text.fseek    0x0000720c      0x100 c:/nxp/mcuxpressoide_10.3.1_2233/ide/plugins/com.nxp.mcuxpresso.tools.win32_10.3.0.201811011841/tools/bin/../lib/gcc/arm-none-eabi/7.3.1/../../../../arm-none-eabi/lib/thumb/v7e-m/fpv4-sp/hard\libcr_c.a(fseek.o)
                0x0000720c                fseek
 .text.ftell    0x0000730c       0x44 c:/nxp/mcuxpressoide_10.3.1_2233/ide/plugins/com.nxp.mcuxpresso.tools.win32_10.3.0.201811011841/tools/bin/../lib/gcc/arm-none-eabi/7.3.1/../../../../arm-none-eabi/lib/thumb/v7e-m/fpv4-sp/hard\libcr_c.a(ftell.o)
                0x0000730c                ftell
 .text._initio  0x00007350       0x78 c:/nxp/mcuxpressoide_10.3.1_2233/ide/plugins/com.nxp.mcuxpresso.tools.win32_10.3.0.201811011841/tools/bin/../lib/gcc/arm-none-eabi/7.3.1/../../../../arm-none-eabi/lib/thumb/v7e-m/fpv4-sp/hard\libcr_c.a(initio.o)
                0x00007350                _initio
 .text.__vfprintf
                0x000073c8      0xb8c c:/nxp/mcuxpressoide_10.3.1_2233/ide/plugins/com.nxp.mcuxpresso.tools.win32_10.3.0.201811011841/tools/bin/../lib/gcc/arm-none-eabi/7.3.1/../../../../arm-none-eabi/lib/thumb/v7e-m/fpv4-sp/hard\libcr_c.a(printf.o)
                0x000073c8                __vfprintf
 .text.setvbuf  0x00007f54       0x40 c:/nxp/mcuxpressoide_10.3.1_2233/ide/plugins/com.nxp.mcuxpresso.tools.win32_10.3.0.201811011841/tools/bin/../lib/gcc/arm-none-eabi/7.3.1/../../../../arm-none-eabi/lib/thumb/v7e-m/fpv4-sp/hard\libcr_c.a(setvbuf.o)
                0x00007f54                setvbuf
 .text._sbrk    0x00007f94       0x3c c:/nxp/mcuxpressoide_10.3.1_2233/ide/plugins/com.nxp.mcuxpresso.tools.win32_10.3.0.201811011841/tools/bin/../lib/gcc/arm-none-eabi/7.3.1/../../../../arm-none-eabi/lib/thumb/v7e-m/fpv4-sp/hard\libcr_c.a(_cr_sbrk.o)
                0x00007f94                _sbrk
 .text.fflush   0x00007fd0       0x44 c:/nxp/mcuxpressoide_10.3.1_2233/ide/plugins/com.nxp.mcuxpresso.tools.win32_10.3.0.201811011841/tools/bin/../lib/gcc/arm-none-eabi/7.3.1/../../../../arm-none-eabi/lib/thumb/v7e-m/fpv4-sp/hard\libcr_c.a(fflush.o)
                0x00007fd0                fflush
 .text.__check_heap_overflow
                0x00008014       0x18 c:/nxp/mcuxpressoide_10.3.1_2233/ide/plugins/com.nxp.mcuxpresso.tools.win32_10.3.0.201811011841/tools/bin/../lib/gcc/arm-none-eabi/7.3.1/../../../../arm-none-eabi/lib/thumb/v7e-m/fpv4-sp/hard\libcr_c.a(_cr_check_heap.o)
                0x00008014                __check_heap_overflow
 .text.__aeabi_dmul
                0x0000802c      0x11c c:/nxp/mcuxpressoide_10.3.1_2233/ide/plugins/com.nxp.mcuxpresso.tools.win32_10.3.0.201811011841/tools/bin/../lib/gcc/arm-none-eabi/7.3.1/thumb/v7e-m/fpv4-sp/hard\libcr_eabihelpers.a(double.o)
                0x0000802c                __aeabi_dmul
 .text.__aeabi_ddiv
                0x00008148      0x138 c:/nxp/mcuxpressoide_10.3.1_2233/ide/plugins/com.nxp.mcuxpresso.tools.win32_10.3.0.201811011841/tools/bin/../lib/gcc/arm-none-eabi/7.3.1/thumb/v7e-m/fpv4-sp/hard\libcr_eabihelpers.a(double.o)
                0x00008148                __aeabi_ddiv
 .text.__aeabi_dsub
                0x00008280      0x1b4 c:/nxp/mcuxpressoide_10.3.1_2233/ide/plugins/com.nxp.mcuxpresso.tools.win32_10.3.0.201811011841/tools/bin/../lib/gcc/arm-none-eabi/7.3.1/thumb/v7e-m/fpv4-sp/hard\libcr_eabihelpers.a(double.o)
                0x00008280                __aeabi_dsub
 .text.__aeabi_dadd
                0x00008434      0x10c c:/nxp/mcuxpressoide_10.3.1_2233/ide/plugins/com.nxp.mcuxpresso.tools.win32_10.3.0.201811011841/tools/bin/../lib/gcc/arm-none-eabi/7.3.1/thumb/v7e-m/fpv4-sp/hard\libcr_eabihelpers.a(double.o)
                0x00008434                __aeabi_dadd
 .text.__aeabi_d2f
                0x00008540       0x54 c:/nxp/mcuxpressoide_10.3.1_2233/ide/plugins/com.nxp.mcuxpresso.tools.win32_10.3.0.201811011841/tools/bin/../lib/gcc/arm-none-eabi/7.3.1/thumb/v7e-m/fpv4-sp/hard\libcr_eabihelpers.a(double.o)
                0x00008540                __aeabi_d2f
 .text.__aeabi_f2d
                0x00008594       0x38 c:/nxp/mcuxpressoide_10.3.1_2233/ide/plugins/com.nxp.mcuxpresso.tools.win32_10.3.0.201811011841/tools/bin/../lib/gcc/arm-none-eabi/7.3.1/thumb/v7e-m/fpv4-sp/hard\libcr_eabihelpers.a(float.o)
                0x00008594                __aeabi_f2d
 .text.DMA0_IRQHandler
                0x000085cc        0x8 ./startup/startup_mk64f12.o
                0x000085cc                DMA0_IRQHandler
 .text.DMA1_IRQHandler
                0x000085d4        0x8 ./startup/startup_mk64f12.o
                0x000085d4                DMA1_IRQHandler
 .text.DMA2_IRQHandler
                0x000085dc        0x8 ./startup/startup_mk64f12.o
                0x000085dc                DMA2_IRQHandler
 .text.DMA3_IRQHandler
                0x000085e4        0x8 ./startup/startup_mk64f12.o
                0x000085e4                DMA3_IRQHandler
 .text.DMA4_IRQHandler
                0x000085ec        0x8 ./startup/startup_mk64f12.o
                0x000085ec                DMA4_IRQHandler
 .text.DMA5_IRQHandler
                0x000085f4        0x8 ./startup/startup_mk64f12.o
                0x000085f4                DMA5_IRQHandler
 .text.DMA6_IRQHandler
                0x000085fc        0x8 ./startup/startup_mk64f12.o
                0x000085fc                DMA6_IRQHandler
 .text.DMA7_IRQHandler
                0x00008604        0x8 ./startup/startup_mk64f12.o
                0x00008604                DMA7_IRQHandler
 .text.DMA8_IRQHandler
                0x0000860c        0x8 ./startup/startup_mk64f12.o
                0x0000860c                DMA8_IRQHandler
 .text.DMA9_IRQHandler
                0x00008614        0x8 ./startup/startup_mk64f12.o
                0x00008614                DMA9_IRQHandler
 .text.DMA10_IRQHandler
                0x0000861c        0x8 ./startup/startup_mk64f12.o
                0x0000861c                DMA10_IRQHandler
 .text.DMA11_IRQHandler
                0x00008624        0x8 ./startup/startup_mk64f12.o
                0x00008624                DMA11_IRQHandler
 .text.DMA12_IRQHandler
                0x0000862c        0x8 ./startup/startup_mk64f12.o
                0x0000862c                DMA12_IRQHandler
 .text.DMA13_IRQHandler
                0x00008634        0x8 ./startup/startup_mk64f12.o
                0x00008634                DMA13_IRQHandler
 .text.DMA14_IRQHandler
                0x0000863c        0x8 ./startup/startup_mk64f12.o
                0x0000863c                DMA14_IRQHandler
 .text.DMA15_IRQHandler
                0x00008644        0x8 ./startup/startup_mk64f12.o
                0x00008644                DMA15_IRQHandler
 .text.DMA_Error_IRQHandler
                0x0000864c        0x8 ./startup/startup_mk64f12.o
                0x0000864c                DMA_Error_IRQHandler
 .text.MCM_IRQHandler
                0x00008654        0x8 ./startup/startup_mk64f12.o
                0x00008654                MCM_IRQHandler
 .text.FTFE_IRQHandler
                0x0000865c        0x8 ./startup/startup_mk64f12.o
                0x0000865c                FTFE_IRQHandler
 .text.Read_Collision_IRQHandler
                0x00008664        0x8 ./startup/startup_mk64f12.o
                0x00008664                Read_Collision_IRQHandler
 .text.LVD_LVW_IRQHandler
                0x0000866c        0x8 ./startup/startup_mk64f12.o
                0x0000866c                LVD_LVW_IRQHandler
 .text.LLWU_IRQHandler
                0x00008674        0x8 ./startup/startup_mk64f12.o
                0x00008674                LLWU_IRQHandler
 .text.WDOG_EWM_IRQHandler
                0x0000867c        0x8 ./startup/startup_mk64f12.o
                0x0000867c                WDOG_EWM_IRQHandler
 .text.RNG_IRQHandler
                0x00008684        0x8 ./startup/startup_mk64f12.o
                0x00008684                RNG_IRQHandler
 .text.I2C0_IRQHandler
                0x0000868c        0x8 ./startup/startup_mk64f12.o
                0x0000868c                I2C0_IRQHandler
 .text.I2C1_IRQHandler
                0x00008694        0x8 ./startup/startup_mk64f12.o
                0x00008694                I2C1_IRQHandler
 .text.SPI0_IRQHandler
                0x0000869c        0x8 ./startup/startup_mk64f12.o
                0x0000869c                SPI0_IRQHandler
 .text.SPI1_IRQHandler
                0x000086a4        0x8 ./startup/startup_mk64f12.o
                0x000086a4                SPI1_IRQHandler
 .text.I2S0_Tx_IRQHandler
                0x000086ac        0x8 ./startup/startup_mk64f12.o
                0x000086ac                I2S0_Tx_IRQHandler
 .text.I2S0_Rx_IRQHandler
                0x000086b4        0x8 ./startup/startup_mk64f12.o
                0x000086b4                I2S0_Rx_IRQHandler
 .text.UART0_LON_IRQHandler
                0x000086bc        0x8 ./startup/startup_mk64f12.o
                0x000086bc                UART0_LON_IRQHandler
 .text.UART0_RX_TX_IRQHandler
                0x000086c4        0x8 ./startup/startup_mk64f12.o
                0x000086c4                UART0_RX_TX_IRQHandler
 .text.UART0_ERR_IRQHandler
                0x000086cc        0x8 ./startup/startup_mk64f12.o
                0x000086cc                UART0_ERR_IRQHandler
 .text.UART1_RX_TX_IRQHandler
                0x000086d4        0x8 ./startup/startup_mk64f12.o
                0x000086d4                UART1_RX_TX_IRQHandler
 .text.UART1_ERR_IRQHandler
                0x000086dc        0x8 ./startup/startup_mk64f12.o
                0x000086dc                UART1_ERR_IRQHandler
 .text.UART2_RX_TX_IRQHandler
                0x000086e4        0x8 ./startup/startup_mk64f12.o
                0x000086e4                UART2_RX_TX_IRQHandler
 .text.UART2_ERR_IRQHandler
                0x000086ec        0x8 ./startup/startup_mk64f12.o
                0x000086ec                UART2_ERR_IRQHandler
 .text.UART3_RX_TX_IRQHandler
                0x000086f4        0x8 ./startup/startup_mk64f12.o
                0x000086f4                UART3_RX_TX_IRQHandler
 .text.UART3_ERR_IRQHandler
                0x000086fc        0x8 ./startup/startup_mk64f12.o
                0x000086fc                UART3_ERR_IRQHandler
 .text.ADC0_IRQHandler
                0x00008704        0x8 ./startup/startup_mk64f12.o
                0x00008704                ADC0_IRQHandler
 .text.CMP0_IRQHandler
                0x0000870c        0x8 ./startup/startup_mk64f12.o
                0x0000870c                CMP0_IRQHandler
 .text.CMP1_IRQHandler
                0x00008714        0x8 ./startup/startup_mk64f12.o
                0x00008714                CMP1_IRQHandler
 .text.FTM0_IRQHandler
                0x0000871c        0x8 ./startup/startup_mk64f12.o
                0x0000871c                FTM0_IRQHandler
 .text.FTM1_IRQHandler
                0x00008724        0x8 ./startup/startup_mk64f12.o
                0x00008724                FTM1_IRQHandler
 .text.FTM2_IRQHandler
                0x0000872c        0x8 ./startup/startup_mk64f12.o
                0x0000872c                FTM2_IRQHandler
 .text.CMT_IRQHandler
                0x00008734        0x8 ./startup/startup_mk64f12.o
                0x00008734                CMT_IRQHandler
 .text.RTC_IRQHandler
                0x0000873c        0x8 ./startup/startup_mk64f12.o
                0x0000873c                RTC_IRQHandler
 .text.RTC_Seconds_IRQHandler
                0x00008744        0x8 ./startup/startup_mk64f12.o
                0x00008744                RTC_Seconds_IRQHandler
 .text.PIT1_IRQHandler
                0x0000874c        0x8 ./startup/startup_mk64f12.o
                0x0000874c                PIT1_IRQHandler
 .text.PIT2_IRQHandler
                0x00008754        0x8 ./startup/startup_mk64f12.o
                0x00008754                PIT2_IRQHandler
 .text.PIT3_IRQHandler
                0x0000875c        0x8 ./startup/startup_mk64f12.o
                0x0000875c                PIT3_IRQHandler
 .text.PDB0_IRQHandler
                0x00008764        0x8 ./startup/startup_mk64f12.o
                0x00008764                PDB0_IRQHandler
 .text.USB0_IRQHandler
                0x0000876c        0x8 ./startup/startup_mk64f12.o
                0x0000876c                USB0_IRQHandler
 .text.USBDCD_IRQHandler
                0x00008774        0x8 ./startup/startup_mk64f12.o
                0x00008774                USBDCD_IRQHandler
 .text.Reserved71_IRQHandler
                0x0000877c        0x8 ./startup/startup_mk64f12.o
                0x0000877c                Reserved71_IRQHandler
 .text.DAC0_IRQHandler
                0x00008784        0x8 ./startup/startup_mk64f12.o
                0x00008784                DAC0_IRQHandler
 .text.MCG_IRQHandler
                0x0000878c        0x8 ./startup/startup_mk64f12.o
                0x0000878c                MCG_IRQHandler
 .text.LPTMR0_IRQHandler
                0x00008794        0x8 ./startup/startup_mk64f12.o
                0x00008794                LPTMR0_IRQHandler
 .text.SWI_IRQHandler
                0x0000879c        0x8 ./startup/startup_mk64f12.o
                0x0000879c                SWI_IRQHandler
 .text.SPI2_IRQHandler
                0x000087a4        0x8 ./startup/startup_mk64f12.o
                0x000087a4                SPI2_IRQHandler
 .text.UART4_RX_TX_IRQHandler
                0x000087ac        0x8 ./startup/startup_mk64f12.o
                0x000087ac                UART4_RX_TX_IRQHandler
 .text.UART4_ERR_IRQHandler
                0x000087b4        0x8 ./startup/startup_mk64f12.o
                0x000087b4                UART4_ERR_IRQHandler
 .text.UART5_RX_TX_IRQHandler
                0x000087bc        0x8 ./startup/startup_mk64f12.o
                0x000087bc                UART5_RX_TX_IRQHandler
 .text.UART5_ERR_IRQHandler
                0x000087c4        0x8 ./startup/startup_mk64f12.o
                0x000087c4                UART5_ERR_IRQHandler
 .text.CMP2_IRQHandler
                0x000087cc        0x8 ./startup/startup_mk64f12.o
                0x000087cc                CMP2_IRQHandler
 .text.FTM3_IRQHandler
                0x000087d4        0x8 ./startup/startup_mk64f12.o
                0x000087d4                FTM3_IRQHandler
 .text.DAC1_IRQHandler
                0x000087dc        0x8 ./startup/startup_mk64f12.o
                0x000087dc                DAC1_IRQHandler
 .text.ADC1_IRQHandler
                0x000087e4        0x8 ./startup/startup_mk64f12.o
                0x000087e4                ADC1_IRQHandler
 .text.I2C2_IRQHandler
                0x000087ec        0x8 ./startup/startup_mk64f12.o
                0x000087ec                I2C2_IRQHandler
 .text.CAN0_ORed_Message_buffer_IRQHandler
                0x000087f4        0x8 ./startup/startup_mk64f12.o
                0x000087f4                CAN0_ORed_Message_buffer_IRQHandler
 .text.CAN0_Bus_Off_IRQHandler
                0x000087fc        0x8 ./startup/startup_mk64f12.o
                0x000087fc                CAN0_Bus_Off_IRQHandler
 .text.CAN0_Error_IRQHandler
                0x00008804        0x8 ./startup/startup_mk64f12.o
                0x00008804                CAN0_Error_IRQHandler
 .text.CAN0_Tx_Warning_IRQHandler
                0x0000880c        0x8 ./startup/startup_mk64f12.o
                0x0000880c                CAN0_Tx_Warning_IRQHandler
 .text.CAN0_Rx_Warning_IRQHandler
                0x00008814        0x8 ./startup/startup_mk64f12.o
                0x00008814                CAN0_Rx_Warning_IRQHandler
 .text.CAN0_Wake_Up_IRQHandler
                0x0000881c        0x8 ./startup/startup_mk64f12.o
                0x0000881c                CAN0_Wake_Up_IRQHandler
 .text.SDHC_IRQHandler
                0x00008824        0x8 ./startup/startup_mk64f12.o
                0x00008824                SDHC_IRQHandler
 .text.ENET_1588_Timer_IRQHandler
                0x0000882c        0x8 ./startup/startup_mk64f12.o
                0x0000882c                ENET_1588_Timer_IRQHandler
 .text.ENET_Transmit_IRQHandler
                0x00008834        0x8 ./startup/startup_mk64f12.o
                0x00008834                ENET_Transmit_IRQHandler
 .text.ENET_Receive_IRQHandler
                0x0000883c        0x8 ./startup/startup_mk64f12.o
                0x0000883c                ENET_Receive_IRQHandler
 .text.ENET_Error_IRQHandler
                0x00008844        0x8 ./startup/startup_mk64f12.o
                0x00008844                ENET_Error_IRQHandler
 .text.EnableIRQ
                0x0000884c       0x2c ./source/fxas21002_interrupt.o
 .text.PIT_EnableInterrupts
                0x00008878       0x3a ./source/fxas21002_interrupt.o
 .text.PIT_ClearStatusFlags
                0x000088b2       0x2a ./source/fxas21002_interrupt.o
 .text.PIT_SetTimerPeriod
                0x000088dc       0x28 ./source/fxas21002_interrupt.o
 .text.PIT_StartTimer
                0x00008904       0x38 ./source/fxas21002_interrupt.o
 .text.HardFault_Handler
                0x0000893c       0x2c ./source/semihost_hardfault.o
                0x0000893c                HardFault_Handler
 .text.FXAS21002_I2C_Initialize
                0x00008968       0x86 ./sensors/fxas21002_drv.o
                0x00008968                FXAS21002_I2C_Initialize
 .text.FXAS21002_I2C_SetIdleTask
                0x000089ee       0x24 ./sensors/fxas21002_drv.o
                0x000089ee                FXAS21002_I2C_SetIdleTask
 .text.FXAS21002_I2C_Configure
                0x00008a12       0xa2 ./sensors/fxas21002_drv.o
                0x00008a12                FXAS21002_I2C_Configure
 .text.FXAS21002_I2C_ReadData
                0x00008ab4       0x5e ./sensors/fxas21002_drv.o
                0x00008ab4                FXAS21002_I2C_ReadData
 .text.FXOS8700_I2C_Initialize
                0x00008b12       0x86 ./sensors/fxos8700_drv.o
                0x00008b12                FXOS8700_I2C_Initialize
 .text.FXOS8700_I2C_SetIdleTask
                0x00008b98       0x24 ./sensors/fxos8700_drv.o
                0x00008b98                FXOS8700_I2C_SetIdleTask
 .text.FXOS8700_I2C_Configure
                0x00008bbc       0xa2 ./sensors/fxos8700_drv.o
                0x00008bbc                FXOS8700_I2C_Configure
 .text.FXOS8700_I2C_ReadData
                0x00008c5e       0x5e ./sensors/fxos8700_drv.o
                0x00008c5e                FXOS8700_I2C_ReadData
 .text.Sensor_I2C_Write
                0x00008cbc       0x7e ./interfaces/sensor_io_i2c.o
                0x00008cbc                Sensor_I2C_Write
 .text.Sensor_I2C_Read
                0x00008d3a       0x7e ./interfaces/sensor_io_i2c.o
                0x00008d3a                Sensor_I2C_Read
 .text.CLOCK_EnableClock
                0x00008db8       0x34 ./gpio_driver/gpio_driver.o
 .text.EnableIRQ
                0x00008dec       0x2c ./gpio_driver/gpio_driver.o
 .text.GPIO_PinWrite
                0x00008e18       0x36 ./gpio_driver/gpio_driver.o
 .text.GPIO_PortSet
                0x00008e4e       0x1c ./gpio_driver/gpio_driver.o
 .text.GPIO_PortClear
                0x00008e6a       0x1c ./gpio_driver/gpio_driver.o
 .text.GPIO_PortToggle
                0x00008e86       0x1c ./gpio_driver/gpio_driver.o
 .text.GPIO_PinRead
                0x00008ea2       0x24 ./gpio_driver/gpio_driver.o
 .text.PORT_SetPinInterruptConfig
                0x00008ec6       0x3a ./gpio_driver/gpio_driver.o
 .text.ksdk_gpio_set_pin
                0x00008f00       0x24 ./gpio_driver/gpio_driver.o
                0x00008f00                ksdk_gpio_set_pin
 .text.ksdk_gpio_clr_pin
                0x00008f24       0x24 ./gpio_driver/gpio_driver.o
                0x00008f24                ksdk_gpio_clr_pin
 .text.ksdk_gpio_toggle_pin
                0x00008f48       0x24 ./gpio_driver/gpio_driver.o
                0x00008f48                ksdk_gpio_toggle_pin
 .text.ksdk_gpio_write_pin
                0x00008f6c       0x28 ./gpio_driver/gpio_driver.o
                0x00008f6c                ksdk_gpio_write_pin
 .text.ksdk_gpio_read_pin
                0x00008f94       0x26 ./gpio_driver/gpio_driver.o
                0x00008f94                ksdk_gpio_read_pin
 .text.OSC_SetExtRefClkConfig
                0x00008fba       0x34 ./drivers/fsl_clock.o
 .text.OSC_SetCapLoad
                0x00008fee       0x34 ./drivers/fsl_clock.o
 .text.CLOCK_GetPll0RefFreq
                0x00009022        0xe ./drivers/fsl_clock.o
 .text.CLOCK_GetFixedFreqClkFreq
                0x00009030       0x2e ./drivers/fsl_clock.o
                0x00009030                CLOCK_GetFixedFreqClkFreq
 .text.DSPI_IsMaster
                0x0000905e       0x1c ./drivers/fsl_dspi.o
 .text.GPIO_PinWrite
                0x0000907a       0x36 ./drivers/fsl_gpio.o
 .text.CLOCK_DisableClock
                0x000090b0       0x38 ./drivers/fsl_i2c.o
 .text.EnableIRQ
                0x000090e8       0x2c ./drivers/fsl_i2c.o
 .text.I2C_Enable
                0x00009114       0x40 ./drivers/fsl_i2c.o
 .text.I2C_SlaveGetStatusFlags
                0x00009154       0x18 ./drivers/fsl_i2c.o
 .text.I2C_MasterClearStatusFlags
                0x0000916c       0x5a ./drivers/fsl_i2c.o
 .text.I2C_SlaveClearStatusFlags
                0x000091c6       0x1a ./drivers/fsl_i2c.o
 .text.I2C_InitTransferStateMachine
                0x000091e0       0xd4 ./drivers/fsl_i2c.o
 .text.I2C_CheckAndClearError
                0x000092b4       0x44 ./drivers/fsl_i2c.o
 .text.I2C_EnableInterrupts
                0x000092f8       0x56 ./drivers/fsl_i2c.o
                0x000092f8                I2C_EnableInterrupts
 .text.I2C_DisableInterrupts
                0x0000934e       0x4a ./drivers/fsl_i2c.o
                0x0000934e                I2C_DisableInterrupts
 .text.I2C_MasterStart
                0x00009398       0x62 ./drivers/fsl_i2c.o
                0x00009398                I2C_MasterStart
 .text.I2C_MasterRepeatedStart
                0x000093fa       0x9a ./drivers/fsl_i2c.o
                0x000093fa                I2C_MasterRepeatedStart
 .text.I2C_MasterStop
                0x00009494       0x3a ./drivers/fsl_i2c.o
                0x00009494                I2C_MasterStop
 .text.I2C_MasterGetStatusFlags
                0x000094ce       0x4a ./drivers/fsl_i2c.o
                0x000094ce                I2C_MasterGetStatusFlags
 .text.CLOCK_EnableClock
                0x00009518       0x34 ./drivers/fsl_i2c_cmsis.o
 .text.I2C_SlaveGetStatusFlags
                0x0000954c       0x18 ./drivers/fsl_i2c_cmsis.o
 .text.I2Cx_GetCapabilities
                0x00009564       0x10 ./drivers/fsl_i2c_cmsis.o
 .text.KSDK_I2C_SLAVE_InterruptCallback
                0x00009574       0x40 ./drivers/fsl_i2c_cmsis.o
 .text.KSDK_I2C_MASTER_InterruptCallback
                0x000095b4       0x50 ./drivers/fsl_i2c_cmsis.o
 .text.I2C_InterruptInitialize
                0x00009604       0x30 ./drivers/fsl_i2c_cmsis.o
 .text.I2C_InterruptUninitialize
                0x00009634       0x1c ./drivers/fsl_i2c_cmsis.o
 .text.I2C_InterruptGetDataCount
                0x00009650       0x2e ./drivers/fsl_i2c_cmsis.o
                0x00009650                I2C_InterruptGetDataCount
 .text.I2C_InterruptGetStatus
                0x0000967e       0xb4 ./drivers/fsl_i2c_cmsis.o
                0x0000967e                I2C_InterruptGetStatus
 .text.CLOCK_EnableClock
                0x00009732       0x34 ./drivers/fsl_pit.o
 .text.SMC_SetPowerModeVlpr
                0x00009766       0x4e ./drivers/fsl_smc.o
                0x00009766                SMC_SetPowerModeVlpr
 .text.CLOCK_EnableClock
                0x000097b4       0x34 ./drivers/fsl_uart.o
 .text.UART0_RX_TX_DriverIRQHandler
                0x000097e8       0x10 ./drivers/fsl_uart.o
                0x000097e8                UART0_RX_TX_DriverIRQHandler
 .text.UART1_RX_TX_DriverIRQHandler
                0x000097f8       0x10 ./drivers/fsl_uart.o
                0x000097f8                UART1_RX_TX_DriverIRQHandler
 .text.UART2_RX_TX_DriverIRQHandler
                0x00009808       0x10 ./drivers/fsl_uart.o
                0x00009808                UART2_RX_TX_DriverIRQHandler
 .text.UART3_RX_TX_DriverIRQHandler
                0x00009818       0x10 ./drivers/fsl_uart.o
                0x00009818                UART3_RX_TX_DriverIRQHandler
 .text.UART4_RX_TX_DriverIRQHandler
                0x00009828       0x10 ./drivers/fsl_uart.o
                0x00009828                UART4_RX_TX_DriverIRQHandler
 .text.UART5_RX_TX_DriverIRQHandler
                0x00009838       0x10 ./drivers/fsl_uart.o
                0x00009838                UART5_RX_TX_DriverIRQHandler
 .text.SystemInitHook
                0x00009848        0xe ./device/system_MK64F12.o
                0x00009848                SystemInitHook
 .text.HAL_UartGetStatus
                0x00009856       0x22 ./component/uart/uart_adapter.o
 .text.BOARD_InitDebugConsole
                0x00009878       0x22 ./board/board.o
                0x00009878                BOARD_InitDebugConsole
 .text.I2C1_GetFreq
                0x0000989a       0x10 ./board/frdm_k64f.o
                0x0000989a                I2C1_GetFreq
 .text.CLOCK_EnableClock
                0x000098aa       0x34 ./board/pin_mux.o
 .text.PORT_SetPinMux
                0x000098de       0x3a ./board/pin_mux.o
 .text.__main   0x00009918        0xe c:/nxp/mcuxpressoide_10.3.1_2233/ide/plugins/com.nxp.mcuxpresso.tools.win32_10.3.0.201811011841/tools/bin/../lib/gcc/arm-none-eabi/7.3.1/../../../../arm-none-eabi/lib/thumb/v7e-m/fpv4-sp/hard\libcr_semihost_nf.a(_cr__main.o)
                0x00009918                __CR_SEMIHOST
                0x00009918                __main
 .text.memset   0x00009926        0x4 c:/nxp/mcuxpressoide_10.3.1_2233/ide/plugins/com.nxp.mcuxpresso.tools.win32_10.3.0.201811011841/tools/bin/../lib/gcc/arm-none-eabi/7.3.1/../../../../arm-none-eabi/lib/thumb/v7e-m/fpv4-sp/hard\libcr_c.a(memset.o)
                0x00009926                memset
 .text._deferredlazyseek
                0x0000992a       0x40 c:/nxp/mcuxpressoide_10.3.1_2233/ide/plugins/com.nxp.mcuxpresso.tools.win32_10.3.0.201811011841/tools/bin/../lib/gcc/arm-none-eabi/7.3.1/../../../../arm-none-eabi/lib/thumb/v7e-m/fpv4-sp/hard\libcr_c.a(_deferredlazyseek.o)
                0x0000992a                _deferredlazyseek
 .text.__flsbuf
                0x0000996a      0x140 c:/nxp/mcuxpressoide_10.3.1_2233/ide/plugins/com.nxp.mcuxpresso.tools.win32_10.3.0.201811011841/tools/bin/../lib/gcc/arm-none-eabi/7.3.1/../../../../arm-none-eabi/lib/thumb/v7e-m/fpv4-sp/hard\libcr_c.a(_deferredlazyseek.o)
                0x0000996a                __flsbuf
 .text._fflush  0x00009aaa       0x52 c:/nxp/mcuxpressoide_10.3.1_2233/ide/plugins/com.nxp.mcuxpresso.tools.win32_10.3.0.201811011841/tools/bin/../lib/gcc/arm-none-eabi/7.3.1/../../../../arm-none-eabi/lib/thumb/v7e-m/fpv4-sp/hard\libcr_c.a(_fflush.o)
                0x00009aaa                _fflush
 .text.free     0x00009afc       0x30 c:/nxp/mcuxpressoide_10.3.1_2233/ide/plugins/com.nxp.mcuxpresso.tools.win32_10.3.0.201811011841/tools/bin/../lib/gcc/arm-none-eabi/7.3.1/../../../../arm-none-eabi/lib/thumb/v7e-m/fpv4-sp/hard\libcr_c.a(alloc.o)
                0x00009afc                free
 .text.asin     0x00009b2c        0x6 c:/nxp/mcuxpressoide_10.3.1_2233/ide/plugins/com.nxp.mcuxpresso.tools.win32_10.3.0.201811011841/tools/bin/../lib/gcc/arm-none-eabi/7.3.1/../../../../arm-none-eabi/lib/thumb/v7e-m/fpv4-sp/hard\libcr_c.a(asin.o)
                0x00009b2c                asin
 .text.fabs     0x00009b32       0x22 c:/nxp/mcuxpressoide_10.3.1_2233/ide/plugins/com.nxp.mcuxpresso.tools.win32_10.3.0.201811011841/tools/bin/../lib/gcc/arm-none-eabi/7.3.1/../../../../arm-none-eabi/lib/thumb/v7e-m/fpv4-sp/hard\libcr_c.a(fabs.o)
                0x00009b32                fabs
 .text.fp_round
                0x00009b54       0x4e c:/nxp/mcuxpressoide_10.3.1_2233/ide/plugins/com.nxp.mcuxpresso.tools.win32_10.3.0.201811011841/tools/bin/../lib/gcc/arm-none-eabi/7.3.1/../../../../arm-none-eabi/lib/thumb/v7e-m/fpv4-sp/hard\libcr_c.a(fpprintf.o)
 .text.pr_dec.constprop.1
                0x00009ba2       0x26 c:/nxp/mcuxpressoide_10.3.1_2233/ide/plugins/com.nxp.mcuxpresso.tools.win32_10.3.0.201811011841/tools/bin/../lib/gcc/arm-none-eabi/7.3.1/../../../../arm-none-eabi/lib/thumb/v7e-m/fpv4-sp/hard\libcr_c.a(fpprintf.o)
 .text.fputs    0x00009bc8       0x2c c:/nxp/mcuxpressoide_10.3.1_2233/ide/plugins/com.nxp.mcuxpresso.tools.win32_10.3.0.201811011841/tools/bin/../lib/gcc/arm-none-eabi/7.3.1/../../../../arm-none-eabi/lib/thumb/v7e-m/fpv4-sp/hard\libcr_c.a(fputs.o)
                0x00009bc8                fputs
 .text.strlen   0x00009bf4       0x4a c:/nxp/mcuxpressoide_10.3.1_2233/ide/plugins/com.nxp.mcuxpresso.tools.win32_10.3.0.201811011841/tools/bin/../lib/gcc/arm-none-eabi/7.3.1/../../../../arm-none-eabi/lib/thumb/v7e-m/fpv4-sp/hard\libcr_c.a(strlen.o)
                0x00009bf4                strlen
 .text._fdopen  0x00009c3e       0x68 c:/nxp/mcuxpressoide_10.3.1_2233/ide/plugins/com.nxp.mcuxpresso.tools.win32_10.3.0.201811011841/tools/bin/../lib/gcc/arm-none-eabi/7.3.1/../../../../arm-none-eabi/lib/thumb/v7e-m/fpv4-sp/hard\libcr_c.a(_fdopen.o)
                0x00009c3e                _fdopen
 .text.fclose   0x00009ca6       0x58 c:/nxp/mcuxpressoide_10.3.1_2233/ide/plugins/com.nxp.mcuxpresso.tools.win32_10.3.0.201811011841/tools/bin/../lib/gcc/arm-none-eabi/7.3.1/../../../../arm-none-eabi/lib/thumb/v7e-m/fpv4-sp/hard\libcr_c.a(fclose.o)
                0x00009ca6                fclose
 .text.remove   0x00009cfe       0x14 c:/nxp/mcuxpressoide_10.3.1_2233/ide/plugins/com.nxp.mcuxpresso.tools.win32_10.3.0.201811011841/tools/bin/../lib/gcc/arm-none-eabi/7.3.1/../../../../arm-none-eabi/lib/thumb/v7e-m/fpv4-sp/hard\libcr_c.a(remove.o)
                0x00009cfe                remove
 .text._do_fflush
                0x00009d12       0x40 c:/nxp/mcuxpressoide_10.3.1_2233/ide/plugins/com.nxp.mcuxpresso.tools.win32_10.3.0.201811011841/tools/bin/../lib/gcc/arm-none-eabi/7.3.1/../../../../arm-none-eabi/lib/thumb/v7e-m/fpv4-sp/hard\libcr_c.a(_do_fflush.o)
                0x00009d12                _do_fflush
 .text.__aeabi_division_uldivmod
                0x00009d52      0x174 c:/nxp/mcuxpressoide_10.3.1_2233/ide/plugins/com.nxp.mcuxpresso.tools.win32_10.3.0.201811011841/tools/bin/../lib/gcc/arm-none-eabi/7.3.1/thumb/v7e-m/fpv4-sp/hard\libcr_eabihelpers.a(division_64.o)
                0x00009d52                __aeabi_uldivmod
                0x00009d56                __bhs_ldivmod1
 .text.__aeabi_division_idiv0
                0x00009ec6        0x2 c:/nxp/mcuxpressoide_10.3.1_2233/ide/plugins/com.nxp.mcuxpresso.tools.win32_10.3.0.201811011841/tools/bin/../lib/gcc/arm-none-eabi/7.3.1/thumb/v7e-m/fpv4-sp/hard\libcr_eabihelpers.a(division_idiv0.o)
                0x00009ec6                __aeabi_idiv0
 .text.__aeabi_d2iz
                0x00009ec8       0x40 c:/nxp/mcuxpressoide_10.3.1_2233/ide/plugins/com.nxp.mcuxpresso.tools.win32_10.3.0.201811011841/tools/bin/../lib/gcc/arm-none-eabi/7.3.1/thumb/v7e-m/fpv4-sp/hard\libcr_eabihelpers.a(double.o)
                0x00009ec8                __aeabi_d2iz
 .text.__bhs_ui2d
                0x00009f08       0x46 c:/nxp/mcuxpressoide_10.3.1_2233/ide/plugins/com.nxp.mcuxpresso.tools.win32_10.3.0.201811011841/tools/bin/../lib/gcc/arm-none-eabi/7.3.1/thumb/v7e-m/fpv4-sp/hard\libcr_eabihelpers.a(double.o)
                0x00009f08                __bhs_ui2d
 .text.__aeabi_i2d
                0x00009f4e       0x12 c:/nxp/mcuxpressoide_10.3.1_2233/ide/plugins/com.nxp.mcuxpresso.tools.win32_10.3.0.201811011841/tools/bin/../lib/gcc/arm-none-eabi/7.3.1/thumb/v7e-m/fpv4-sp/hard\libcr_eabihelpers.a(double.o)
                0x00009f4e                __aeabi_i2d
 .text.__aeabi_dcmpeq
                0x00009f60       0x30 c:/nxp/mcuxpressoide_10.3.1_2233/ide/plugins/com.nxp.mcuxpresso.tools.win32_10.3.0.201811011841/tools/bin/../lib/gcc/arm-none-eabi/7.3.1/thumb/v7e-m/fpv4-sp/hard\libcr_eabihelpers.a(double.o)
                0x00009f60                __aeabi_dcmpeq
 .text.__aeabi_dcmplt
                0x00009f90       0x58 c:/nxp/mcuxpressoide_10.3.1_2233/ide/plugins/com.nxp.mcuxpresso.tools.win32_10.3.0.201811011841/tools/bin/../lib/gcc/arm-none-eabi/7.3.1/thumb/v7e-m/fpv4-sp/hard\libcr_eabihelpers.a(double.o)
                0x00009f90                __aeabi_dcmplt
 .text.__aeabi_dcmpgt
                0x00009fe8       0x58 c:/nxp/mcuxpressoide_10.3.1_2233/ide/plugins/com.nxp.mcuxpresso.tools.win32_10.3.0.201811011841/tools/bin/../lib/gcc/arm-none-eabi/7.3.1/thumb/v7e-m/fpv4-sp/hard\libcr_eabihelpers.a(double.o)
                0x00009fe8                __aeabi_dcmpgt
 .text.__aeabi_dcmple
                0x0000a040       0x5a c:/nxp/mcuxpressoide_10.3.1_2233/ide/plugins/com.nxp.mcuxpresso.tools.win32_10.3.0.201811011841/tools/bin/../lib/gcc/arm-none-eabi/7.3.1/thumb/v7e-m/fpv4-sp/hard\libcr_eabihelpers.a(double.o)
                0x0000a040                __aeabi_dcmple
 .text.__aeabi_dcmpge
                0x0000a09a       0x58 c:/nxp/mcuxpressoide_10.3.1_2233/ide/plugins/com.nxp.mcuxpresso.tools.win32_10.3.0.201811011841/tools/bin/../lib/gcc/arm-none-eabi/7.3.1/thumb/v7e-m/fpv4-sp/hard\libcr_eabihelpers.a(double.o)
                0x0000a09a                __aeabi_dcmpge
 .text.__aeabi_memset_lowlevel
                0x0000a0f2       0x32 c:/nxp/mcuxpressoide_10.3.1_2233/ide/plugins/com.nxp.mcuxpresso.tools.win32_10.3.0.201811011841/tools/bin/../lib/gcc/arm-none-eabi/7.3.1/thumb/v7e-m/fpv4-sp/hard\libcr_eabihelpers.a(memcpy.o)
                0x0000a0f2                __aeabi_lowlevel_memset
 .text.__sys_close
                0x0000a124        0xc c:/nxp/mcuxpressoide_10.3.1_2233/ide/plugins/com.nxp.mcuxpresso.tools.win32_10.3.0.201811011841/tools/bin/../lib/gcc/arm-none-eabi/7.3.1/../../../../arm-none-eabi/lib/thumb/v7e-m/fpv4-sp/hard\libcr_semihost_nf.a(__sys_close.o)
                0x0000a124                __sys_close
 .text.__sys_flen
                0x0000a130        0xc c:/nxp/mcuxpressoide_10.3.1_2233/ide/plugins/com.nxp.mcuxpresso.tools.win32_10.3.0.201811011841/tools/bin/../lib/gcc/arm-none-eabi/7.3.1/../../../../arm-none-eabi/lib/thumb/v7e-m/fpv4-sp/hard\libcr_semihost_nf.a(__sys_flen.o)
                0x0000a130                __sys_flen
 .text.__sys_istty
                0x0000a13c        0xc c:/nxp/mcuxpressoide_10.3.1_2233/ide/plugins/com.nxp.mcuxpresso.tools.win32_10.3.0.201811011841/tools/bin/../lib/gcc/arm-none-eabi/7.3.1/../../../../arm-none-eabi/lib/thumb/v7e-m/fpv4-sp/hard\libcr_semihost_nf.a(__sys_istty.o)
                0x0000a13c                __sys_istty
 .text.__sys_remove
                0x0000a148        0xc c:/nxp/mcuxpressoide_10.3.1_2233/ide/plugins/com.nxp.mcuxpresso.tools.win32_10.3.0.201811011841/tools/bin/../lib/gcc/arm-none-eabi/7.3.1/../../../../arm-none-eabi/lib/thumb/v7e-m/fpv4-sp/hard\libcr_semihost_nf.a(__sys_remove.o)
                0x0000a148                __sys_remove
 .text.__sys_seek
                0x0000a154        0xc c:/nxp/mcuxpressoide_10.3.1_2233/ide/plugins/com.nxp.mcuxpresso.tools.win32_10.3.0.201811011841/tools/bin/../lib/gcc/arm-none-eabi/7.3.1/../../../../arm-none-eabi/lib/thumb/v7e-m/fpv4-sp/hard\libcr_semihost_nf.a(__sys_seek.o)
                0x0000a154                __sys_seek
 .text.__sys_tmpnam
                0x0000a160        0xc c:/nxp/mcuxpressoide_10.3.1_2233/ide/plugins/com.nxp.mcuxpresso.tools.win32_10.3.0.201811011841/tools/bin/../lib/gcc/arm-none-eabi/7.3.1/../../../../arm-none-eabi/lib/thumb/v7e-m/fpv4-sp/hard\libcr_semihost_nf.a(__sys_tmpnam.o)
                0x0000a160                __sys_tmpnam
 .text.__sys_write
                0x0000a16c        0xc c:/nxp/mcuxpressoide_10.3.1_2233/ide/plugins/com.nxp.mcuxpresso.tools.win32_10.3.0.201811011841/tools/bin/../lib/gcc/arm-none-eabi/7.3.1/../../../../arm-none-eabi/lib/thumb/v7e-m/fpv4-sp/hard\libcr_semihost_nf.a(__sys_write.o)
                0x0000a16c                __sys_write
 *(SORT_BY_ALIGNMENT(.rodata) SORT_BY_ALIGNMENT(.rodata.*) SORT_BY_ALIGNMENT(.constdata) SORT_BY_ALIGNMENT(.constdata.*))
 .rodata.a.5198
                0x0000a178       0x10 c:/nxp/mcuxpressoide_10.3.1_2233/ide/plugins/com.nxp.mcuxpresso.tools.win32_10.3.0.201811011841/tools/bin/../lib/gcc/arm-none-eabi/7.3.1/../../../../arm-none-eabi/lib/thumb/v7e-m/fpv4-sp/hard\libcr_c.a(_asinacos.o)
 .rodata.b.5199
                0x0000a188       0x10 c:/nxp/mcuxpressoide_10.3.1_2233/ide/plugins/com.nxp.mcuxpresso.tools.win32_10.3.0.201811011841/tools/bin/../lib/gcc/arm-none-eabi/7.3.1/../../../../arm-none-eabi/lib/thumb/v7e-m/fpv4-sp/hard\libcr_c.a(_asinacos.o)
 .rodata.__huge_val
                0x0000a198        0x8 c:/nxp/mcuxpressoide_10.3.1_2233/ide/plugins/com.nxp.mcuxpresso.tools.win32_10.3.0.201811011841/tools/bin/../lib/gcc/arm-none-eabi/7.3.1/../../../../arm-none-eabi/lib/thumb/v7e-m/fpv4-sp/hard\libcr_c.a(_hugeval.o)
                0x0000a198                __huge_val
 .rodata.__huge_vall
                0x0000a1a0        0x8 c:/nxp/mcuxpressoide_10.3.1_2233/ide/plugins/com.nxp.mcuxpresso.tools.win32_10.3.0.201811011841/tools/bin/../lib/gcc/arm-none-eabi/7.3.1/../../../../arm-none-eabi/lib/thumb/v7e-m/fpv4-sp/hard\libcr_c.a(_hugeval.o)
                0x0000a1a0                __huge_vall
 .rodata.a.5195
                0x0000a1a8       0x20 c:/nxp/mcuxpressoide_10.3.1_2233/ide/plugins/com.nxp.mcuxpresso.tools.win32_10.3.0.201811011841/tools/bin/../lib/gcc/arm-none-eabi/7.3.1/../../../../arm-none-eabi/lib/thumb/v7e-m/fpv4-sp/hard\libcr_c.a(atan.o)
 .rodata        0x0000a1c8      0x1b7 ./utilities/fsl_debug_console.o
 *fill*         0x0000a37f        0x1 ff
 .rodata        0x0000a380       0x40 ./source/MadgwickAHRS.o
 .rodata        0x0000a3c0      0x20c ./source/fxas21002_interrupt.o
 .rodata.fxas21002_Config_Isr
                0x0000a5cc        0xc ./source/fxas21002_interrupt.o
                0x0000a5cc                fxas21002_Config_Isr
 .rodata.fxas21002_Output_Values
                0x0000a5d8        0x8 ./source/fxas21002_interrupt.o
                0x0000a5d8                fxas21002_Output_Values
 .rodata.fxos8700_Config_Interrupt
                0x0000a5e0       0x10 ./source/fxas21002_interrupt.o
                0x0000a5e0                fxos8700_Config_Interrupt
 .rodata.FXOS8700_STATUS_READ
                0x0000a5f0        0x8 ./source/fxas21002_interrupt.o
                0x0000a5f0                FXOS8700_STATUS_READ
 .rodata.FXOS8700_ACCELMAG_READ
                0x0000a5f8        0x8 ./source/fxas21002_interrupt.o
                0x0000a5f8                FXOS8700_ACCELMAG_READ
 .rodata        0x0000a600       0x23 ./gpio_driver/gpio_driver.o
 *fill*         0x0000a623        0x1 ff
 .rodata.DriverVersion
                0x0000a624        0x4 ./gpio_driver/gpio_driver.o
 .rodata.Driver_GPIO_KSDK
                0x0000a628       0x1c ./gpio_driver/gpio_driver.o
                0x0000a628                Driver_GPIO_KSDK
 .rodata        0x0000a644      0x149 ./drivers/fsl_clock.o
 *fill*         0x0000a78d        0x3 ff
 .rodata.fllFactorTable.7770
                0x0000a790       0x10 ./drivers/fsl_clock.o
 .rodata        0x0000a7a0      0x509 ./drivers/fsl_dspi.o
 *fill*         0x0000aca9        0x3 ff
 .rodata        0x0000acac      0xbf0 ./drivers/fsl_edma.o
 .rodata.s_portBases
                0x0000b89c       0x14 ./drivers/fsl_gpio.o
 .rodata.s_gpioBases
                0x0000b8b0       0x14 ./drivers/fsl_gpio.o
 .rodata        0x0000b8c4       0x63 ./drivers/fsl_gpio.o
 *fill*         0x0000b927        0x1 ff
 .rodata.s_i2cBases
                0x0000b928        0xc ./drivers/fsl_i2c.o
                0x0000b928                s_i2cBases
 .rodata.s_i2cDividerTable
                0x0000b934       0x80 ./drivers/fsl_i2c.o
 .rodata.s_i2cIrqs
                0x0000b9b4        0x3 ./drivers/fsl_i2c.o
 *fill*         0x0000b9b7        0x1 ff
 .rodata.s_i2cClocks
                0x0000b9b8        0xc ./drivers/fsl_i2c.o
 .rodata        0x0000b9c4      0x2fa ./drivers/fsl_i2c.o
 *fill*         0x0000bcbe        0x2 ff
 .rodata.s_i2cDriverVersion
                0x0000bcc0        0x4 ./drivers/fsl_i2c_cmsis.o
 .rodata.s_i2cClocks
                0x0000bcc4        0xc ./drivers/fsl_i2c_cmsis.o
 .rodata.I2C1_Resource
                0x0000bcd0        0x8 ./drivers/fsl_i2c_cmsis.o
                0x0000bcd0                I2C1_Resource
 .rodata.Driver_I2C1
                0x0000bcd8       0x30 ./drivers/fsl_i2c_cmsis.o
                0x0000bcd8                Driver_I2C1
 .rodata        0x0000bd08       0x5d ./drivers/fsl_pit.o
 *fill*         0x0000bd65        0x3 ff
 .rodata.s_uartBases
                0x0000bd68       0x18 ./drivers/fsl_uart.o
 .rodata.s_uartClock
                0x0000bd80       0x18 ./drivers/fsl_uart.o
 .rodata        0x0000bd98      0x514 ./drivers/fsl_uart.o
 .rodata.s_UartAdapterBase
                0x0000c2ac       0x18 ./component/uart/uart_adapter.o
 .rodata        0x0000c2c4      0x25e ./component/uart/uart_adapter.o
 *fill*         0x0000c522        0x2 ff
 .rodata        0x0000c524      0x521 ./component/serial_manager/serial_manager.o
 *fill*         0x0000ca45        0x3 ff
 .rodata        0x0000ca48      0x244 ./component/serial_manager/serial_port_uart.o
 .rodata.mcgConfig_BOARD_BootClockRUN
                0x0000cc8c        0xb ./board/clock_config.o
                0x0000cc8c                mcgConfig_BOARD_BootClockRUN
 *fill*         0x0000cc97        0x1 ff
 .rodata.simConfig_BOARD_BootClockRUN
                0x0000cc98        0x8 ./board/clock_config.o
                0x0000cc98                simConfig_BOARD_BootClockRUN
 .rodata.oscConfig_BOARD_BootClockRUN
                0x0000cca0        0x8 ./board/clock_config.o
                0x0000cca0                oscConfig_BOARD_BootClockRUN
 .rodata        0x0000cca8       0x23 ./board/pin_mux.o
 *fill*         0x0000cccb        0x1 ff
 .rodata.__num_Ciob_streams
                0x0000cccc        0x4 c:/nxp/mcuxpressoide_10.3.1_2233/ide/plugins/com.nxp.mcuxpresso.tools.win32_10.3.0.201811011841/tools/bin/../lib/gcc/arm-none-eabi/7.3.1/../../../../arm-none-eabi/lib/thumb/v7e-m/fpv4-sp/hard\libcr_semihost_nf.a(__ciob.o)
                0x0000cccc                __num_Ciob_streams
 .rodata.__assertion_failed.str1.1
                0x0000ccd0       0x15 c:/nxp/mcuxpressoide_10.3.1_2233/ide/plugins/com.nxp.mcuxpresso.tools.win32_10.3.0.201811011841/tools/bin/../lib/gcc/arm-none-eabi/7.3.1/../../../../arm-none-eabi/lib/thumb/v7e-m/fpv4-sp/hard\libcr_semihost_nf.a(_cr_assert.o)
 .rodata._Csys_alloc.str1.1
                0x0000cce5       0x18 c:/nxp/mcuxpressoide_10.3.1_2233/ide/plugins/com.nxp.mcuxpresso.tools.win32_10.3.0.201811011841/tools/bin/../lib/gcc/arm-none-eabi/7.3.1/../../../../arm-none-eabi/lib/thumb/v7e-m/fpv4-sp/hard\libcr_c.a(alloc.o)
 .rodata.fp_display.str1.1
                0x0000ccfd       0x32 c:/nxp/mcuxpressoide_10.3.1_2233/ide/plugins/com.nxp.mcuxpresso.tools.win32_10.3.0.201811011841/tools/bin/../lib/gcc/arm-none-eabi/7.3.1/../../../../arm-none-eabi/lib/thumb/v7e-m/fpv4-sp/hard\libcr_c.a(fpprintf.o)
                                 0x35 (size before relaxing)
 .rodata._initio.str1.1
                0x0000cd2f        0x4 c:/nxp/mcuxpressoide_10.3.1_2233/ide/plugins/com.nxp.mcuxpresso.tools.win32_10.3.0.201811011841/tools/bin/../lib/gcc/arm-none-eabi/7.3.1/../../../../arm-none-eabi/lib/thumb/v7e-m/fpv4-sp/hard\libcr_c.a(initio.o)
 .rodata.__vfprintf.str1.1
                0x0000cd33       0x31 c:/nxp/mcuxpressoide_10.3.1_2233/ide/plugins/com.nxp.mcuxpresso.tools.win32_10.3.0.201811011841/tools/bin/../lib/gcc/arm-none-eabi/7.3.1/../../../../arm-none-eabi/lib/thumb/v7e-m/fpv4-sp/hard\libcr_c.a(printf.o)
                                 0x38 (size before relaxing)
                0x0000cd68                . = ALIGN (0x8)
 *fill*         0x0000cd64        0x4 ff

.glue_7         0x0000cd68        0x0
 .glue_7        0x0000cd68        0x0 linker stubs

.glue_7t        0x0000cd68        0x0
 .glue_7t       0x0000cd68        0x0 linker stubs

.vfp11_veneer   0x0000cd68        0x0
 .vfp11_veneer  0x0000cd68        0x0 linker stubs

.v4_bx          0x0000cd68        0x0
 .v4_bx         0x0000cd68        0x0 linker stubs

.iplt           0x0000cd68        0x0
 .iplt          0x0000cd68        0x0 ./utilities/fsl_debug_console.o

.rel.dyn        0x0000cd68        0x0
 .rel.iplt      0x0000cd68        0x0 ./utilities/fsl_debug_console.o

.ARM.extab
 *(SORT_BY_ALIGNMENT(.ARM.extab*) SORT_BY_ALIGNMENT(.gnu.linkonce.armextab.*))
                0x0000cd68                __exidx_start = .

.ARM.exidx
 *(SORT_BY_ALIGNMENT(.ARM.exidx*) SORT_BY_ALIGNMENT(.gnu.linkonce.armexidx.*))
                0x0000cd68                __exidx_end = .
                0x0000cd68                _etext = .

.m_usb_data
 *(SORT_BY_ALIGNMENT(m_usb_bdt))

.data_RAM2      0x1fff0000        0x0 load address 0x0000cd68
 FILL mask 0xff
                [!provide]                PROVIDE (__start_data_RAM2 = .)
 *(SORT_BY_ALIGNMENT(.ramfunc.$RAM2))
 *(SORT_BY_ALIGNMENT(.ramfunc.$SRAM_LOWER))
 *(SORT_BY_ALIGNMENT(.data.$RAM2*))
 *(SORT_BY_ALIGNMENT(.data.$SRAM_LOWER*))
                0x1fff0000                . = ALIGN (0x8)
                [!provide]                PROVIDE (__end_data_RAM2 = .)

.data_RAM3      0x14000000        0x0 load address 0x0000cd68
 FILL mask 0xff
                [!provide]                PROVIDE (__start_data_RAM3 = .)
 *(SORT_BY_ALIGNMENT(.ramfunc.$RAM3))
 *(SORT_BY_ALIGNMENT(.ramfunc.$FLEX_RAM))
 *(SORT_BY_ALIGNMENT(.data.$RAM3*))
 *(SORT_BY_ALIGNMENT(.data.$FLEX_RAM*))
                0x14000000                . = ALIGN (0x8)
                [!provide]                PROVIDE (__end_data_RAM3 = .)

.uninit_RESERVED
                0x20000000        0x0
 *(SORT_BY_ALIGNMENT(.bss.$RESERVED*))
                0x20000000                . = ALIGN (0x4)
                0x20000000                _end_uninit_RESERVED = .

.data           0x20000000       0x88 load address 0x0000cd68
 FILL mask 0xff
                0x20000000                _data = .
 *(SORT_BY_ALIGNMENT(vtable))
 *(SORT_BY_ALIGNMENT(.ramfunc*))
 *(SORT_BY_ALIGNMENT(.data*))
 .data.beta     0x20000000        0x4 ./source/MadgwickAHRS.o
                0x20000000                beta
 .data.q0       0x20000004        0x4 ./source/MadgwickAHRS.o
                0x20000004                q0
 .data.scale_x  0x20000008        0x4 ./source/fxas21002_interrupt.o
                0x20000008                scale_x
 .data.scale_y  0x2000000c        0x4 ./source/fxas21002_interrupt.o
                0x2000000c                scale_y
 .data.scale_z  0x20000010        0x4 ./source/fxas21002_interrupt.o
                0x20000010                scale_z
 .data.offset_x
                0x20000014        0x4 ./source/fxas21002_interrupt.o
                0x20000014                offset_x
 .data.offset_y
                0x20000018        0x4 ./source/fxas21002_interrupt.o
                0x20000018                offset_y
 .data.offset_z
                0x2000001c        0x4 ./source/fxas21002_interrupt.o
                0x2000001c                offset_z
 .data.g_I2C_ErrorEvent
                0x20000020        0xc ./interfaces/register_io_i2c.o
                0x20000020                g_I2C_ErrorEvent
 .data.gpioConfigDefault
                0x2000002c        0x6 ./gpio_driver/gpio_driver.o
 *fill*         0x20000032        0x2 ff
 .data.s_slowIrcFreq
                0x20000034        0x4 ./drivers/fsl_clock.o
 .data.s_fastIrcFreq
                0x20000038        0x4 ./drivers/fsl_clock.o
 .data.I2C1_InterruptDriverState
                0x2000003c       0x10 ./drivers/fsl_i2c_cmsis.o
                0x2000003c                I2C1_InterruptDriverState
 .data.SystemCoreClock
                0x2000004c        0x4 ./device/system_MK64F12.o
                0x2000004c                SystemCoreClock
 .data.D5       0x20000050       0x1c ./board/frdm_k64f.o
                0x20000050                D5
 .data.GREEN_LED
                0x2000006c       0x1c ./board/frdm_k64f.o
                0x2000006c                GREEN_LED
                0x20000088                . = ALIGN (0x8)
                0x20000088                _edata = .

.igot.plt       0x20000088        0x0 load address 0x0000cdf0
 .igot.plt      0x20000088        0x0 ./utilities/fsl_debug_console.o

.bss_RAM2       0x1fff0000        0x0
                [!provide]                PROVIDE (__start_bss_RAM2 = .)
 *(SORT_BY_ALIGNMENT(.bss.$RAM2*))
 *(SORT_BY_ALIGNMENT(.bss.$SRAM_LOWER*))
                0x1fff0000                . = ALIGN ((. != 0x0)?0x8:0x1)
                [!provide]                PROVIDE (__end_bss_RAM2 = .)

.bss_RAM3       0x14000000        0x0
                [!provide]                PROVIDE (__start_bss_RAM3 = .)
 *(SORT_BY_ALIGNMENT(.bss.$RAM3*))
 *(SORT_BY_ALIGNMENT(.bss.$FLEX_RAM*))
                0x14000000                . = ALIGN ((. != 0x0)?0x8:0x1)
                [!provide]                PROVIDE (__end_bss_RAM3 = .)

.bss            0x20000088      0x6b0
                0x20000088                _bss = .
 *(SORT_BY_ALIGNMENT(.bss*))
 .bss.s_debugConsoleState
                0x20000088       0x1c ./utilities/fsl_debug_console.o
 .bss.g_serialHandle
                0x200000a4        0x4 ./utilities/fsl_debug_console.o
                0x200000a4                g_serialHandle
 .bss.g_ovf_counter
                0x200000a8        0x4 ./utilities/systick_utils.o
                0x200000a8                g_ovf_counter
 .bss.q1        0x200000ac        0x4 ./source/MadgwickAHRS.o
                0x200000ac                q1
 .bss.q2        0x200000b0        0x4 ./source/MadgwickAHRS.o
                0x200000b0                q2
 .bss.q3        0x200000b4        0x4 ./source/MadgwickAHRS.o
                0x200000b4                q3
 .bss.b_I2C_CompletionFlag
                0x200000b8        0x3 ./interfaces/register_io_i2c.o
                0x200000b8                b_I2C_CompletionFlag
 *fill*         0x200000bb        0x1 
 .bss.isrObj    0x200000bc      0x500 ./gpio_driver/gpio_driver.o
 .bss.g_xtal0Freq
                0x200005bc        0x4 ./drivers/fsl_clock.o
                0x200005bc                g_xtal0Freq
 .bss.g_xtal32Freq
                0x200005c0        0x4 ./drivers/fsl_clock.o
                0x200005c0                g_xtal32Freq
 .bss.g_dspiHandle
                0x200005c4        0xc ./drivers/fsl_dspi.o
 .bss.s_dspiMasterIsr
                0x200005d0        0x4 ./drivers/fsl_dspi.o
 .bss.s_dspiSlaveIsr
                0x200005d4        0x4 ./drivers/fsl_dspi.o
 .bss.s_EDMAHandle
                0x200005d8       0x40 ./drivers/fsl_edma.o
 .bss.s_i2cHandle
                0x20000618        0xc ./drivers/fsl_i2c.o
 .bss.s_i2cMasterIsr
                0x20000624        0x4 ./drivers/fsl_i2c.o
 .bss.s_i2cSlaveIsr
                0x20000628        0x4 ./drivers/fsl_i2c.o
 .bss.I2C1_Handle
                0x2000062c       0x28 ./drivers/fsl_i2c_cmsis.o
                0x2000062c                I2C1_Handle
 .bss.s_uartHandle
                0x20000654       0x18 ./drivers/fsl_uart.o
 .bss.s_uartIsr
                0x2000066c        0x4 ./drivers/fsl_uart.o
 .bss.__Ciob    0x20000670       0xb4 c:/nxp/mcuxpressoide_10.3.1_2233/ide/plugins/com.nxp.mcuxpresso.tools.win32_10.3.0.201811011841/tools/bin/../lib/gcc/arm-none-eabi/7.3.1/../../../../arm-none-eabi/lib/thumb/v7e-m/fpv4-sp/hard\libcr_semihost_nf.a(__ciob.o)
                0x20000670                __Ciob
 .bss.errno     0x20000724        0x4 c:/nxp/mcuxpressoide_10.3.1_2233/ide/plugins/com.nxp.mcuxpresso.tools.win32_10.3.0.201811011841/tools/bin/../lib/gcc/arm-none-eabi/7.3.1/../../../../arm-none-eabi/lib/thumb/v7e-m/fpv4-sp/hard\libcr_c.a(errno.o)
                0x20000724                errno
 .bss.__end_of_heap
                0x20000728        0x4 c:/nxp/mcuxpressoide_10.3.1_2233/ide/plugins/com.nxp.mcuxpresso.tools.win32_10.3.0.201811011841/tools/bin/../lib/gcc/arm-none-eabi/7.3.1/../../../../arm-none-eabi/lib/thumb/v7e-m/fpv4-sp/hard\libcr_c.a(__init_alloc.o)
                0x20000728                __end_of_heap
 .bss.__heaps   0x2000072c        0x4 c:/nxp/mcuxpressoide_10.3.1_2233/ide/plugins/com.nxp.mcuxpresso.tools.win32_10.3.0.201811011841/tools/bin/../lib/gcc/arm-none-eabi/7.3.1/../../../../arm-none-eabi/lib/thumb/v7e-m/fpv4-sp/hard\libcr_c.a(__init_alloc.o)
                0x2000072c                __heaps
 .bss.counter   0x20000730        0x1 ./source/MadgwickAHRS.o
                0x20000730                counter
 .bss.pitIsrFlag
                0x20000731        0x1 ./source/fxas21002_interrupt.o
                0x20000731                pitIsrFlag
 .bss.fxas21002Interrupt
                0x20000732        0x1 ./source/fxas21002_interrupt.o
                0x20000732                fxas21002Interrupt
 *(SORT_BY_ALIGNMENT(COMMON))
                0x20000738                . = ALIGN (0x8)
 *fill*         0x20000733        0x5 
                0x20000738                _ebss = .
                [!provide]                PROVIDE (end = .)

.noinit_RAM2    0x1fff0000        0x0
 *(SORT_BY_ALIGNMENT(.noinit.$RAM2*))
 *(SORT_BY_ALIGNMENT(.noinit.$SRAM_LOWER*))
                0x1fff0000                . = ALIGN (0x8)

.noinit_RAM3    0x14000000        0x0
 *(SORT_BY_ALIGNMENT(.noinit.$RAM3*))
 *(SORT_BY_ALIGNMENT(.noinit.$FLEX_RAM*))
                0x14000000                . = ALIGN (0x8)

.noinit         0x20000738        0x0
                0x20000738                _noinit = .
 *(SORT_BY_ALIGNMENT(.noinit*))
                0x20000738                . = ALIGN (0x8)
                0x20000738                _end_noinit = .
                0x00001000                _HeapSize = 0x1000

.heap           0x20000738     0x1000
                0x20000738                _pvHeapStart = .
                0x20001738                . = (. + _HeapSize)
 *fill*         0x20000738     0x1000 
                0x20001738                . = ALIGN (0x8)
                0x20001738                _pvHeapLimit = .
                0x00001000                _StackSize = 0x1000

.heap2stackfill
                0x20001738     0x1000
                0x20002738                . = (. + _StackSize)
 *fill*         0x20001738     0x1000 

.stack          0x2002f000        0x0
                0x2002f000                _vStackBase = .
                0x2002f000                . = ALIGN (0x8)
                0x20030000                _vStackTop = (. + _StackSize)
                0x00000000                _image_start = LOADADDR (.text)
                0x0000cdf0                _image_end = (LOADADDR (.data) + SIZEOF (.data))
                0x0000cdf0                _image_size = (_image_end - _image_start)
OUTPUT(frdmk64f_agm01_fxas21002_interrupt.axf elf32-littlearm)

.debug_info     0x00000000    0x1c4fa
 .debug_info    0x00000000      0x878 ./utilities/fsl_debug_console.o
 .debug_info    0x00000878     0x17f0 ./utilities/systick_utils.o
 .debug_info    0x00002068      0x8b0 ./startup/startup_mk64f12.o
 .debug_info    0x00002918      0xa24 ./source/MadgwickAHRS.o
 .debug_info    0x0000333c     0x2a9c ./source/fxas21002_interrupt.o
 .debug_info    0x00005dd8       0x3b ./source/semihost_hardfault.o
 .debug_info    0x00005e13     0x10be ./sensors/fxas21002_drv.o
 .debug_info    0x00006ed1     0x12d7 ./sensors/fxos8700_drv.o
 .debug_info    0x000081a8     0x18c5 ./interfaces/register_io_i2c.o
 .debug_info    0x00009a6d      0x6b8 ./interfaces/sensor_io_i2c.o
 .debug_info    0x0000a125     0x12fc ./gpio_driver/gpio_driver.o
 .debug_info    0x0000b421      0x371 ./gpio_driver/gpio_driver_irq.o
 .debug_info    0x0000b792     0x1f24 ./drivers/fsl_clock.o
 .debug_info    0x0000d6b6     0x234f ./drivers/fsl_dspi.o
 .debug_info    0x0000fa05     0x2082 ./drivers/fsl_edma.o
 .debug_info    0x00011a87      0x664 ./drivers/fsl_gpio.o
 .debug_info    0x000120eb     0x1cb4 ./drivers/fsl_i2c.o
 .debug_info    0x00013d9f     0x1674 ./drivers/fsl_i2c_cmsis.o
 .debug_info    0x00015413      0x742 ./drivers/fsl_pit.o
 .debug_info    0x00015b55      0xa80 ./drivers/fsl_smc.o
 .debug_info    0x000165d5     0x1a78 ./drivers/fsl_uart.o
 .debug_info    0x0001804d      0x630 ./device/system_MK64F12.o
 .debug_info    0x0001867d      0x98c ./component/uart/uart_adapter.o
 .debug_info    0x00019009      0x6fe ./component/serial_manager/serial_manager.o
 .debug_info    0x00019707      0x4bd ./component/serial_manager/serial_port_uart.o
 .debug_info    0x00019bc4      0x55b ./board/board.o
 .debug_info    0x0001a11f      0xb2e ./board/clock_config.o
 .debug_info    0x0001ac4d      0xece ./board/frdm_k64f.o
 .debug_info    0x0001bb1b      0x9df ./board/pin_mux.o

.debug_abbrev   0x00000000     0x3dec
 .debug_abbrev  0x00000000      0x19a ./utilities/fsl_debug_console.o
 .debug_abbrev  0x0000019a      0x28e ./utilities/systick_utils.o
 .debug_abbrev  0x00000428      0x15c ./startup/startup_mk64f12.o
 .debug_abbrev  0x00000584      0x193 ./source/MadgwickAHRS.o
 .debug_abbrev  0x00000717      0x375 ./source/fxas21002_interrupt.o
 .debug_abbrev  0x00000a8c       0x2f ./source/semihost_hardfault.o
 .debug_abbrev  0x00000abb      0x237 ./sensors/fxas21002_drv.o
 .debug_abbrev  0x00000cf2      0x22a ./sensors/fxos8700_drv.o
 .debug_abbrev  0x00000f1c      0x29f ./interfaces/register_io_i2c.o
 .debug_abbrev  0x000011bb      0x168 ./interfaces/sensor_io_i2c.o
 .debug_abbrev  0x00001323      0x321 ./gpio_driver/gpio_driver.o
 .debug_abbrev  0x00001644      0x13d ./gpio_driver/gpio_driver_irq.o
 .debug_abbrev  0x00001781      0x307 ./drivers/fsl_clock.o
 .debug_abbrev  0x00001a88      0x33e ./drivers/fsl_dspi.o
 .debug_abbrev  0x00001dc6      0x398 ./drivers/fsl_edma.o
 .debug_abbrev  0x0000215e      0x196 ./drivers/fsl_gpio.o
 .debug_abbrev  0x000022f4      0x340 ./drivers/fsl_i2c.o
 .debug_abbrev  0x00002634      0x2e0 ./drivers/fsl_i2c_cmsis.o
 .debug_abbrev  0x00002914      0x1f1 ./drivers/fsl_pit.o
 .debug_abbrev  0x00002b05      0x2ef ./drivers/fsl_smc.o
 .debug_abbrev  0x00002df4      0x303 ./drivers/fsl_uart.o
 .debug_abbrev  0x000030f7      0x154 ./device/system_MK64F12.o
 .debug_abbrev  0x0000324b      0x1c2 ./component/uart/uart_adapter.o
 .debug_abbrev  0x0000340d      0x163 ./component/serial_manager/serial_manager.o
 .debug_abbrev  0x00003570      0x148 ./component/serial_manager/serial_port_uart.o
 .debug_abbrev  0x000036b8      0x13f ./board/board.o
 .debug_abbrev  0x000037f7      0x1e7 ./board/clock_config.o
 .debug_abbrev  0x000039de      0x1c5 ./board/frdm_k64f.o
 .debug_abbrev  0x00003ba3      0x249 ./board/pin_mux.o

.debug_aranges  0x00000000     0x14e0
 .debug_aranges
                0x00000000       0x50 ./utilities/fsl_debug_console.o
 .debug_aranges
                0x00000050       0x48 ./utilities/systick_utils.o
 .debug_aranges
                0x00000098      0x330 ./startup/startup_mk64f12.o
 .debug_aranges
                0x000003c8       0x30 ./source/MadgwickAHRS.o
 .debug_aranges
                0x000003f8       0x78 ./source/fxas21002_interrupt.o
 .debug_aranges
                0x00000470       0x20 ./source/semihost_hardfault.o
 .debug_aranges
                0x00000490       0x78 ./sensors/fxas21002_drv.o
 .debug_aranges
                0x00000508       0x78 ./sensors/fxos8700_drv.o
 .debug_aranges
                0x00000580       0x48 ./interfaces/register_io_i2c.o
 .debug_aranges
                0x000005c8       0x30 ./interfaces/sensor_io_i2c.o
 .debug_aranges
                0x000005f8       0xa8 ./gpio_driver/gpio_driver.o
 .debug_aranges
                0x000006a0       0x40 ./gpio_driver/gpio_driver_irq.o
 .debug_aranges
                0x000006e0      0x1e8 ./drivers/fsl_clock.o
 .debug_aranges
                0x000008c8      0x1d0 ./drivers/fsl_dspi.o
 .debug_aranges
                0x00000a98      0x210 ./drivers/fsl_edma.o
 .debug_aranges
                0x00000ca8       0x40 ./drivers/fsl_gpio.o
 .debug_aranges
                0x00000ce8      0x180 ./drivers/fsl_i2c.o
 .debug_aranges
                0x00000e68      0x138 ./drivers/fsl_i2c_cmsis.o
 .debug_aranges
                0x00000fa0       0x40 ./drivers/fsl_pit.o
 .debug_aranges
                0x00000fe0       0x90 ./drivers/fsl_smc.o
 .debug_aranges
                0x00001070      0x170 ./drivers/fsl_uart.o
 .debug_aranges
                0x000011e0       0x30 ./device/system_MK64F12.o
 .debug_aranges
                0x00001210       0x40 ./component/uart/uart_adapter.o
 .debug_aranges
                0x00001250       0x88 ./component/serial_manager/serial_manager.o
 .debug_aranges
                0x000012d8       0x38 ./component/serial_manager/serial_port_uart.o
 .debug_aranges
                0x00001310       0x20 ./board/board.o
 .debug_aranges
                0x00001330       0x50 ./board/clock_config.o
 .debug_aranges