Archive member included to satisfy reference by file (symbol)

c:/nxp/mcuxpressoide_10.3.1_2233/ide/plugins/com.nxp.mcuxpresso.tools.win32_10.3.0.201811011841/tools/bin/../lib/gcc/arm-none-eabi/7.3.1/../../../../arm-none-eabi/lib/thumb/v7e-m/fpv4-sp/hard\libcr_semihost_nf.a(_cr__main.o)
                              ./startup/startup_mk64f12.o (__main)
c:/nxp/mcuxpressoide_10.3.1_2233/ide/plugins/com.nxp.mcuxpresso.tools.win32_10.3.0.201811011841/tools/bin/../lib/gcc/arm-none-eabi/7.3.1/../../../../arm-none-eabi/lib/thumb/v7e-m/fpv4-sp/hard\libcr_semihost_nf.a(_cr_assert.o)
                              ./utilities/fsl_debug_console.o (__assertion_failed)
c:/nxp/mcuxpressoide_10.3.1_2233/ide/plugins/com.nxp.mcuxpresso.tools.win32_10.3.0.201811011841/tools/bin/../lib/gcc/arm-none-eabi/7.3.1/../../../../arm-none-eabi/lib/thumb/v7e-m/fpv4-sp/hard\libcr_semihost_nf.a(__ciob.o)
                              c:/nxp/mcuxpressoide_10.3.1_2233/ide/plugins/com.nxp.mcuxpresso.tools.win32_10.3.0.201811011841/tools/bin/../lib/gcc/arm-none-eabi/7.3.1/../../../../arm-none-eabi/lib/thumb/v7e-m/fpv4-sp/hard\libcr_semihost_nf.a(_cr_assert.o) (__Ciob)
c:/nxp/mcuxpressoide_10.3.1_2233/ide/plugins/com.nxp.mcuxpresso.tools.win32_10.3.0.201811011841/tools/bin/../lib/gcc/arm-none-eabi/7.3.1/../../../../arm-none-eabi/lib/thumb/v7e-m/fpv4-sp/hard\libcr_semihost_nf.a(__sys_appexit.o)
                              c:/nxp/mcuxpressoide_10.3.1_2233/ide/plugins/com.nxp.mcuxpresso.tools.win32_10.3.0.201811011841/tools/bin/../lib/gcc/arm-none-eabi/7.3.1/../../../../arm-none-eabi/lib/thumb/v7e-m/fpv4-sp/hard\libcr_semihost_nf.a(_cr_assert.o) (__sys_appexit)
c:/nxp/mcuxpressoide_10.3.1_2233/ide/plugins/com.nxp.mcuxpresso.tools.win32_10.3.0.201811011841/tools/bin/../lib/gcc/arm-none-eabi/7.3.1/../../../../arm-none-eabi/lib/thumb/v7e-m/fpv4-sp/hard\libcr_c.a(memcpy.o)
                              ./sensors/fxas21002_drv.o (memcpy)
c:/nxp/mcuxpressoide_10.3.1_2233/ide/plugins/com.nxp.mcuxpresso.tools.win32_10.3.0.201811011841/tools/bin/../lib/gcc/arm-none-eabi/7.3.1/../../../../arm-none-eabi/lib/thumb/v7e-m/fpv4-sp/hard\libcr_c.a(memset.o)
                              ./utilities/fsl_debug_console.o (memset)
c:/nxp/mcuxpressoide_10.3.1_2233/ide/plugins/com.nxp.mcuxpresso.tools.win32_10.3.0.201811011841/tools/bin/../lib/gcc/arm-none-eabi/7.3.1/../../../../arm-none-eabi/lib/thumb/v7e-m/fpv4-sp/hard\libcr_c.a(_deferredlazyseek.o)
                              c:/nxp/mcuxpressoide_10.3.1_2233/ide/plugins/com.nxp.mcuxpresso.tools.win32_10.3.0.201811011841/tools/bin/../lib/gcc/arm-none-eabi/7.3.1/../../../../arm-none-eabi/lib/thumb/v7e-m/fpv4-sp/hard\libcr_semihost_nf.a(_cr_assert.o) (__flsbuf)
c:/nxp/mcuxpressoide_10.3.1_2233/ide/plugins/com.nxp.mcuxpresso.tools.win32_10.3.0.201811011841/tools/bin/../lib/gcc/arm-none-eabi/7.3.1/../../../../arm-none-eabi/lib/thumb/v7e-m/fpv4-sp/hard\libcr_c.a(_fflush.o)
                              c:/nxp/mcuxpressoide_10.3.1_2233/ide/plugins/com.nxp.mcuxpresso.tools.win32_10.3.0.201811011841/tools/bin/../lib/gcc/arm-none-eabi/7.3.1/../../../../arm-none-eabi/lib/thumb/v7e-m/fpv4-sp/hard\libcr_c.a(_deferredlazyseek.o) (_fflush)
c:/nxp/mcuxpressoide_10.3.1_2233/ide/plugins/com.nxp.mcuxpresso.tools.win32_10.3.0.201811011841/tools/bin/../lib/gcc/arm-none-eabi/7.3.1/../../../../arm-none-eabi/lib/thumb/v7e-m/fpv4-sp/hard\libcr_c.a(_writebuf.o)
                              c:/nxp/mcuxpressoide_10.3.1_2233/ide/plugins/com.nxp.mcuxpresso.tools.win32_10.3.0.201811011841/tools/bin/../lib/gcc/arm-none-eabi/7.3.1/../../../../arm-none-eabi/lib/thumb/v7e-m/fpv4-sp/hard\libcr_c.a(_deferredlazyseek.o) (_Cwritebuf)
c:/nxp/mcuxpressoide_10.3.1_2233/ide/plugins/com.nxp.mcuxpresso.tools.win32_10.3.0.201811011841/tools/bin/../lib/gcc/arm-none-eabi/7.3.1/../../../../arm-none-eabi/lib/thumb/v7e-m/fpv4-sp/hard\libcr_c.a(alloc.o)
                              ./drivers/fsl_common.o (malloc)
c:/nxp/mcuxpressoide_10.3.1_2233/ide/plugins/com.nxp.mcuxpresso.tools.win32_10.3.0.201811011841/tools/bin/../lib/gcc/arm-none-eabi/7.3.1/../../../../arm-none-eabi/lib/thumb/v7e-m/fpv4-sp/hard\libcr_c.a(asin.o)
                              ./source/MadgwickAHRS.o (asin)
c:/nxp/mcuxpressoide_10.3.1_2233/ide/plugins/com.nxp.mcuxpresso.tools.win32_10.3.0.201811011841/tools/bin/../lib/gcc/arm-none-eabi/7.3.1/../../../../arm-none-eabi/lib/thumb/v7e-m/fpv4-sp/hard\libcr_c.a(atan2.o)
                              ./source/MadgwickAHRS.o (atan2)
c:/nxp/mcuxpressoide_10.3.1_2233/ide/plugins/com.nxp.mcuxpresso.tools.win32_10.3.0.201811011841/tools/bin/../lib/gcc/arm-none-eabi/7.3.1/../../../../arm-none-eabi/lib/thumb/v7e-m/fpv4-sp/hard\libcr_c.a(errno.o)
                              c:/nxp/mcuxpressoide_10.3.1_2233/ide/plugins/com.nxp.mcuxpresso.tools.win32_10.3.0.201811011841/tools/bin/../lib/gcc/arm-none-eabi/7.3.1/../../../../arm-none-eabi/lib/thumb/v7e-m/fpv4-sp/hard\libcr_c.a(atan2.o) (errno)
[...]
Memory Configuration

Name             Origin             Length             Attributes
PROGRAM_FLASH    0x00000000         0x00100000         xr
SRAM_UPPER       0x20000000         0x00030000         xrw
SRAM_LOWER       0x1fff0000         0x00010000         xrw
FLEX_RAM         0x14000000         0x00001000         xrw
*default*        0x00000000         0xffffffff

Linker script and memory map

LOAD ./utilities/fsl_assert.o
LOAD ./utilities/fsl_debug_console.o
LOAD ./utilities/fsl_str.o
LOAD ./utilities/systick_utils.o
LOAD ./startup/startup_mk64f12.o
LOAD ./source/MadgwickAHRS.o
LOAD ./source/fxas21002_interrupt.o
LOAD ./source/semihost_hardfault.o
LOAD ./sensors/fxas21002_drv.o
LOAD ./sensors/fxos8700_drv.o
LOAD ./interfaces/register_io_i2c.o
LOAD ./interfaces/register_io_spi.o
LOAD ./interfaces/sensor_io_i2c.o
LOAD ./interfaces/sensor_io_spi.o
LOAD ./gpio_driver/gpio_driver.o
LOAD ./gpio_driver/gpio_driver_irq.o
LOAD ./drivers/FlexTimer.o
LOAD ./drivers/fsl_clock.o
LOAD ./drivers/fsl_common.o
LOAD ./drivers/fsl_dmamux.o
LOAD ./drivers/fsl_dspi.o
LOAD ./drivers/fsl_dspi_cmsis.o
LOAD ./drivers/fsl_dspi_edma.o
LOAD ./drivers/fsl_edma.o
LOAD ./drivers/fsl_ftfx_cache.o
LOAD ./drivers/fsl_ftfx_controller.o
LOAD ./drivers/fsl_ftfx_flash.o
LOAD ./drivers/fsl_ftfx_flexnvm.o
LOAD ./drivers/fsl_gpio.o
LOAD ./drivers/fsl_i2c.o
LOAD ./drivers/fsl_i2c_cmsis.o
LOAD ./drivers/fsl_i2c_edma.o
LOAD ./drivers/fsl_pit.o
LOAD ./drivers/fsl_smc.o
LOAD ./drivers/fsl_uart.o
LOAD ./drivers/fsl_uart_cmsis.o
LOAD ./drivers/fsl_uart_edma.o
LOAD ./device/system_MK64F12.o
LOAD ./component/uart/uart_adapter.o
LOAD ./component/serial_manager/serial_manager.o
LOAD ./component/serial_manager/serial_port_uart.o
LOAD ./component/lists/generic_list.o
LOAD ./board/board.o
LOAD ./board/clock_config.o
LOAD ./board/frdm_k64f.o
LOAD ./board/pin_mux.o
START GROUP
LOAD c:/nxp/mcuxpressoide_10.3.1_2233/ide/plugins/com.nxp.mcuxpresso.tools.win32_10.3.0.201811011841/tools/bin/../lib/gcc/arm-none-eabi/7.3.1/../../../../arm-none-eabi/lib/thumb/v7e-m/fpv4-sp/hard\libcr_semihost_nf.a
LOAD c:/nxp/mcuxpressoide_10.3.1_2233/ide/plugins/com.nxp.mcuxpresso.tools.win32_10.3.0.201811011841/tools/bin/../lib/gcc/arm-none-eabi/7.3.1/../../../../arm-none-eabi/lib/thumb/v7e-m/fpv4-sp/hard\libcr_c.a
LOAD c:/nxp/mcuxpressoide_10.3.1_2233/ide/plugins/com.nxp.mcuxpresso.tools.win32_10.3.0.201811011841/tools/bin/../lib/gcc/arm-none-eabi/7.3.1/thumb/v7e-m/fpv4-sp/hard\libcr_eabihelpers.a
LOAD c:/nxp/mcuxpressoide_10.3.1_2233/ide/plugins/com.nxp.mcuxpresso.tools.win32_10.3.0.201811011841/tools/bin/../lib/gcc/arm-none-eabi/7.3.1/thumb/v7e-m/fpv4-sp/hard\libgcc.a
END GROUP
                0x00000000                __base_PROGRAM_FLASH = 0x0
                0x00000000                __base_Flash = 0x0
                0x00100000                __top_PROGRAM_FLASH = 0x100000
                0x00100000                __top_Flash = 0x100000
                0x20000000                __base_SRAM_UPPER = 0x20000000
                0x20000000                __base_RAM = 0x20000000
                0x20030000                __top_SRAM_UPPER = 0x20030000
                0x20030000                __top_RAM = 0x20030000
                0x1fff0000                __base_SRAM_LOWER = 0x1fff0000
                0x1fff0000                __base_RAM2 = 0x1fff0000
                0x20000000                __top_SRAM_LOWER = 0x20000000
                0x20000000                __top_RAM2 = 0x20000000
                0x14000000                __base_FLEX_RAM = 0x14000000
                0x14000000                __base_RAM3 = 0x14000000
                0x14001000                __top_FLEX_RAM = 0x14001000
                0x14001000                __top_RAM3 = 0x14001000

.text           0x00000000     0xcf60
 FILL mask 0xff
                0x00000000                __vectors_start__ = ABSOLUTE (.)
 *(SORT_BY_ALIGNMENT(.isr_vector))
 .isr_vector    0x00000000      0x198 ./startup/startup_mk64f12.o
                0x00000000                g_pfnVectors
                0x00000000                __Vectors
                0x00000198                . = ALIGN (0x4)
                0x00000198                __section_table_start = .
                0x00000198                __data_section_table = .
                0x00000198        0x4 LONG 0xcf60 LOADADDR (.data)
                0x0000019c        0x4 LONG 0x20000000 ADDR (.data)
                0x000001a0        0x4 LONG 0x88 SIZEOF (.data)
                0x000001a4        0x4 LONG 0xcf60 LOADADDR (.data_RAM2)
                0x000001a8        0x4 LONG 0x1fff0000 ADDR (.data_RAM2)
                0x000001ac        0x4 LONG 0x0 SIZEOF (.data_RAM2)
                0x000001b0        0x4 LONG 0xcf60 LOADADDR (.data_RAM3)
                0x000001b4        0x4 LONG 0x14000000 ADDR (.data_RAM3)
                0x000001b8        0x4 LONG 0x0 SIZEOF (.data_RAM3)
                0x000001bc                __data_section_table_end = .
                0x000001bc                __bss_section_table = .
                0x000001bc        0x4 LONG 0x20000088 ADDR (.bss)
                0x000001c0        0x4 LONG 0x6b8 SIZEOF (.bss)
                0x000001c4        0x4 LONG 0x1fff0000 ADDR (.bss_RAM2)
                0x000001c8        0x4 LONG 0x0 SIZEOF (.bss_RAM2)
                0x000001cc        0x4 LONG 0x14000000 ADDR (.bss_RAM3)
                0x000001d0        0x4 LONG 0x0 SIZEOF (.bss_RAM3)
                0x000001d4                __bss_section_table_end = .
                0x000001d4                __section_table_end = .
 *(SORT_BY_ALIGNMENT(.after_vectors*))
 .after_vectors.reset
                0x000001d4       0x4c ./startup/startup_mk64f12.o
                0x000001d4                ResetISR
 .after_vectors.init_data
                0x00000220       0x1e ./startup/startup_mk64f12.o
                0x00000220                data_init
 .after_vectors.init_bss
                0x0000023e       0x12 ./startup/startup_mk64f12.o
                0x0000023e                bss_init
 .after_vectors
                0x00000250       0x14 ./startup/startup_mk64f12.o
                0x00000250                NMI_Handler
                0x00000254                MemManage_Handler
                0x00000256                BusFault_Handler
                0x00000258                UsageFault_Handler
                0x0000025a                SVC_Handler
                0x0000025c                DebugMon_Handler
                0x0000025e                PendSV_Handler
                0x00000262                FTM2_DriverIRQHandler
                0x00000262                PIT2_DriverIRQHandler
                0x00000262                SDHC_DriverIRQHandler
                0x00000262                I2S0_Tx_DriverIRQHandler
                0x00000262                RTC_Seconds_DriverIRQHandler
                0x00000262                LLWU_DriverIRQHandler
                0x00000262                MCM_DriverIRQHandler
                0x00000262                MCG_DriverIRQHandler
                0x00000262                ENET_1588_Timer_DriverIRQHandler
                0x00000262                DAC1_DriverIRQHandler
                0x00000262                FTM1_DriverIRQHandler
                0x00000262                CMP1_DriverIRQHandler
                0x00000262                FTM0_DriverIRQHandler
                0x00000262                IntDefaultHandler
                0x00000262                USB0_DriverIRQHandler
                0x00000262                UART5_ERR_DriverIRQHandler
                0x00000262                PORTC_DriverIRQHandler
                0x00000262                DAC0_DriverIRQHandler
                0x00000262                CMP2_DriverIRQHandler
                0x00000262                UART2_ERR_DriverIRQHandler
                0x00000262                LVD_LVW_DriverIRQHandler
                0x00000262                DMA_Error_DriverIRQHandler
                0x00000262                RNG_DriverIRQHandler
                0x00000262                USBDCD_DriverIRQHandler
                0x00000262                UART3_ERR_DriverIRQHandler
                0x00000262                UART0_ERR_DriverIRQHandler
                0x00000262                CMT_DriverIRQHandler
                0x00000262                Reserved71_DriverIRQHandler
                0x00000262                ADC1_DriverIRQHandler
                0x00000262                PORTA_DriverIRQHandler
                0x00000262                PIT3_DriverIRQHandler
                0x00000262                PIT1_DriverIRQHandler
                0x00000262                WDOG_EWM_DriverIRQHandler
                0x00000262                PDB0_DriverIRQHandler
                0x00000262                RTC_DriverIRQHandler
                0x00000262                I2S0_Rx_DriverIRQHandler
                0x00000262                Read_Collision_DriverIRQHandler
                0x00000262                SWI_DriverIRQHandler
                0x00000262                UART4_ERR_DriverIRQHandler
                0x00000262                LPTMR0_DriverIRQHandler
                0x00000262                UART0_LON_DriverIRQHandler
                0x00000262                PORTB_DriverIRQHandler
                0x00000262                ENET_Receive_DriverIRQHandler
                0x00000262                ENET_Error_DriverIRQHandler
                0x00000262                ADC0_DriverIRQHandler
                0x00000262                CMP0_DriverIRQHandler
                0x00000262                CAN0_DriverIRQHandler
                0x00000262                FTM3_DriverIRQHandler
                0x00000262                PIT0_DriverIRQHandler
                0x00000262                UART1_ERR_DriverIRQHandler
                0x00000262                ENET_Transmit_DriverIRQHandler
                0x00000262                PORTD_DriverIRQHandler
                0x00000262                PORTE_DriverIRQHandler
                0x00000262                FTFE_DriverIRQHandler
                0x00000400                . = 0x400
 *fill*         0x00000264      0x19c ff
                0x00000400                PROVIDE (__FLASH_CONFIG_START__ = .)
 *(SORT_BY_ALIGNMENT(.FlashConfig))
 .FlashConfig   0x00000400       0x10 ./startup/startup_mk64f12.o
                0x00000400                Flash_Config
                0x00000410                PROVIDE (__FLASH_CONFIG_END__ = .)
                0x00000001                ASSERT (! ((__FLASH_CONFIG_START__ == __FLASH_CONFIG_END__)), Linker Flash Config Support Enabled, but no .FlashConfig section provided within application)
 *(SORT_BY_ALIGNMENT(.text*))
 .text.MadgwickAHRSupdate
                0x00000410     0x1608 ./source/MadgwickAHRS.o
                0x00000410                MadgwickAHRSupdate
 .text.MadgwickAHRSupdateIMU
                0x00001a18      0x8f8 ./source/MadgwickAHRS.o
                0x00001a18                MadgwickAHRSupdateIMU
 .text.main     0x00002310      0x6d0 ./source/fxas21002_interrupt.o
                0x00002310                main
 .text.atan2    0x000029e0      0x128 c:/nxp/mcuxpressoide_10.3.1_2233/ide/plugins/com.nxp.mcuxpresso.tools.win32_10.3.0.201811011841/tools/bin/../lib/gcc/arm-none-eabi/7.3.1/../../../../arm-none-eabi/lib/thumb/v7e-m/fpv4-sp/hard\libcr_c.a(atan2.o)
                0x000029e0                atan2
 .text.fp_display
                0x00002b08      0x974 c:/nxp/mcuxpressoide_10.3.1_2233/ide/plugins/com.nxp.mcuxpresso.tools.win32_10.3.0.201811011841/tools/bin/../lib/gcc/arm-none-eabi/7.3.1/../../../../arm-none-eabi/lib/thumb/v7e-m/fpv4-sp/hard\libcr_c.a(fpprintf.o)
 *fill*         0x0000347c        0x4 ff
 .text.sqrt     0x00003480      0x11c c:/nxp/mcuxpressoide_10.3.1_2233/ide/plugins/com.nxp.mcuxpresso.tools.win32_10.3.0.201811011841/tools/bin/../lib/gcc/arm-none-eabi/7.3.1/../../../../arm-none-eabi/lib/thumb/v7e-m/fpv4-sp/hard\libcr_c.a(sqrt.o)
                0x00003480                sqrt
 *fill*         0x0000359c        0x4 ff
 .text._asinacos
                0x000035a0      0x290 c:/nxp/mcuxpressoide_10.3.1_2233/ide/plugins/com.nxp.mcuxpresso.tools.win32_10.3.0.201811011841/tools/bin/../lib/gcc/arm-none-eabi/7.3.1/../../../../arm-none-eabi/lib/thumb/v7e-m/fpv4-sp/hard\libcr_c.a(_asinacos.o)
                0x000035a0                _asinacos
 .text._frexpl  0x00003830       0x68 c:/nxp/mcuxpressoide_10.3.1_2233/ide/plugins/com.nxp.mcuxpresso.tools.win32_10.3.0.201811011841/tools/bin/../lib/gcc/arm-none-eabi/7.3.1/../../../../arm-none-eabi/lib/thumb/v7e-m/fpv4-sp/hard\libcr_c.a(_frexpl.o)
                0x00003830                _frexpl
 .text._ldexpl  0x00003898       0x58 c:/nxp/mcuxpressoide_10.3.1_2233/ide/plugins/com.nxp.mcuxpresso.tools.win32_10.3.0.201811011841/tools/bin/../lib/gcc/arm-none-eabi/7.3.1/../../../../arm-none-eabi/lib/thumb/v7e-m/fpv4-sp/hard\libcr_c.a(_ldexpl.o)
                0x00003898                _ldexpl
 .text.atan     0x000038f0      0x224 c:/nxp/mcuxpressoide_10.3.1_2233/ide/plugins/com.nxp.mcuxpresso.tools.win32_10.3.0.201811011841/tools/bin/../lib/gcc/arm-none-eabi/7.3.1/../../../../arm-none-eabi/lib/thumb/v7e-m/fpv4-sp/hard\libcr_c.a(atan.o)
                0x000038f0                atan
 .text.DbgConsole_Init
                0x00003b14       0xf8 ./utilities/fsl_debug_console.o
                0x00003b14                DbgConsole_Init
 .text.SysTick_Handler
                0x00003c0c       0x1c ./utilities/systick_utils.o
                0x00003c0c                SysTick_Handler
 .text.invSqrt  0x00003c28       0x78 ./source/MadgwickAHRS.o
                0x00003c28                invSqrt
 .text.__NVIC_EnableIRQ
                0x00003ca0       0x3c ./source/fxas21002_interrupt.o
 .text.PIT_GetDefaultConfig
                0x00003cdc       0x28 ./source/fxas21002_interrupt.o
 .text.fxas21002_isr
                0x00003d04       0x20 ./source/fxas21002_interrupt.o
                0x00003d04                fxas21002_isr
 .text.PIT0_IRQHandler
                0x00003d24       0x24 ./source/fxas21002_interrupt.o
                0x00003d24                PIT0_IRQHandler
 .text.CalibrateMagnetometer
                0x00003d48      0x2a4 ./source/fxas21002_interrupt.o
 .text.I2C1_SignalEvent_t
                0x00003fec       0x30 ./interfaces/register_io_i2c.o
                0x00003fec                I2C1_SignalEvent_t
 .text.Register_I2C_Write
                0x0000401c      0x220 ./interfaces/register_io_i2c.o
                0x0000401c                Register_I2C_Write
 .text.Register_I2C_Read
                0x0000423c      0x150 ./interfaces/register_io_i2c.o
                0x0000423c                Register_I2C_Read
 .text.__NVIC_EnableIRQ
                0x0000438c       0x3c ./gpio_driver/gpio_driver.o
 .text.PORT_SetPinConfig
                0x000043c8       0x38 ./gpio_driver/gpio_driver.o
 .text.ksdk_gpio_get_version
                0x00004400       0x2c ./gpio_driver/gpio_driver.o
                0x00004400                ksdk_gpio_get_version
 .text.ksdk_gpio_pin_init
                0x0000442c       0xd8 ./gpio_driver/gpio_driver.o
                0x0000442c                ksdk_gpio_pin_init
 .text.ksdk_gpio_handle_interrupt
                0x00004504       0x84 ./gpio_driver/gpio_driver.o
                0x00004504                ksdk_gpio_handle_interrupt
 .text.PORTA_IRQHandler
                0x00004588       0x14 ./gpio_driver/gpio_driver_irq.o
                0x00004588                PORTA_IRQHandler
 .text.PORTB_IRQHandler
                0x0000459c       0x14 ./gpio_driver/gpio_driver_irq.o
                0x0000459c                PORTB_IRQHandler
 .text.PORTC_IRQHandler
                0x000045b0       0x14 ./gpio_driver/gpio_driver_irq.o
                0x000045b0                PORTC_IRQHandler
 .text.PORTD_IRQHandler
                0x000045c4       0x14 ./gpio_driver/gpio_driver_irq.o
                0x000045c4                PORTD_IRQHandler
 .text.PORTE_IRQHandler
                0x000045d8       0x14 ./gpio_driver/gpio_driver_irq.o
                0x000045d8                PORTE_IRQHandler
 .text.FlexTimer_Init
                0x000045ec       0xc8 ./drivers/FlexTimer.o
                0x000045ec                FlexTimer_Init
 .text.CLOCK_SetEr32kClock
                0x000046b4       0x30 ./drivers/fsl_clock.o
 .text.CLOCK_SetPllFllSelClock
                0x000046e4       0x3c ./drivers/fsl_clock.o
 .text.CLOCK_GetMcgExtClkFreq
                0x00004720       0x78 ./drivers/fsl_clock.o
 .text.CLOCK_GetFllExtRefClkFreq
                0x00004798       0xd0 ./drivers/fsl_clock.o
 .text.CLOCK_GetInternalRefClkSelectFreq
                0x00004868       0x44 ./drivers/fsl_clock.o
 .text.CLOCK_GetFllRefClkFreq
                0x000048ac       0x2c ./drivers/fsl_clock.o
 .text.CLOCK_GetOscRangeFromFreq
                0x000048d8       0x3c ./drivers/fsl_clock.o
 .text.CLOCK_GetOsc0ErClkFreq
                0x00004914       0x38 ./drivers/fsl_clock.o
                0x00004914                CLOCK_GetOsc0ErClkFreq
 .text.CLOCK_GetEr32kClkFreq
                0x0000494c       0x70 ./drivers/fsl_clock.o
                0x0000494c                CLOCK_GetEr32kClkFreq
 .text.CLOCK_GetPllFllSelClkFreq
                0x000049bc       0x54 ./drivers/fsl_clock.o
                0x000049bc                CLOCK_GetPllFllSelClkFreq
 .text.CLOCK_GetCoreSysClkFreq
                0x00004a10       0x28 ./drivers/fsl_clock.o
                0x00004a10                CLOCK_GetCoreSysClkFreq
 .text.CLOCK_GetFreq
                0x00004a38      0x148 ./drivers/fsl_clock.o
                0x00004a38                CLOCK_GetFreq
 .text.CLOCK_SetSimConfig
                0x00004b80       0x38 ./drivers/fsl_clock.o
                0x00004b80                CLOCK_SetSimConfig
 .text.CLOCK_GetOutClkFreq
                0x00004bb8       0x64 ./drivers/fsl_clock.o
                0x00004bb8                CLOCK_GetOutClkFreq
 .text.CLOCK_GetFllFreq
                0x00004c1c       0x7c ./drivers/fsl_clock.o
                0x00004c1c                CLOCK_GetFllFreq
 .text.CLOCK_GetInternalRefClkFreq
                0x00004c98       0x24 ./drivers/fsl_clock.o
                0x00004c98                CLOCK_GetInternalRefClkFreq
 .text.CLOCK_GetPll0Freq
                0x00004cbc       0x68 ./drivers/fsl_clock.o
                0x00004cbc                CLOCK_GetPll0Freq
 .text.CLOCK_SetExternalRefClkConfig
                0x00004d24       0x6c ./drivers/fsl_clock.o
                0x00004d24                CLOCK_SetExternalRefClkConfig
 .text.CLOCK_SetInternalRefClkConfig
                0x00004d90      0x104 ./drivers/fsl_clock.o
                0x00004d90                CLOCK_SetInternalRefClkConfig
 .text.CLOCK_EnablePll0
                0x00004e94       0x84 ./drivers/fsl_clock.o
                0x00004e94                CLOCK_EnablePll0
 .text.CLOCK_InitOsc0
                0x00004f18       0x8c ./drivers/fsl_clock.o
                0x00004f18                CLOCK_InitOsc0
 .text.CLOCK_SetPbeMode
                0x00004fa4       0xa8 ./drivers/fsl_clock.o
                0x00004fa4                CLOCK_SetPbeMode
 .text.CLOCK_BootToPeeMode
                0x0000504c       0x64 ./drivers/fsl_clock.o
                0x0000504c                CLOCK_BootToPeeMode
 .text.DSPI_CommonIRQHandler
                0x000050b0       0x40 ./drivers/fsl_dspi.o
 .text.SPI0_DriverIRQHandler
                0x000050f0       0x30 ./drivers/fsl_dspi.o
                0x000050f0                SPI0_DriverIRQHandler
 .text.SPI1_DriverIRQHandler
                0x00005120       0x30 ./drivers/fsl_dspi.o
                0x00005120                SPI1_DriverIRQHandler
 .text.SPI2_DriverIRQHandler
                0x00005150       0x30 ./drivers/fsl_dspi.o
                0x00005150                SPI2_DriverIRQHandler
 .text.EDMA_HandleIRQ
                0x00005180      0x154 ./drivers/fsl_edma.o
                0x00005180                EDMA_HandleIRQ
 .text.DMA0_DriverIRQHandler
                0x000052d4       0x1c ./drivers/fsl_edma.o
                0x000052d4                DMA0_DriverIRQHandler
 .text.DMA1_DriverIRQHandler
                0x000052f0       0x1c ./drivers/fsl_edma.o
                0x000052f0                DMA1_DriverIRQHandler
 .text.DMA2_DriverIRQHandler
                0x0000530c       0x1c ./drivers/fsl_edma.o
                0x0000530c                DMA2_DriverIRQHandler
 .text.DMA3_DriverIRQHandler
                0x00005328       0x1c ./drivers/fsl_edma.o
                0x00005328                DMA3_DriverIRQHandler
 .text.DMA4_DriverIRQHandler
                0x00005344       0x1c ./drivers/fsl_edma.o
                0x00005344                DMA4_DriverIRQHandler
 .text.DMA5_DriverIRQHandler
                0x00005360       0x1c ./drivers/fsl_edma.o
                0x00005360                DMA5_DriverIRQHandler
 .text.DMA6_DriverIRQHandler
                0x0000537c       0x1c ./drivers/fsl_edma.o
                0x0000537c                DMA6_DriverIRQHandler
 .text.DMA7_DriverIRQHandler
                0x00005398       0x1c ./drivers/fsl_edma.o
                0x00005398                DMA7_DriverIRQHandler
 .text.DMA8_DriverIRQHandler
                0x000053b4       0x1c ./drivers/fsl_edma.o
                0x000053b4                DMA8_DriverIRQHandler
 .text.DMA9_DriverIRQHandler
                0x000053d0       0x1c ./drivers/fsl_edma.o
                0x000053d0                DMA9_DriverIRQHandler
 .text.DMA10_DriverIRQHandler
                0x000053ec       0x1c ./drivers/fsl_edma.o
                0x000053ec                DMA10_DriverIRQHandler
 .text.DMA11_DriverIRQHandler
                0x00005408       0x1c ./drivers/fsl_edma.o
                0x00005408                DMA11_DriverIRQHandler
 .text.DMA12_DriverIRQHandler
                0x00005424       0x1c ./drivers/fsl_edma.o
                0x00005424                DMA12_DriverIRQHandler
 .text.DMA13_DriverIRQHandler
                0x00005440       0x1c ./drivers/fsl_edma.o
                0x00005440                DMA13_DriverIRQHandler
 .text.DMA14_DriverIRQHandler
                0x0000545c       0x1c ./drivers/fsl_edma.o
                0x0000545c                DMA14_DriverIRQHandler
 .text.DMA15_DriverIRQHandler
                0x00005478       0x1c ./drivers/fsl_edma.o
                0x00005478                DMA15_DriverIRQHandler
 .text.GPIO_GetInstance
                0x00005494       0x4c ./drivers/fsl_gpio.o
 .text.GPIO_PinInit
                0x000054e0       0x64 ./drivers/fsl_gpio.o
                0x000054e0                GPIO_PinInit
 .text.GPIO_PortGetInterruptFlags
                0x00005544       0x30 ./drivers/fsl_gpio.o
                0x00005544                GPIO_PortGetInterruptFlags
 .text.GPIO_PortClearInterruptFlags
                0x00005574       0x34 ./drivers/fsl_gpio.o
                0x00005574                GPIO_PortClearInterruptFlags
 .text.__NVIC_EnableIRQ
                0x000055a8       0x3c ./drivers/fsl_i2c.o
 .text.I2C_GetInstance
                0x000055e4       0x4c ./drivers/fsl_i2c.o
                0x000055e4                I2C_GetInstance
 .text.I2C_MasterTransferRunStateMachine
                0x00005630      0x254 ./drivers/fsl_i2c.o
 .text.I2C_TransferCommonIRQHandler
                0x00005884       0x50 ./drivers/fsl_i2c.o
 .text.I2C_MasterDeinit
                0x000058d4       0x30 ./drivers/fsl_i2c.o
                0x000058d4                I2C_MasterDeinit
 .text.I2C_MasterSetBaudRate
                0x00005904       0xe0 ./drivers/fsl_i2c.o
                0x00005904                I2C_MasterSetBaudRate
 .text.I2C_MasterTransferCreateHandle
                0x000059e4       0x74 ./drivers/fsl_i2c.o
                0x000059e4                I2C_MasterTransferCreateHandle
 .text.I2C_MasterTransferNonBlocking
                0x00005a58       0x64 ./drivers/fsl_i2c.o
                0x00005a58                I2C_MasterTransferNonBlocking
 .text.I2C_MasterTransferAbort
                0x00005abc       0xc4 ./drivers/fsl_i2c.o
                0x00005abc                I2C_MasterTransferAbort
 .text.I2C_MasterTransferHandleIRQ
                0x00005b80       0xb4 ./drivers/fsl_i2c.o
                0x00005b80                I2C_MasterTransferHandleIRQ
 .text.I2C_SlaveTransferCreateHandle
                0x00005c34       0x74 ./drivers/fsl_i2c.o
                0x00005c34                I2C_SlaveTransferCreateHandle
 .text.I2C_SlaveTransferNonBlocking
                0x00005ca8       0x70 ./drivers/fsl_i2c.o
                0x00005ca8                I2C_SlaveTransferNonBlocking
 .text.I2C_SlaveTransferAbort
                0x00005d18       0x48 ./drivers/fsl_i2c.o
                0x00005d18                I2C_SlaveTransferAbort
 .text.I2C_SlaveTransferHandleIRQ
                0x00005d60      0x300 ./drivers/fsl_i2c.o
                0x00005d60                I2C_SlaveTransferHandleIRQ
 .text.I2C0_DriverIRQHandler
                0x00006060       0x1c ./drivers/fsl_i2c.o
                0x00006060                I2C0_DriverIRQHandler
 .text.I2C1_DriverIRQHandler
                0x0000607c       0x1c ./drivers/fsl_i2c.o
                0x0000607c                I2C1_DriverIRQHandler
 .text.I2C2_DriverIRQHandler
                0x00006098       0x1c ./drivers/fsl_i2c.o
                0x00006098                I2C2_DriverIRQHandler
 .text.I2Cx_GetVersion
                0x000060b4       0x2c ./drivers/fsl_i2c_cmsis.o
 .text.I2C_Master_InterruptTransmit
                0x000060e0       0xd4 ./drivers/fsl_i2c_cmsis.o
                0x000060e0                I2C_Master_InterruptTransmit
 .text.I2C_Master_InterruptReceive
                0x000061b4       0xd4 ./drivers/fsl_i2c_cmsis.o
                0x000061b4                I2C_Master_InterruptReceive
 .text.I2C_Slave_InterruptTransmit
                0x00006288       0x84 ./drivers/fsl_i2c_cmsis.o
                0x00006288                I2C_Slave_InterruptTransmit
 .text.I2C_Slave_InterruptReceive
                0x0000630c       0x8c ./drivers/fsl_i2c_cmsis.o
                0x0000630c                I2C_Slave_InterruptReceive
 .text.I2C_InterruptControl
                0x00006398      0x13c ./drivers/fsl_i2c_cmsis.o
                0x00006398                I2C_InterruptControl
 .text.I2C_InterruptPowerControl
                0x000064d4       0xb4 ./drivers/fsl_i2c_cmsis.o
 .text.I2C1_InterruptInitialize
                0x00006588       0x24 ./drivers/fsl_i2c_cmsis.o
 .text.I2C1_InterruptUninitialize
                0x000065ac       0x18 ./drivers/fsl_i2c_cmsis.o
 .text.I2C1_InterruptPowerControl
                0x000065c4       0x24 ./drivers/fsl_i2c_cmsis.o
 .text.I2C1_Master_InterruptTransmit
                0x000065e8       0x30 ./drivers/fsl_i2c_cmsis.o
                0x000065e8                I2C1_Master_InterruptTransmit
 .text.I2C1_Master_InterruptReceive
                0x00006618       0x30 ./drivers/fsl_i2c_cmsis.o
                0x00006618                I2C1_Master_InterruptReceive
 .text.I2C1_Slave_InterruptTransmit
                0x00006648       0x24 ./drivers/fsl_i2c_cmsis.o
                0x00006648                I2C1_Slave_InterruptTransmit
 .text.I2C1_Slave_InterruptReceive
                0x0000666c       0x24 ./drivers/fsl_i2c_cmsis.o
                0x0000666c                I2C1_Slave_InterruptReceive
 .text.I2C1_InterruptGetDataCount
                0x00006690       0x14 ./drivers/fsl_i2c_cmsis.o
                0x00006690                I2C1_InterruptGetDataCount
 .text.I2C1_InterruptControl
                0x000066a4       0x24 ./drivers/fsl_i2c_cmsis.o
                0x000066a4                I2C1_InterruptControl
 .text.I2C1_InterruptGetStatus
                0x000066c8       0x14 ./drivers/fsl_i2c_cmsis.o
                0x000066c8                I2C1_InterruptGetStatus
 .text.PIT_GetInstance
                0x000066dc       0x44 ./drivers/fsl_pit.o
 .text.PIT_Init
                0x00006720       0x94 ./drivers/fsl_pit.o
                0x00006720                PIT_Init
 .text.UART_GetInstance
                0x000067b4       0x54 ./drivers/fsl_uart.o
                0x000067b4                UART_GetInstance
 .text.UART_Init
                0x00006808      0x2f4 ./drivers/fsl_uart.o
                0x00006808                UART_Init
 .text.UART_GetDefaultConfig
                0x00006afc       0x68 ./drivers/fsl_uart.o
                0x00006afc                UART_GetDefaultConfig
 .text.UART0_DriverIRQHandler
                0x00006b64       0x28 ./drivers/fsl_uart.o
                0x00006b64                UART0_DriverIRQHandler
 .text.UART1_DriverIRQHandler
                0x00006b8c       0x28 ./drivers/fsl_uart.o
                0x00006b8c                UART1_DriverIRQHandler
 .text.UART2_DriverIRQHandler
                0x00006bb4       0x28 ./drivers/fsl_uart.o
                0x00006bb4                UART2_DriverIRQHandler
 .text.UART3_DriverIRQHandler
                0x00006bdc       0x28 ./drivers/fsl_uart.o
                0x00006bdc                UART3_DriverIRQHandler
 .text.UART4_DriverIRQHandler
                0x00006c04       0x28 ./drivers/fsl_uart.o
                0x00006c04                UART4_DriverIRQHandler
 .text.UART5_DriverIRQHandler
                0x00006c2c       0x28 ./drivers/fsl_uart.o
                0x00006c2c                UART5_DriverIRQHandler
 .text.SystemInit
                0x00006c54       0x3c ./device/system_MK64F12.o
                0x00006c54                SystemInit
 .text.HAL_UartInit
                0x00006c90      0x108 ./component/uart/uart_adapter.o
                0x00006c90                HAL_UartInit
 .text.SerialManager_Init
                0x00006d98       0x74 ./component/serial_manager/serial_manager.o
                0x00006d98                SerialManager_Init
 .text.SerialManager_OpenWriteHandle
                0x00006e0c       0x58 ./component/serial_manager/serial_manager.o
                0x00006e0c                SerialManager_OpenWriteHandle
 .text.SerialManager_OpenReadHandle
                0x00006e64       0x60 ./component/serial_manager/serial_manager.o
                0x00006e64                SerialManager_OpenReadHandle
 .text.Serial_UartInit
                0x00006ec4       0x80 ./component/serial_manager/serial_port_uart.o
                0x00006ec4                Serial_UartInit
 .text.CLOCK_SetSimSafeDivs
                0x00006f44       0x20 ./board/clock_config.o
 .text.CLOCK_SetXtal0Freq
                0x00006f64       0x20 ./board/clock_config.o
 .text.CLOCK_CONFIG_SetFllExtRefDiv
                0x00006f84       0x3c ./board/clock_config.o
                0x00006f84                CLOCK_CONFIG_SetFllExtRefDiv
 .text.BOARD_BootClockRUN
                0x00006fc0       0x60 ./board/clock_config.o
                0x00006fc0                BOARD_BootClockRUN
 .text.PORT_SetPinConfig
                0x00007020       0x38 ./board/pin_mux.o
 .text.BOARD_InitPins
                0x00007058       0x48 ./board/pin_mux.o
                0x00007058                BOARD_InitPins
 .text.I2C1_InitPins
                0x000070a0       0x70 ./board/pin_mux.o
                0x000070a0                I2C1_InitPins
 .text.I2C1_DeinitPins
                0x00007110       0x20 ./board/pin_mux.o
                0x00007110                I2C1_DeinitPins
 .text.__assertion_failed
                0x00007130       0x4c c:/nxp/mcuxpressoide_10.3.1_2233/ide/plugins/com.nxp.mcuxpresso.tools.win32_10.3.0.201811011841/tools/bin/../lib/gcc/arm-none-eabi/7.3.1/../../../../arm-none-eabi/lib/thumb/v7e-m/fpv4-sp/hard\libcr_semihost_nf.a(_cr_assert.o)
                0x00007130                __assertion_failed
 .text.__sys_appexit
                0x0000717c        0xc c:/nxp/mcuxpressoide_10.3.1_2233/ide/plugins/com.nxp.mcuxpresso.tools.win32_10.3.0.201811011841/tools/bin/../lib/gcc/arm-none-eabi/7.3.1/../../../../arm-none-eabi/lib/thumb/v7e-m/fpv4-sp/hard\libcr_semihost_nf.a(__sys_appexit.o)
                0x0000717c                __sys_appexit
                0x0000717c                __exit
 .text._Cwritebuf
                0x00007188       0x6c c:/nxp/mcuxpressoide_10.3.1_2233/ide/plugins/com.nxp.mcuxpresso.tools.win32_10.3.0.201811011841/tools/bin/../lib/gcc/arm-none-eabi/7.3.1/../../../../arm-none-eabi/lib/thumb/v7e-m/fpv4-sp/hard\libcr_c.a(_writebuf.o)
                0x00007188                _Cwritebuf
 .text.malloc   0x000071f4       0xc8 c:/nxp/mcuxpressoide_10.3.1_2233/ide/plugins/com.nxp.mcuxpresso.tools.win32_10.3.0.201811011841/tools/bin/../lib/gcc/arm-none-eabi/7.3.1/../../../../arm-none-eabi/lib/thumb/v7e-m/fpv4-sp/hard\libcr_c.a(alloc.o)
                0x000071f4                malloc
 .text._Csys_alloc
                0x000072bc       0x20 c:/nxp/mcuxpressoide_10.3.1_2233/ide/plugins/com.nxp.mcuxpresso.tools.win32_10.3.0.201811011841/tools/bin/../lib/gcc/arm-none-eabi/7.3.1/../../../../arm-none-eabi/lib/thumb/v7e-m/fpv4-sp/hard\libcr_c.a(alloc.o)
                0x000072bc                _Csys_alloc
 .text.sprintf  0x000072dc       0x6c c:/nxp/mcuxpressoide_10.3.1_2233/ide/plugins/com.nxp.mcuxpresso.tools.win32_10.3.0.201811011841/tools/bin/../lib/gcc/arm-none-eabi/7.3.1/../../../../arm-none-eabi/lib/thumb/v7e-m/fpv4-sp/hard\libcr_c.a(fpprintf.o)
                0x000072dc                sprintf
 .text.vsnprintf
                0x00007348       0x68 c:/nxp/mcuxpressoide_10.3.1_2233/ide/plugins/com.nxp.mcuxpresso.tools.win32_10.3.0.201811011841/tools/bin/../lib/gcc/arm-none-eabi/7.3.1/../../../../arm-none-eabi/lib/thumb/v7e-m/fpv4-sp/hard\libcr_c.a(fpprintf.o)
                0x00007348                vsnprintf
 .text.printf   0x000073b0       0x54 c:/nxp/mcuxpressoide_10.3.1_2233/ide/plugins/com.nxp.mcuxpresso.tools.win32_10.3.0.201811011841/tools/bin/../lib/gcc/arm-none-eabi/7.3.1/../../../../arm-none-eabi/lib/thumb/v7e-m/fpv4-sp/hard\libcr_c.a(fpprintf.o)
                0x000073b0                printf
 .text.fseek    0x00007404      0x100 c:/nxp/mcuxpressoide_10.3.1_2233/ide/plugins/com.nxp.mcuxpresso.tools.win32_10.3.0.201811011841/tools/bin/../lib/gcc/arm-none-eabi/7.3.1/../../../../arm-none-eabi/lib/thumb/v7e-m/fpv4-sp/hard\libcr_c.a(fseek.o)
                0x00007404                fseek
 .text.ftell    0x00007504       0x44 c:/nxp/mcuxpressoide_10.3.1_2233/ide/plugins/com.nxp.mcuxpresso.tools.win32_10.3.0.201811011841/tools/bin/../lib/gcc/arm-none-eabi/7.3.1/../../../../arm-none-eabi/lib/thumb/v7e-m/fpv4-sp/hard\libcr_c.a(ftell.o)
                0x00007504                ftell
 .text._initio  0x00007548       0x78 c:/nxp/mcuxpressoide_10.3.1_2233/ide/plugins/com.nxp.mcuxpresso.tools.win32_10.3.0.201811011841/tools/bin/../lib/gcc/arm-none-eabi/7.3.1/../../../../arm-none-eabi/lib/thumb/v7e-m/fpv4-sp/hard\libcr_c.a(initio.o)
                0x00007548                _initio
 .text.__vfprintf
                0x000075c0      0xb8c c:/nxp/mcuxpressoide_10.3.1_2233/ide/plugins/com.nxp.mcuxpresso.tools.win32_10.3.0.201811011841/tools/bin/../lib/gcc/arm-none-eabi/7.3.1/../../../../arm-none-eabi/lib/thumb/v7e-m/fpv4-sp/hard\libcr_c.a(printf.o)
                0x000075c0                __vfprintf
 .text.setvbuf  0x0000814c       0x40 c:/nxp/mcuxpressoide_10.3.1_2233/ide/plugins/com.nxp.mcuxpresso.tools.win32_10.3.0.201811011841/tools/bin/../lib/gcc/arm-none-eabi/7.3.1/../../../../arm-none-eabi/lib/thumb/v7e-m/fpv4-sp/hard\libcr_c.a(setvbuf.o)
                0x0000814c                setvbuf
 .text._sbrk    0x0000818c       0x3c c:/nxp/mcuxpressoide_10.3.1_2233/ide/plugins/com.nxp.mcuxpresso.tools.win32_10.3.0.201811011841/tools/bin/../lib/gcc/arm-none-eabi/7.3.1/../../../../arm-none-eabi/lib/thumb/v7e-m/fpv4-sp/hard\libcr_c.a(_cr_sbrk.o)
                0x0000818c                _sbrk
 .text.fflush   0x000081c8       0x44 c:/nxp/mcuxpressoide_10.3.1_2233/ide/plugins/com.nxp.mcuxpresso.tools.win32_10.3.0.201811011841/tools/bin/../lib/gcc/arm-none-eabi/7.3.1/../../../../arm-none-eabi/lib/thumb/v7e-m/fpv4-sp/hard\libcr_c.a(fflush.o)
                0x000081c8                fflush
 .text.__check_heap_overflow
                0x0000820c       0x18 c:/nxp/mcuxpressoide_10.3.1_2233/ide/plugins/com.nxp.mcuxpresso.tools.win32_10.3.0.201811011841/tools/bin/../lib/gcc/arm-none-eabi/7.3.1/../../../../arm-none-eabi/lib/thumb/v7e-m/fpv4-sp/hard\libcr_c.a(_cr_check_heap.o)
                0x0000820c                __check_heap_overflow
 .text.__aeabi_dmul
                0x00008224      0x11c c:/nxp/mcuxpressoide_10.3.1_2233/ide/plugins/com.nxp.mcuxpresso.tools.win32_10.3.0.201811011841/tools/bin/../lib/gcc/arm-none-eabi/7.3.1/thumb/v7e-m/fpv4-sp/hard\libcr_eabihelpers.a(double.o)
                0x00008224                __aeabi_dmul
 .text.__aeabi_ddiv
                0x00008340      0x138 c:/nxp/mcuxpressoide_10.3.1_2233/ide/plugins/com.nxp.mcuxpresso.tools.win32_10.3.0.201811011841/tools/bin/../lib/gcc/arm-none-eabi/7.3.1/thumb/v7e-m/fpv4-sp/hard\libcr_eabihelpers.a(double.o)
                0x00008340                __aeabi_ddiv
 .text.__aeabi_dsub
                0x00008478      0x1b4 c:/nxp/mcuxpressoide_10.3.1_2233/ide/plugins/com.nxp.mcuxpresso.tools.win32_10.3.0.201811011841/tools/bin/../lib/gcc/arm-none-eabi/7.3.1/thumb/v7e-m/fpv4-sp/hard\libcr_eabihelpers.a(double.o)
                0x00008478                __aeabi_dsub
 .text.__aeabi_dadd
                0x0000862c      0x10c c:/nxp/mcuxpressoide_10.3.1_2233/ide/plugins/com.nxp.mcuxpresso.tools.win32_10.3.0.201811011841/tools/bin/../lib/gcc/arm-none-eabi/7.3.1/thumb/v7e-m/fpv4-sp/hard\libcr_eabihelpers.a(double.o)
                0x0000862c                __aeabi_dadd
 .text.__aeabi_d2f
                0x00008738       0x54 c:/nxp/mcuxpressoide_10.3.1_2233/ide/plugins/com.nxp.mcuxpresso.tools.win32_10.3.0.201811011841/tools/bin/../lib/gcc/arm-none-eabi/7.3.1/thumb/v7e-m/fpv4-sp/hard\libcr_eabihelpers.a(double.o)
                0x00008738                __aeabi_d2f
 .text.__aeabi_f2d
                0x0000878c       0x38 c:/nxp/mcuxpressoide_10.3.1_2233/ide/plugins/com.nxp.mcuxpresso.tools.win32_10.3.0.201811011841/tools/bin/../lib/gcc/arm-none-eabi/7.3.1/thumb/v7e-m/fpv4-sp/hard\libcr_eabihelpers.a(float.o)
                0x0000878c                __aeabi_f2d
 .text.DMA0_IRQHandler
                0x000087c4        0x8 ./startup/startup_mk64f12.o
                0x000087c4                DMA0_IRQHandler
 .text.DMA1_IRQHandler
                0x000087cc        0x8 ./startup/startup_mk64f12.o
                0x000087cc                DMA1_IRQHandler
 .text.DMA2_IRQHandler
                0x000087d4        0x8 ./startup/startup_mk64f12.o
                0x000087d4                DMA2_IRQHandler
 .text.DMA3_IRQHandler
                0x000087dc        0x8 ./startup/startup_mk64f12.o
                0x000087dc                DMA3_IRQHandler
 .text.DMA4_IRQHandler
                0x000087e4        0x8 ./startup/startup_mk64f12.o
                0x000087e4                DMA4_IRQHandler
 .text.DMA5_IRQHandler
                0x000087ec        0x8 ./startup/startup_mk64f12.o
                0x000087ec                DMA5_IRQHandler
 .text.DMA6_IRQHandler
                0x000087f4        0x8 ./startup/startup_mk64f12.o
                0x000087f4                DMA6_IRQHandler
 .text.DMA7_IRQHandler
                0x000087fc        0x8 ./startup/startup_mk64f12.o
                0x000087fc                DMA7_IRQHandler
 .text.DMA8_IRQHandler
                0x00008804        0x8 ./startup/startup_mk64f12.o
                0x00008804                DMA8_IRQHandler
 .text.DMA9_IRQHandler
                0x0000880c        0x8 ./startup/startup_mk64f12.o
                0x0000880c                DMA9_IRQHandler
 .text.DMA10_IRQHandler
                0x00008814        0x8 ./startup/startup_mk64f12.o
                0x00008814                DMA10_IRQHandler
 .text.DMA11_IRQHandler
                0x0000881c        0x8 ./startup/startup_mk64f12.o
                0x0000881c                DMA11_IRQHandler
 .text.DMA12_IRQHandler
                0x00008824        0x8 ./startup/startup_mk64f12.o
                0x00008824                DMA12_IRQHandler
 .text.DMA13_IRQHandler
                0x0000882c        0x8 ./startup/startup_mk64f12.o
                0x0000882c                DMA13_IRQHandler
 .text.DMA14_IRQHandler
                0x00008834        0x8 ./startup/startup_mk64f12.o
                0x00008834                DMA14_IRQHandler
 .text.DMA15_IRQHandler
                0x0000883c        0x8 ./startup/startup_mk64f12.o
                0x0000883c                DMA15_IRQHandler
 .text.DMA_Error_IRQHandler
                0x00008844        0x8 ./startup/startup_mk64f12.o
                0x00008844                DMA_Error_IRQHandler
 .text.MCM_IRQHandler
                0x0000884c        0x8 ./startup/startup_mk64f12.o
                0x0000884c                MCM_IRQHandler
 .text.FTFE_IRQHandler
                0x00008854        0x8 ./startup/startup_mk64f12.o
                0x00008854                FTFE_IRQHandler
 .text.Read_Collision_IRQHandler
                0x0000885c        0x8 ./startup/startup_mk64f12.o
                0x0000885c                Read_Collision_IRQHandler
 .text.LVD_LVW_IRQHandler
                0x00008864        0x8 ./startup/startup_mk64f12.o
                0x00008864                LVD_LVW_IRQHandler
 .text.LLWU_IRQHandler
                0x0000886c        0x8 ./startup/startup_mk64f12.o
                0x0000886c                LLWU_IRQHandler
 .text.WDOG_EWM_IRQHandler
                0x00008874        0x8 ./startup/startup_mk64f12.o
                0x00008874                WDOG_EWM_IRQHandler
 .text.RNG_IRQHandler
                0x0000887c        0x8 ./startup/startup_mk64f12.o
                0x0000887c                RNG_IRQHandler
 .text.I2C0_IRQHandler
                0x00008884        0x8 ./startup/startup_mk64f12.o
                0x00008884                I2C0_IRQHandler
 .text.I2C1_IRQHandler
                0x0000888c        0x8 ./startup/startup_mk64f12.o
                0x0000888c                I2C1_IRQHandler
 .text.SPI0_IRQHandler
                0x00008894        0x8 ./startup/startup_mk64f12.o
                0x00008894                SPI0_IRQHandler
 .text.SPI1_IRQHandler
                0x0000889c        0x8 ./startup/startup_mk64f12.o
                0x0000889c                SPI1_IRQHandler
 .text.I2S0_Tx_IRQHandler
                0x000088a4        0x8 ./startup/startup_mk64f12.o
                0x000088a4                I2S0_Tx_IRQHandler
 .text.I2S0_Rx_IRQHandler
                0x000088ac        0x8 ./startup/startup_mk64f12.o
                0x000088ac                I2S0_Rx_IRQHandler
 .text.UART0_LON_IRQHandler
                0x000088b4        0x8 ./startup/startup_mk64f12.o
                0x000088b4                UART0_LON_IRQHandler
 .text.UART0_RX_TX_IRQHandler
                0x000088bc        0x8 ./startup/startup_mk64f12.o
                0x000088bc                UART0_RX_TX_IRQHandler
 .text.UART0_ERR_IRQHandler
                0x000088c4        0x8 ./startup/startup_mk64f12.o
                0x000088c4                UART0_ERR_IRQHandler
 .text.UART1_RX_TX_IRQHandler
                0x000088cc        0x8 ./startup/startup_mk64f12.o
                0x000088cc                UART1_RX_TX_IRQHandler
 .text.UART1_ERR_IRQHandler
                0x000088d4        0x8 ./startup/startup_mk64f12.o
                0x000088d4                UART1_ERR_IRQHandler
 .text.UART2_RX_TX_IRQHandler
                0x000088dc        0x8 ./startup/startup_mk64f12.o
                0x000088dc                UART2_RX_TX_IRQHandler
 .text.UART2_ERR_IRQHandler
                0x000088e4        0x8 ./startup/startup_mk64f12.o
                0x000088e4                UART2_ERR_IRQHandler
 .text.UART3_RX_TX_IRQHandler
                0x000088ec        0x8 ./startup/startup_mk64f12.o
                0x000088ec                UART3_RX_TX_IRQHandler
 .text.UART3_ERR_IRQHandler
                0x000088f4        0x8 ./startup/startup_mk64f12.o
                0x000088f4                UART3_ERR_IRQHandler
 .text.ADC0_IRQHandler
                0x000088fc        0x8 ./startup/startup_mk64f12.o
                0x000088fc                ADC0_IRQHandler
 .text.CMP0_IRQHandler
                0x00008904        0x8 ./startup/startup_mk64f12.o
                0x00008904                CMP0_IRQHandler
 .text.CMP1_IRQHandler
                0x0000890c        0x8 ./startup/startup_mk64f12.o
                0x0000890c                CMP1_IRQHandler
 .text.FTM0_IRQHandler
                0x00008914        0x8 ./startup/startup_mk64f12.o
                0x00008914                FTM0_IRQHandler
 .text.FTM1_IRQHandler
                0x0000891c        0x8 ./startup/startup_mk64f12.o
                0x0000891c                FTM1_IRQHandler
 .text.FTM2_IRQHandler
                0x00008924        0x8 ./startup/startup_mk64f12.o
                0x00008924                FTM2_IRQHandler
 .text.CMT_IRQHandler
                0x0000892c        0x8 ./startup/startup_mk64f12.o
                0x0000892c                CMT_IRQHandler
 .text.RTC_IRQHandler
                0x00008934        0x8 ./startup/startup_mk64f12.o
                0x00008934                RTC_IRQHandler
 .text.RTC_Seconds_IRQHandler
                0x0000893c        0x8 ./startup/startup_mk64f12.o
                0x0000893c                RTC_Seconds_IRQHandler
 .text.PIT1_IRQHandler
                0x00008944        0x8 ./startup/startup_mk64f12.o
                0x00008944                PIT1_IRQHandler
 .text.PIT2_IRQHandler
                0x0000894c        0x8 ./startup/startup_mk64f12.o
                0x0000894c                PIT2_IRQHandler
 .text.PIT3_IRQHandler
                0x00008954        0x8 ./startup/startup_mk64f12.o
                0x00008954                PIT3_IRQHandler
 .text.PDB0_IRQHandler
                0x0000895c        0x8 ./startup/startup_mk64f12.o
                0x0000895c                PDB0_IRQHandler
 .text.USB0_IRQHandler
                0x00008964        0x8 ./startup/startup_mk64f12.o
                0x00008964                USB0_IRQHandler
 .text.USBDCD_IRQHandler
                0x0000896c        0x8 ./startup/startup_mk64f12.o
                0x0000896c                USBDCD_IRQHandler
 .text.Reserved71_IRQHandler
                0x00008974        0x8 ./startup/startup_mk64f12.o
                0x00008974                Reserved71_IRQHandler
 .text.DAC0_IRQHandler
                0x0000897c        0x8 ./startup/startup_mk64f12.o
                0x0000897c                DAC0_IRQHandler
 .text.MCG_IRQHandler
                0x00008984        0x8 ./startup/startup_mk64f12.o
                0x00008984                MCG_IRQHandler
 .text.LPTMR0_IRQHandler
                0x0000898c        0x8 ./startup/startup_mk64f12.o
                0x0000898c                LPTMR0_IRQHandler
 .text.SWI_IRQHandler
                0x00008994        0x8 ./startup/startup_mk64f12.o
                0x00008994                SWI_IRQHandler
 .text.SPI2_IRQHandler
                0x0000899c        0x8 ./startup/startup_mk64f12.o
                0x0000899c                SPI2_IRQHandler
 .text.UART4_RX_TX_IRQHandler
                0x000089a4        0x8 ./startup/startup_mk64f12.o
                0x000089a4                UART4_RX_TX_IRQHandler
 .text.UART4_ERR_IRQHandler
                0x000089ac        0x8 ./startup/startup_mk64f12.o
                0x000089ac                UART4_ERR_IRQHandler
 .text.UART5_RX_TX_IRQHandler
                0x000089b4        0x8 ./startup/startup_mk64f12.o
                0x000089b4                UART5_RX_TX_IRQHandler
 .text.UART5_ERR_IRQHandler
                0x000089bc        0x8 ./startup/startup_mk64f12.o
                0x000089bc                UART5_ERR_IRQHandler
 .text.CMP2_IRQHandler
                0x000089c4        0x8 ./startup/startup_mk64f12.o
                0x000089c4                CMP2_IRQHandler
 .text.FTM3_IRQHandler
                0x000089cc        0x8 ./startup/startup_mk64f12.o
                0x000089cc                FTM3_IRQHandler
 .text.DAC1_IRQHandler
                0x000089d4        0x8 ./startup/startup_mk64f12.o
                0x000089d4                DAC1_IRQHandler
 .text.ADC1_IRQHandler
                0x000089dc        0x8 ./startup/startup_mk64f12.o
                0x000089dc                ADC1_IRQHandler
 .text.I2C2_IRQHandler
                0x000089e4        0x8 ./startup/startup_mk64f12.o
                0x000089e4                I2C2_IRQHandler
 .text.CAN0_ORed_Message_buffer_IRQHandler
                0x000089ec        0x8 ./startup/startup_mk64f12.o
                0x000089ec                CAN0_ORed_Message_buffer_IRQHandler
 .text.CAN0_Bus_Off_IRQHandler
                0x000089f4        0x8 ./startup/startup_mk64f12.o
                0x000089f4                CAN0_Bus_Off_IRQHandler
 .text.CAN0_Error_IRQHandler
                0x000089fc        0x8 ./startup/startup_mk64f12.o
                0x000089fc                CAN0_Error_IRQHandler
 .text.CAN0_Tx_Warning_IRQHandler
                0x00008a04        0x8 ./startup/startup_mk64f12.o
                0x00008a04                CAN0_Tx_Warning_IRQHandler
 .text.CAN0_Rx_Warning_IRQHandler
                0x00008a0c        0x8 ./startup/startup_mk64f12.o
                0x00008a0c                CAN0_Rx_Warning_IRQHandler
 .text.CAN0_Wake_Up_IRQHandler
                0x00008a14        0x8 ./startup/startup_mk64f12.o
                0x00008a14                CAN0_Wake_Up_IRQHandler
 .text.SDHC_IRQHandler
                0x00008a1c        0x8 ./startup/startup_mk64f12.o
                0x00008a1c                SDHC_IRQHandler
 .text.ENET_1588_Timer_IRQHandler
                0x00008a24        0x8 ./startup/startup_mk64f12.o
                0x00008a24                ENET_1588_Timer_IRQHandler
 .text.ENET_Transmit_IRQHandler
                0x00008a2c        0x8 ./startup/startup_mk64f12.o
                0x00008a2c                ENET_Transmit_IRQHandler
 .text.ENET_Receive_IRQHandler
                0x00008a34        0x8 ./startup/startup_mk64f12.o
                0x00008a34                ENET_Receive_IRQHandler
 .text.ENET_Error_IRQHandler
                0x00008a3c        0x8 ./startup/startup_mk64f12.o
                0x00008a3c                ENET_Error_IRQHandler
 .text.EnableIRQ
                0x00008a44       0x2c ./source/fxas21002_interrupt.o
 .text.PIT_EnableInterrupts
                0x00008a70       0x3a ./source/fxas21002_interrupt.o
 .text.PIT_ClearStatusFlags
                0x00008aaa       0x2a ./source/fxas21002_interrupt.o
 .text.PIT_SetTimerPeriod
                0x00008ad4       0x28 ./source/fxas21002_interrupt.o
 .text.PIT_StartTimer
                0x00008afc       0x38 ./source/fxas21002_interrupt.o
 .text.HardFault_Handler
                0x00008b34       0x2c ./source/semihost_hardfault.o
                0x00008b34                HardFault_Handler
 .text.FXAS21002_I2C_Initialize
                0x00008b60       0x86 ./sensors/fxas21002_drv.o
                0x00008b60                FXAS21002_I2C_Initialize
 .text.FXAS21002_I2C_SetIdleTask
                0x00008be6       0x24 ./sensors/fxas21002_drv.o
                0x00008be6                FXAS21002_I2C_SetIdleTask
 .text.FXAS21002_I2C_Configure
                0x00008c0a       0xa2 ./sensors/fxas21002_drv.o
                0x00008c0a                FXAS21002_I2C_Configure
 .text.FXAS21002_I2C_ReadData
                0x00008cac       0x5e ./sensors/fxas21002_drv.o
                0x00008cac                FXAS21002_I2C_ReadData
 .text.FXOS8700_I2C_Initialize
                0x00008d0a       0x86 ./sensors/fxos8700_drv.o
                0x00008d0a                FXOS8700_I2C_Initialize
 .text.FXOS8700_I2C_SetIdleTask
                0x00008d90       0x24 ./sensors/fxos8700_drv.o
                0x00008d90                FXOS8700_I2C_SetIdleTask
 .text.FXOS8700_I2C_Configure
                0x00008db4       0xa2 ./sensors/fxos8700_drv.o
                0x00008db4                FXOS8700_I2C_Configure
 .text.FXOS8700_I2C_ReadData
                0x00008e56       0x5e ./sensors/fxos8700_drv.o
                0x00008e56                FXOS8700_I2C_ReadData
 .text.Sensor_I2C_Write
                0x00008eb4       0x7e ./interfaces/sensor_io_i2c.o
                0x00008eb4                Sensor_I2C_Write
 .text.Sensor_I2C_Read
                0x00008f32       0x7e ./interfaces/sensor_io_i2c.o
                0x00008f32                Sensor_I2C_Read
 .text.CLOCK_EnableClock
                0x00008fb0       0x34 ./gpio_driver/gpio_driver.o
 .text.EnableIRQ
                0x00008fe4       0x2c ./gpio_driver/gpio_driver.o
 .text.GPIO_PinWrite
                0x00009010       0x36 ./gpio_driver/gpio_driver.o
 .text.GPIO_PortSet
                0x00009046       0x1c ./gpio_driver/gpio_driver.o
 .text.GPIO_PortClear
                0x00009062       0x1c ./gpio_driver/gpio_driver.o
 .text.GPIO_PortToggle
                0x0000907e       0x1c ./gpio_driver/gpio_driver.o
 .text.GPIO_PinRead
                0x0000909a       0x24 ./gpio_driver/gpio_driver.o
 .text.PORT_SetPinInterruptConfig
                0x000090be       0x3a ./gpio_driver/gpio_driver.o
 .text.ksdk_gpio_set_pin
                0x000090f8       0x24 ./gpio_driver/gpio_driver.o
                0x000090f8                ksdk_gpio_set_pin
 .text.ksdk_gpio_clr_pin
                0x0000911c       0x24 ./gpio_driver/gpio_driver.o
                0x0000911c                ksdk_gpio_clr_pin
 .text.ksdk_gpio_toggle_pin
                0x00009140       0x24 ./gpio_driver/gpio_driver.o
                0x00009140                ksdk_gpio_toggle_pin
 .text.ksdk_gpio_write_pin
                0x00009164       0x28 ./gpio_driver/gpio_driver.o
                0x00009164                ksdk_gpio_write_pin
 .text.ksdk_gpio_read_pin
                0x0000918c       0x26 ./gpio_driver/gpio_driver.o
                0x0000918c                ksdk_gpio_read_pin
 .text.OSC_SetExtRefClkConfig
                0x000091b2       0x34 ./drivers/fsl_clock.o
 .text.OSC_SetCapLoad
                0x000091e6       0x34 ./drivers/fsl_clock.o
 .text.CLOCK_GetPll0RefFreq
                0x0000921a        0xe ./drivers/fsl_clock.o
 .text.CLOCK_GetFixedFreqClkFreq
                0x00009228       0x2e ./drivers/fsl_clock.o
                0x00009228                CLOCK_GetFixedFreqClkFreq
 .text.DSPI_IsMaster
                0x00009256       0x1c ./drivers/fsl_dspi.o
 .text.GPIO_PinWrite
                0x00009272       0x36 ./drivers/fsl_gpio.o
 .text.CLOCK_DisableClock
                0x000092a8       0x38 ./drivers/fsl_i2c.o
 .text.EnableIRQ
                0x000092e0       0x2c ./drivers/fsl_i2c.o
 .text.I2C_Enable
                0x0000930c       0x40 ./drivers/fsl_i2c.o
 .text.I2C_SlaveGetStatusFlags
                0x0000934c       0x18 ./drivers/fsl_i2c.o
 .text.I2C_MasterClearStatusFlags
                0x00009364       0x5a ./drivers/fsl_i2c.o
 .text.I2C_SlaveClearStatusFlags
                0x000093be       0x1a ./drivers/fsl_i2c.o
 .text.I2C_InitTransferStateMachine
                0x000093d8       0xd4 ./drivers/fsl_i2c.o
 .text.I2C_CheckAndClearError
                0x000094ac       0x44 ./drivers/fsl_i2c.o
 .text.I2C_EnableInterrupts
                0x000094f0       0x56 ./drivers/fsl_i2c.o
                0x000094f0                I2C_EnableInterrupts
 .text.I2C_DisableInterrupts
                0x00009546       0x4a ./drivers/fsl_i2c.o
                0x00009546                I2C_DisableInterrupts
 .text.I2C_MasterStart
                0x00009590       0x62 ./drivers/fsl_i2c.o
                0x00009590                I2C_MasterStart
 .text.I2C_MasterRepeatedStart
                0x000095f2       0x9a ./drivers/fsl_i2c.o
                0x000095f2                I2C_MasterRepeatedStart
 .text.I2C_MasterStop
                0x0000968c       0x3a ./drivers/fsl_i2c.o
                0x0000968c                I2C_MasterStop
 .text.I2C_MasterGetStatusFlags
                0x000096c6       0x4a ./drivers/fsl_i2c.o
                0x000096c6                I2C_MasterGetStatusFlags
 .text.CLOCK_EnableClock
                0x00009710       0x34 ./drivers/fsl_i2c_cmsis.o
 .text.I2C_SlaveGetStatusFlags
                0x00009744       0x18 ./drivers/fsl_i2c_cmsis.o
 .text.I2Cx_GetCapabilities
                0x0000975c       0x10 ./drivers/fsl_i2c_cmsis.o
 .text.KSDK_I2C_SLAVE_InterruptCallback
                0x0000976c       0x40 ./drivers/fsl_i2c_cmsis.o
 .text.KSDK_I2C_MASTER_InterruptCallback
                0x000097ac       0x50 ./drivers/fsl_i2c_cmsis.o
 .text.I2C_InterruptInitialize
                0x000097fc       0x30 ./drivers/fsl_i2c_cmsis.o
 .text.I2C_InterruptUninitialize
                0x0000982c       0x1c ./drivers/fsl_i2c_cmsis.o
 .text.I2C_InterruptGetDataCount
                0x00009848       0x2e ./drivers/fsl_i2c_cmsis.o
                0x00009848                I2C_InterruptGetDataCount
 .text.I2C_InterruptGetStatus
                0x00009876       0xb4 ./drivers/fsl_i2c_cmsis.o
                0x00009876                I2C_InterruptGetStatus
 .text.CLOCK_EnableClock
                0x0000992a       0x34 ./drivers/fsl_pit.o
 .text.SMC_SetPowerModeVlpr
                0x0000995e       0x4e ./drivers/fsl_smc.o
                0x0000995e                SMC_SetPowerModeVlpr
 .text.CLOCK_EnableClock
                0x000099ac       0x34 ./drivers/fsl_uart.o
 .text.UART0_RX_TX_DriverIRQHandler
                0x000099e0       0x10 ./drivers/fsl_uart.o
                0x000099e0                UART0_RX_TX_DriverIRQHandler
 .text.UART1_RX_TX_DriverIRQHandler
                0x000099f0       0x10 ./drivers/fsl_uart.o
                0x000099f0                UART1_RX_TX_DriverIRQHandler
 .text.UART2_RX_TX_DriverIRQHandler
                0x00009a00       0x10 ./drivers/fsl_uart.o
                0x00009a00                UART2_RX_TX_DriverIRQHandler
 .text.UART3_RX_TX_DriverIRQHandler
                0x00009a10       0x10 ./drivers/fsl_uart.o
                0x00009a10                UART3_RX_TX_DriverIRQHandler
 .text.UART4_RX_TX_DriverIRQHandler
                0x00009a20       0x10 ./drivers/fsl_uart.o
                0x00009a20                UART4_RX_TX_DriverIRQHandler
 .text.UART5_RX_TX_DriverIRQHandler
                0x00009a30       0x10 ./drivers/fsl_uart.o
                0x00009a30                UART5_RX_TX_DriverIRQHandler
 .text.SystemInitHook
                0x00009a40        0xe ./device/system_MK64F12.o
                0x00009a40                SystemInitHook
 .text.HAL_UartGetStatus
                0x00009a4e       0x22 ./component/uart/uart_adapter.o
 .text.BOARD_InitDebugConsole
                0x00009a70       0x22 ./board/board.o
                0x00009a70                BOARD_InitDebugConsole
 .text.I2C1_GetFreq
                0x00009a92       0x10 ./board/frdm_k64f.o
                0x00009a92                I2C1_GetFreq
 .text.CLOCK_EnableClock
                0x00009aa2       0x34 ./board/pin_mux.o
 .text.PORT_SetPinMux
                0x00009ad6       0x3a ./board/pin_mux.o
 .text.__main   0x00009b10        0xe c:/nxp/mcuxpressoide_10.3.1_2233/ide/plugins/com.nxp.mcuxpresso.tools.win32_10.3.0.201811011841/tools/bin/../lib/gcc/arm-none-eabi/7.3.1/../../../../arm-none-eabi/lib/thumb/v7e-m/fpv4-sp/hard\libcr_semihost_nf.a(_cr__main.o)
                0x00009b10                __CR_SEMIHOST
                0x00009b10                __main
 .text.memset   0x00009b1e        0x4 c:/nxp/mcuxpressoide_10.3.1_2233/ide/plugins/com.nxp.mcuxpresso.tools.win32_10.3.0.201811011841/tools/bin/../lib/gcc/arm-none-eabi/7.3.1/../../../../arm-none-eabi/lib/thumb/v7e-m/fpv4-sp/hard\libcr_c.a(memset.o)
                0x00009b1e                memset
 .text._deferredlazyseek
                0x00009b22       0x40 c:/nxp/mcuxpressoide_10.3.1_2233/ide/plugins/com.nxp.mcuxpresso.tools.win32_10.3.0.201811011841/tools/bin/../lib/gcc/arm-none-eabi/7.3.1/../../../../arm-none-eabi/lib/thumb/v7e-m/fpv4-sp/hard\libcr_c.a(_deferredlazyseek.o)
                0x00009b22                _deferredlazyseek
 .text.__flsbuf
                0x00009b62      0x140 c:/nxp/mcuxpressoide_10.3.1_2233/ide/plugins/com.nxp.mcuxpresso.tools.win32_10.3.0.201811011841/tools/bin/../lib/gcc/arm-none-eabi/7.3.1/../../../../arm-none-eabi/lib/thumb/v7e-m/fpv4-sp/hard\libcr_c.a(_deferredlazyseek.o)
                0x00009b62                __flsbuf
 .text._fflush  0x00009ca2       0x52 c:/nxp/mcuxpressoide_10.3.1_2233/ide/plugins/com.nxp.mcuxpresso.tools.win32_10.3.0.201811011841/tools/bin/../lib/gcc/arm-none-eabi/7.3.1/../../../../arm-none-eabi/lib/thumb/v7e-m/fpv4-sp/hard\libcr_c.a(_fflush.o)
                0x00009ca2                _fflush
 .text.free     0x00009cf4       0x30 c:/nxp/mcuxpressoide_10.3.1_2233/ide/plugins/com.nxp.mcuxpresso.tools.win32_10.3.0.201811011841/tools/bin/../lib/gcc/arm-none-eabi/7.3.1/../../../../arm-none-eabi/lib/thumb/v7e-m/fpv4-sp/hard\libcr_c.a(alloc.o)
                0x00009cf4                free
 .text.asin     0x00009d24        0x6 c:/nxp/mcuxpressoide_10.3.1_2233/ide/plugins/com.nxp.mcuxpresso.tools.win32_10.3.0.201811011841/tools/bin/../lib/gcc/arm-none-eabi/7.3.1/../../../../arm-none-eabi/lib/thumb/v7e-m/fpv4-sp/hard\libcr_c.a(asin.o)
                0x00009d24                asin
 .text.fabs     0x00009d2a       0x22 c:/nxp/mcuxpressoide_10.3.1_2233/ide/plugins/com.nxp.mcuxpresso.tools.win32_10.3.0.201811011841/tools/bin/../lib/gcc/arm-none-eabi/7.3.1/../../../../arm-none-eabi/lib/thumb/v7e-m/fpv4-sp/hard\libcr_c.a(fabs.o)
                0x00009d2a                fabs
 .text.fp_round
                0x00009d4c       0x4e c:/nxp/mcuxpressoide_10.3.1_2233/ide/plugins/com.nxp.mcuxpresso.tools.win32_10.3.0.201811011841/tools/bin/../lib/gcc/arm-none-eabi/7.3.1/../../../../arm-none-eabi/lib/thumb/v7e-m/fpv4-sp/hard\libcr_c.a(fpprintf.o)
 .text.pr_dec.constprop.1
                0x00009d9a       0x26 c:/nxp/mcuxpressoide_10.3.1_2233/ide/plugins/com.nxp.mcuxpresso.tools.win32_10.3.0.201811011841/tools/bin/../lib/gcc/arm-none-eabi/7.3.1/../../../../arm-none-eabi/lib/thumb/v7e-m/fpv4-sp/hard\libcr_c.a(fpprintf.o)
 .text.fputs    0x00009dc0       0x2c c:/nxp/mcuxpressoide_10.3.1_2233/ide/plugins/com.nxp.mcuxpresso.tools.win32_10.3.0.201811011841/tools/bin/../lib/gcc/arm-none-eabi/7.3.1/../../../../arm-none-eabi/lib/thumb/v7e-m/fpv4-sp/hard\libcr_c.a(fputs.o)
                0x00009dc0                fputs
 .text.strlen   0x00009dec       0x4a c:/nxp/mcuxpressoide_10.3.1_2233/ide/plugins/com.nxp.mcuxpresso.tools.win32_10.3.0.201811011841/tools/bin/../lib/gcc/arm-none-eabi/7.3.1/../../../../arm-none-eabi/lib/thumb/v7e-m/fpv4-sp/hard\libcr_c.a(strlen.o)
                0x00009dec                strlen
 .text._fdopen  0x00009e36       0x68 c:/nxp/mcuxpressoide_10.3.1_2233/ide/plugins/com.nxp.mcuxpresso.tools.win32_10.3.0.201811011841/tools/bin/../lib/gcc/arm-none-eabi/7.3.1/../../../../arm-none-eabi/lib/thumb/v7e-m/fpv4-sp/hard\libcr_c.a(_fdopen.o)
                0x00009e36                _fdopen
 .text.fclose   0x00009e9e       0x58 c:/nxp/mcuxpressoide_10.3.1_2233/ide/plugins/com.nxp.mcuxpresso.tools.win32_10.3.0.201811011841/tools/bin/../lib/gcc/arm-none-eabi/7.3.1/../../../../arm-none-eabi/lib/thumb/v7e-m/fpv4-sp/hard\libcr_c.a(fclose.o)
                0x00009e9e                fclose
 .text.remove   0x00009ef6       0x14 c:/nxp/mcuxpressoide_10.3.1_2233/ide/plugins/com.nxp.mcuxpresso.tools.win32_10.3.0.201811011841/tools/bin/../lib/gcc/arm-none-eabi/7.3.1/../../../../arm-none-eabi/lib/thumb/v7e-m/fpv4-sp/hard\libcr_c.a(remove.o)
                0x00009ef6                remove
 .text._do_fflush
                0x00009f0a       0x40 c:/nxp/mcuxpressoide_10.3.1_2233/ide/plugins/com.nxp.mcuxpresso.tools.win32_10.3.0.201811011841/tools/bin/../lib/gcc/arm-none-eabi/7.3.1/../../../../arm-none-eabi/lib/thumb/v7e-m/fpv4-sp/hard\libcr_c.a(_do_fflush.o)
                0x00009f0a                _do_fflush
 .text.__aeabi_division_uldivmod
                0x00009f4a      0x174 c:/nxp/mcuxpressoide_10.3.1_2233/ide/plugins/com.nxp.mcuxpresso.tools.win32_10.3.0.201811011841/tools/bin/../lib/gcc/arm-none-eabi/7.3.1/thumb/v7e-m/fpv4-sp/hard\libcr_eabihelpers.a(division_64.o)
                0x00009f4a                __aeabi_uldivmod
                0x00009f4e                __bhs_ldivmod1
 .text.__aeabi_division_idiv0
                0x0000a0be        0x2 c:/nxp/mcuxpressoide_10.3.1_2233/ide/plugins/com.nxp.mcuxpresso.tools.win32_10.3.0.201811011841/tools/bin/../lib/gcc/arm-none-eabi/7.3.1/thumb/v7e-m/fpv4-sp/hard\libcr_eabihelpers.a(division_idiv0.o)
                0x0000a0be                __aeabi_idiv0
 .text.__aeabi_d2iz
                0x0000a0c0       0x40 c:/nxp/mcuxpressoide_10.3.1_2233/ide/plugins/com.nxp.mcuxpresso.tools.win32_10.3.0.201811011841/tools/bin/../lib/gcc/arm-none-eabi/7.3.1/thumb/v7e-m/fpv4-sp/hard\libcr_eabihelpers.a(double.o)
                0x0000a0c0                __aeabi_d2iz
 .text.__bhs_ui2d
                0x0000a100       0x46 c:/nxp/mcuxpressoide_10.3.1_2233/ide/plugins/com.nxp.mcuxpresso.tools.win32_10.3.0.201811011841/tools/bin/../lib/gcc/arm-none-eabi/7.3.1/thumb/v7e-m/fpv4-sp/hard\libcr_eabihelpers.a(double.o)
                0x0000a100                __bhs_ui2d
 .text.__aeabi_i2d
                0x0000a146       0x12 c:/nxp/mcuxpressoide_10.3.1_2233/ide/plugins/com.nxp.mcuxpresso.tools.win32_10.3.0.201811011841/tools/bin/../lib/gcc/arm-none-eabi/7.3.1/thumb/v7e-m/fpv4-sp/hard\libcr_eabihelpers.a(double.o)
                0x0000a146                __aeabi_i2d
 .text.__aeabi_dcmpeq
                0x0000a158       0x30 c:/nxp/mcuxpressoide_10.3.1_2233/ide/plugins/com.nxp.mcuxpresso.tools.win32_10.3.0.201811011841/tools/bin/../lib/gcc/arm-none-eabi/7.3.1/thumb/v7e-m/fpv4-sp/hard\libcr_eabihelpers.a(double.o)
                0x0000a158                __aeabi_dcmpeq
 .text.__aeabi_dcmplt
                0x0000a188       0x58 c:/nxp/mcuxpressoide_10.3.1_2233/ide/plugins/com.nxp.mcuxpresso.tools.win32_10.3.0.201811011841/tools/bin/../lib/gcc/arm-none-eabi/7.3.1/thumb/v7e-m/fpv4-sp/hard\libcr_eabihelpers.a(double.o)
                0x0000a188                __aeabi_dcmplt
 .text.__aeabi_dcmpgt
                0x0000a1e0       0x58 c:/nxp/mcuxpressoide_10.3.1_2233/ide/plugins/com.nxp.mcuxpresso.tools.win32_10.3.0.201811011841/tools/bin/../lib/gcc/arm-none-eabi/7.3.1/thumb/v7e-m/fpv4-sp/hard\libcr_eabihelpers.a(double.o)
                0x0000a1e0                __aeabi_dcmpgt
 .text.__aeabi_dcmple
                0x0000a238       0x5a c:/nxp/mcuxpressoide_10.3.1_2233/ide/plugins/com.nxp.mcuxpresso.tools.win32_10.3.0.201811011841/tools/bin/../lib/gcc/arm-none-eabi/7.3.1/thumb/v7e-m/fpv4-sp/hard\libcr_eabihelpers.a(double.o)
                0x0000a238                __aeabi_dcmple
 .text.__aeabi_dcmpge
                0x0000a292       0x58 c:/nxp/mcuxpressoide_10.3.1_2233/ide/plugins/com.nxp.mcuxpresso.tools.win32_10.3.0.201811011841/tools/bin/../lib/gcc/arm-none-eabi/7.3.1/thumb/v7e-m/fpv4-sp/hard\libcr_eabihelpers.a(double.o)
                0x0000a292                __aeabi_dcmpge
 .text.__aeabi_memset_lowlevel
                0x0000a2ea       0x32 c:/nxp/mcuxpressoide_10.3.1_2233/ide/plugins/com.nxp.mcuxpresso.tools.win32_10.3.0.201811011841/tools/bin/../lib/gcc/arm-none-eabi/7.3.1/thumb/v7e-m/fpv4-sp/hard\libcr_eabihelpers.a(memcpy.o)
                0x0000a2ea                __aeabi_lowlevel_memset
 .text.__sys_close
                0x0000a31c        0xc c:/nxp/mcuxpressoide_10.3.1_2233/ide/plugins/com.nxp.mcuxpresso.tools.win32_10.3.0.201811011841/tools/bin/../lib/gcc/arm-none-eabi/7.3.1/../../../../arm-none-eabi/lib/thumb/v7e-m/fpv4-sp/hard\libcr_semihost_nf.a(__sys_close.o)
                0x0000a31c                __sys_close
 .text.__sys_flen
                0x0000a328        0xc c:/nxp/mcuxpressoide_10.3.1_2233/ide/plugins/com.nxp.mcuxpresso.tools.win32_10.3.0.201811011841/tools/bin/../lib/gcc/arm-none-eabi/7.3.1/../../../../arm-none-eabi/lib/thumb/v7e-m/fpv4-sp/hard\libcr_semihost_nf.a(__sys_flen.o)
                0x0000a328                __sys_flen
 .text.__sys_istty
                0x0000a334        0xc c:/nxp/mcuxpressoide_10.3.1_2233/ide/plugins/com.nxp.mcuxpresso.tools.win32_10.3.0.201811011841/tools/bin/../lib/gcc/arm-none-eabi/7.3.1/../../../../arm-none-eabi/lib/thumb/v7e-m/fpv4-sp/hard\libcr_semihost_nf.a(__sys_istty.o)
                0x0000a334                __sys_istty
 .text.__sys_remove
                0x0000a340        0xc c:/nxp/mcuxpressoide_10.3.1_2233/ide/plugins/com.nxp.mcuxpresso.tools.win32_10.3.0.201811011841/tools/bin/../lib/gcc/arm-none-eabi/7.3.1/../../../../arm-none-eabi/lib/thumb/v7e-m/fpv4-sp/hard\libcr_semihost_nf.a(__sys_remove.o)
                0x0000a340                __sys_remove
 .text.__sys_seek
                0x0000a34c        0xc c:/nxp/mcuxpressoide_10.3.1_2233/ide/plugins/com.nxp.mcuxpresso.tools.win32_10.3.0.201811011841/tools/bin/../lib/gcc/arm-none-eabi/7.3.1/../../../../arm-none-eabi/lib/thumb/v7e-m/fpv4-sp/hard\libcr_semihost_nf.a(__sys_seek.o)
                0x0000a34c                __sys_seek
 .text.__sys_tmpnam
                0x0000a358        0xc c:/nxp/mcuxpressoide_10.3.1_2233/ide/plugins/com.nxp.mcuxpresso.tools.win32_10.3.0.201811011841/tools/bin/../lib/gcc/arm-none-eabi/7.3.1/../../../../arm-none-eabi/lib/thumb/v7e-m/fpv4-sp/hard\libcr_semihost_nf.a(__sys_tmpnam.o)
                0x0000a358                __sys_tmpnam
 .text.__sys_write
                0x0000a364        0xc c:/nxp/mcuxpressoide_10.3.1_2233/ide/plugins/com.nxp.mcuxpresso.tools.win32_10.3.0.201811011841/tools/bin/../lib/gcc/arm-none-eabi/7.3.1/../../../../arm-none-eabi/lib/thumb/v7e-m/fpv4-sp/hard\libcr_semihost_nf.a(__sys_write.o)
                0x0000a364                __sys_write
 *(SORT_BY_ALIGNMENT(.rodata) SORT_BY_ALIGNMENT(.rodata.*) SORT_BY_ALIGNMENT(.constdata) SORT_BY_ALIGNMENT(.constdata.*))
 .rodata.a.5198
                0x0000a370       0x10 c:/nxp/mcuxpressoide_10.3.1_2233/ide/plugins/com.nxp.mcuxpresso.tools.win32_10.3.0.201811011841/tools/bin/../lib/gcc/arm-none-eabi/7.3.1/../../../../arm-none-eabi/lib/thumb/v7e-m/fpv4-sp/hard\libcr_c.a(_asinacos.o)
 .rodata.b.5199
                0x0000a380       0x10 c:/nxp/mcuxpressoide_10.3.1_2233/ide/plugins/com.nxp.mcuxpresso.tools.win32_10.3.0.201811011841/tools/bin/../lib/gcc/arm-none-eabi/7.3.1/../../../../arm-none-eabi/lib/thumb/v7e-m/fpv4-sp/hard\libcr_c.a(_asinacos.o)
 .rodata.__huge_val
                0x0000a390        0x8 c:/nxp/mcuxpressoide_10.3.1_2233/ide/plugins/com.nxp.mcuxpresso.tools.win32_10.3.0.201811011841/tools/bin/../lib/gcc/arm-none-eabi/7.3.1/../../../../arm-none-eabi/lib/thumb/v7e-m/fpv4-sp/hard\libcr_c.a(_hugeval.o)
                0x0000a390                __huge_val
 .rodata.__huge_vall
                0x0000a398        0x8 c:/nxp/mcuxpressoide_10.3.1_2233/ide/plugins/com.nxp.mcuxpresso.tools.win32_10.3.0.201811011841/tools/bin/../lib/gcc/arm-none-eabi/7.3.1/../../../../arm-none-eabi/lib/thumb/v7e-m/fpv4-sp/hard\libcr_c.a(_hugeval.o)
                0x0000a398                __huge_vall
 .rodata.a.5195
                0x0000a3a0       0x20 c:/nxp/mcuxpressoide_10.3.1_2233/ide/plugins/com.nxp.mcuxpresso.tools.win32_10.3.0.201811011841/tools/bin/../lib/gcc/arm-none-eabi/7.3.1/../../../../arm-none-eabi/lib/thumb/v7e-m/fpv4-sp/hard\libcr_c.a(atan.o)
 .rodata        0x0000a3c0      0x1b7 ./utilities/fsl_debug_console.o
 *fill*         0x0000a577        0x1 ff
 .rodata        0x0000a578       0x24 ./source/MadgwickAHRS.o
 .rodata        0x0000a59c      0x22a ./source/fxas21002_interrupt.o
 *fill*         0x0000a7c6        0x2 ff
 .rodata.fxas21002_Config_Isr
                0x0000a7c8        0xc ./source/fxas21002_interrupt.o
                0x0000a7c8                fxas21002_Config_Isr
 .rodata.fxas21002_Output_Values
                0x0000a7d4        0x8 ./source/fxas21002_interrupt.o
                0x0000a7d4                fxas21002_Output_Values
 .rodata.fxos8700_Config_Interrupt
                0x0000a7dc       0x10 ./source/fxas21002_interrupt.o
                0x0000a7dc                fxos8700_Config_Interrupt
 .rodata.FXOS8700_STATUS_READ
                0x0000a7ec        0x8 ./source/fxas21002_interrupt.o
                0x0000a7ec                FXOS8700_STATUS_READ
 .rodata.FXOS8700_ACCELMAG_READ
                0x0000a7f4        0x8 ./source/fxas21002_interrupt.o
                0x0000a7f4                FXOS8700_ACCELMAG_READ
 .rodata        0x0000a7fc       0x23 ./gpio_driver/gpio_driver.o
 *fill*         0x0000a81f        0x1 ff
 .rodata.DriverVersion
                0x0000a820        0x4 ./gpio_driver/gpio_driver.o
 .rodata.Driver_GPIO_KSDK
                0x0000a824       0x1c ./gpio_driver/gpio_driver.o
                0x0000a824                Driver_GPIO_KSDK
 .rodata        0x0000a840      0x149 ./drivers/fsl_clock.o
 *fill*         0x0000a989        0x3 ff
 .rodata.fllFactorTable.7770
                0x0000a98c       0x10 ./drivers/fsl_clock.o
 .rodata        0x0000a99c      0x509 ./drivers/fsl_dspi.o
 *fill*         0x0000aea5        0x3 ff
 .rodata        0x0000aea8      0xbf0 ./drivers/fsl_edma.o
 .rodata.s_portBases
                0x0000ba98       0x14 ./drivers/fsl_gpio.o
 .rodata.s_gpioBases
                0x0000baac       0x14 ./drivers/fsl_gpio.o
 .rodata        0x0000bac0       0x63 ./drivers/fsl_gpio.o
 *fill*         0x0000bb23        0x1 ff
 .rodata.s_i2cBases
                0x0000bb24        0xc ./drivers/fsl_i2c.o
                0x0000bb24                s_i2cBases
 .rodata.s_i2cDividerTable
                0x0000bb30       0x80 ./drivers/fsl_i2c.o
 .rodata.s_i2cIrqs
                0x0000bbb0        0x3 ./drivers/fsl_i2c.o
 *fill*         0x0000bbb3        0x1 ff
 .rodata.s_i2cClocks
                0x0000bbb4        0xc ./drivers/fsl_i2c.o
 .rodata        0x0000bbc0      0x2fa ./drivers/fsl_i2c.o
 *fill*         0x0000beba        0x2 ff
 .rodata.s_i2cDriverVersion
                0x0000bebc        0x4 ./drivers/fsl_i2c_cmsis.o
 .rodata.s_i2cClocks
                0x0000bec0        0xc ./drivers/fsl_i2c_cmsis.o
 .rodata.I2C1_Resource
                0x0000becc        0x8 ./drivers/fsl_i2c_cmsis.o
                0x0000becc                I2C1_Resource
 .rodata.Driver_I2C1
                0x0000bed4       0x30 ./drivers/fsl_i2c_cmsis.o
                0x0000bed4                Driver_I2C1
 .rodata        0x0000bf04       0x5d ./drivers/fsl_pit.o
 *fill*         0x0000bf61        0x3 ff
 .rodata.s_uartBases
                0x0000bf64       0x18 ./drivers/fsl_uart.o
 .rodata.s_uartClock
                0x0000bf7c       0x18 ./drivers/fsl_uart.o
 .rodata        0x0000bf94      0x514 ./drivers/fsl_uart.o
 .rodata.s_UartAdapterBase
                0x0000c4a8       0x18 ./component/uart/uart_adapter.o
 .rodata        0x0000c4c0      0x25e ./component/uart/uart_adapter.o
 *fill*         0x0000c71e        0x2 ff
 .rodata        0x0000c720      0x521 ./component/serial_manager/serial_manager.o
 *fill*         0x0000cc41        0x3 ff
 .rodata        0x0000cc44      0x244 ./component/serial_manager/serial_port_uart.o
 .rodata.mcgConfig_BOARD_BootClockRUN
                0x0000ce88        0xb ./board/clock_config.o
                0x0000ce88                mcgConfig_BOARD_BootClockRUN
 *fill*         0x0000ce93        0x1 ff
 .rodata.simConfig_BOARD_BootClockRUN
                0x0000ce94        0x8 ./board/clock_config.o
                0x0000ce94                simConfig_BOARD_BootClockRUN
 .rodata.oscConfig_BOARD_BootClockRUN
                0x0000ce9c        0x8 ./board/clock_config.o
                0x0000ce9c                oscConfig_BOARD_BootClockRUN
 .rodata        0x0000cea4       0x23 ./board/pin_mux.o
 *fill*         0x0000cec7        0x1 ff
 .rodata.__num_Ciob_streams
                0x0000cec8        0x4 c:/nxp/mcuxpressoide_10.3.1_2233/ide/plugins/com.nxp.mcuxpresso.tools.win32_10.3.0.201811011841/tools/bin/../lib/gcc/arm-none-eabi/7.3.1/../../../../arm-none-eabi/lib/thumb/v7e-m/fpv4-sp/hard\libcr_semihost_nf.a(__ciob.o)
                0x0000cec8                __num_Ciob_streams
 .rodata.__assertion_failed.str1.1
                0x0000cecc       0x15 c:/nxp/mcuxpressoide_10.3.1_2233/ide/plugins/com.nxp.mcuxpresso.tools.win32_10.3.0.201811011841/tools/bin/../lib/gcc/arm-none-eabi/7.3.1/../../../../arm-none-eabi/lib/thumb/v7e-m/fpv4-sp/hard\libcr_semihost_nf.a(_cr_assert.o)
 .rodata._Csys_alloc.str1.1
                0x0000cee1       0x18 c:/nxp/mcuxpressoide_10.3.1_2233/ide/plugins/com.nxp.mcuxpresso.tools.win32_10.3.0.201811011841/tools/bin/../lib/gcc/arm-none-eabi/7.3.1/../../../../arm-none-eabi/lib/thumb/v7e-m/fpv4-sp/hard\libcr_c.a(alloc.o)
 .rodata.fp_display.str1.1
                0x0000cef9       0x32 c:/nxp/mcuxpressoide_10.3.1_2233/ide/plugins/com.nxp.mcuxpresso.tools.win32_10.3.0.201811011841/tools/bin/../lib/gcc/arm-none-eabi/7.3.1/../../../../arm-none-eabi/lib/thumb/v7e-m/fpv4-sp/hard\libcr_c.a(fpprintf.o)
                                 0x35 (size before relaxing)
 .rodata._initio.str1.1
                0x0000cf2b        0x4 c:/nxp/mcuxpressoide_10.3.1_2233/ide/plugins/com.nxp.mcuxpresso.tools.win32_10.3.0.201811011841/tools/bin/../lib/gcc/arm-none-eabi/7.3.1/../../../../arm-none-eabi/lib/thumb/v7e-m/fpv4-sp/hard\libcr_c.a(initio.o)
 .rodata.__vfprintf.str1.1
                0x0000cf2f       0x31 c:/nxp/mcuxpressoide_10.3.1_2233/ide/plugins/com.nxp.mcuxpresso.tools.win32_10.3.0.201811011841/tools/bin/../lib/gcc/arm-none-eabi/7.3.1/../../../../arm-none-eabi/lib/thumb/v7e-m/fpv4-sp/hard\libcr_c.a(printf.o)
                                 0x38 (size before relaxing)
                0x0000cf60                . = ALIGN (0x8)

.glue_7         0x0000cf60        0x0
 .glue_7        0x0000cf60        0x0 linker stubs

.glue_7t        0x0000cf60        0x0
 .glue_7t       0x0000cf60        0x0 linker stubs

.vfp11_veneer   0x0000cf60        0x0
 .vfp11_veneer  0x0000cf60        0x0 linker stubs

.v4_bx          0x0000cf60        0x0
 .v4_bx         0x0000cf60        0x0 linker stubs

.iplt           0x0000cf60        0x0
 .iplt          0x0000cf60        0x0 ./utilities/fsl_debug_console.o

.rel.dyn        0x0000cf60        0x0
 .rel.iplt      0x0000cf60        0x0 ./utilities/fsl_debug_console.o

.ARM.extab
 *(SORT_BY_ALIGNMENT(.ARM.extab*) SORT_BY_ALIGNMENT(.gnu.linkonce.armextab.*))
                0x0000cf60                __exidx_start = .

.ARM.exidx
 *(SORT_BY_ALIGNMENT(.ARM.exidx*) SORT_BY_ALIGNMENT(.gnu.linkonce.armexidx.*))
                0x0000cf60                __exidx_end = .
                0x0000cf60                _etext = .

.m_usb_data
 *(SORT_BY_ALIGNMENT(m_usb_bdt))

.data_RAM2      0x1fff0000        0x0 load address 0x0000cf60
 FILL mask 0xff
                [!provide]                PROVIDE (__start_data_RAM2 = .)
 *(SORT_BY_ALIGNMENT(.ramfunc.$RAM2))
 *(SORT_BY_ALIGNMENT(.ramfunc.$SRAM_LOWER))
 *(SORT_BY_ALIGNMENT(.data.$RAM2*))
 *(SORT_BY_ALIGNMENT(.data.$SRAM_LOWER*))
                0x1fff0000                . = ALIGN (0x8)
                [!provide]                PROVIDE (__end_data_RAM2 = .)

.data_RAM3      0x14000000        0x0 load address 0x0000cf60
 FILL mask 0xff
                [!provide]                PROVIDE (__start_data_RAM3 = .)
 *(SORT_BY_ALIGNMENT(.ramfunc.$RAM3))
 *(SORT_BY_ALIGNMENT(.ramfunc.$FLEX_RAM))
 *(SORT_BY_ALIGNMENT(.data.$RAM3*))
 *(SORT_BY_ALIGNMENT(.data.$FLEX_RAM*))
                0x14000000                . = ALIGN (0x8)
                [!provide]                PROVIDE (__end_data_RAM3 = .)

.uninit_RESERVED
                0x20000000        0x0
 *(SORT_BY_ALIGNMENT(.bss.$RESERVED*))
                0x20000000                . = ALIGN (0x4)
                0x20000000                _end_uninit_RESERVED = .

.data           0x20000000       0x88 load address 0x0000cf60
 FILL mask 0xff
                0x20000000                _data = .
 *(SORT_BY_ALIGNMENT(vtable))
 *(SORT_BY_ALIGNMENT(.ramfunc*))
 *(SORT_BY_ALIGNMENT(.data*))
 .data.beta     0x20000000        0x4 ./source/MadgwickAHRS.o
                0x20000000                beta
 .data.q0       0x20000004        0x4 ./source/MadgwickAHRS.o
                0x20000004                q0
 .data.scale_x  0x20000008        0x4 ./source/fxas21002_interrupt.o
                0x20000008                scale_x
 .data.scale_y  0x2000000c        0x4 ./source/fxas21002_interrupt.o
                0x2000000c                scale_y
 .data.scale_z  0x20000010        0x4 ./source/fxas21002_interrupt.o
                0x20000010                scale_z
 .data.offset_x
                0x20000014        0x4 ./source/fxas21002_interrupt.o
                0x20000014                offset_x
 .data.offset_y
                0x20000018        0x4 ./source/fxas21002_interrupt.o
                0x20000018                offset_y
 .data.offset_z
                0x2000001c        0x4 ./source/fxas21002_interrupt.o
                0x2000001c                offset_z
 .data.g_I2C_ErrorEvent
                0x20000020        0xc ./interfaces/register_io_i2c.o
                0x20000020                g_I2C_ErrorEvent
 .data.gpioConfigDefault
                0x2000002c        0x6 ./gpio_driver/gpio_driver.o
 *fill*         0x20000032        0x2 ff
 .data.s_slowIrcFreq
                0x20000034        0x4 ./drivers/fsl_clock.o
 .data.s_fastIrcFreq
                0x20000038        0x4 ./drivers/fsl_clock.o
 .data.I2C1_InterruptDriverState
                0x2000003c       0x10 ./drivers/fsl_i2c_cmsis.o
                0x2000003c                I2C1_InterruptDriverState
 .data.SystemCoreClock
                0x2000004c        0x4 ./device/system_MK64F12.o
                0x2000004c                SystemCoreClock
 .data.D5       0x20000050       0x1c ./board/frdm_k64f.o
                0x20000050                D5
 .data.GREEN_LED
                0x2000006c       0x1c ./board/frdm_k64f.o
                0x2000006c                GREEN_LED
                0x20000088                . = ALIGN (0x8)
                0x20000088                _edata = .

.igot.plt       0x20000088        0x0 load address 0x0000cfe8
 .igot.plt      0x20000088        0x0 ./utilities/fsl_debug_console.o

.bss_RAM2       0x1fff0000        0x0
                [!provide]                PROVIDE (__start_bss_RAM2 = .)
 *(SORT_BY_ALIGNMENT(.bss.$RAM2*))
 *(SORT_BY_ALIGNMENT(.bss.$SRAM_LOWER*))
                0x1fff0000                . = ALIGN ((. != 0x0)?0x8:0x1)
                [!provide]                PROVIDE (__end_bss_RAM2 = .)

.bss_RAM3       0x14000000        0x0
                [!provide]                PROVIDE (__start_bss_RAM3 = .)
 *(SORT_BY_ALIGNMENT(.bss.$RAM3*))
 *(SORT_BY_ALIGNMENT(.bss.$FLEX_RAM*))
                0x14000000                . = ALIGN ((. != 0x0)?0x8:0x1)
                [!provide]                PROVIDE (__end_bss_RAM3 = .)

.bss            0x20000088      0x6b8
                0x20000088                _bss = .
 *(SORT_BY_ALIGNMENT(.bss*))
 .bss.s_debugConsoleState
                0x20000088       0x1c ./utilities/fsl_debug_console.o
 .bss.g_serialHandle
                0x200000a4        0x4 ./utilities/fsl_debug_console.o
                0x200000a4                g_serialHandle
 .bss.g_ovf_counter
                0x200000a8        0x4 ./utilities/systick_utils.o
                0x200000a8                g_ovf_counter
 .bss.q1        0x200000ac        0x4 ./source/MadgwickAHRS.o
                0x200000ac                q1
 .bss.q2        0x200000b0        0x4 ./source/MadgwickAHRS.o
                0x200000b0                q2
 .bss.q3        0x200000b4        0x4 ./source/MadgwickAHRS.o
                0x200000b4                q3
 .bss.oRoll     0x200000b8        0x4 ./source/MadgwickAHRS.o
                0x200000b8                oRoll
 .bss.oPitch    0x200000bc        0x4 ./source/MadgwickAHRS.o
                0x200000bc                oPitch
 .bss.oYaw      0x200000c0        0x4 ./source/MadgwickAHRS.o
                0x200000c0                oYaw
 .bss.b_I2C_CompletionFlag
                0x200000c4        0x3 ./interfaces/register_io_i2c.o
                0x200000c4                b_I2C_CompletionFlag
 *fill*         0x200000c7        0x1 
 .bss.isrObj    0x200000c8      0x500 ./gpio_driver/gpio_driver.o
 .bss.g_xtal0Freq
                0x200005c8        0x4 ./drivers/fsl_clock.o
                0x200005c8                g_xtal0Freq
 .bss.g_xtal32Freq
                0x200005cc        0x4 ./drivers/fsl_clock.o
                0x200005cc                g_xtal32Freq
 .bss.g_dspiHandle
                0x200005d0        0xc ./drivers/fsl_dspi.o
 .bss.s_dspiMasterIsr
                0x200005dc        0x4 ./drivers/fsl_dspi.o
 .bss.s_dspiSlaveIsr
                0x200005e0        0x4 ./drivers/fsl_dspi.o
 .bss.s_EDMAHandle
                0x200005e4       0x40 ./drivers/fsl_edma.o
 .bss.s_i2cHandle
                0x20000624        0xc ./drivers/fsl_i2c.o
 .bss.s_i2cMasterIsr
                0x20000630        0x4 ./drivers/fsl_i2c.o
 .bss.s_i2cSlaveIsr
                0x20000634        0x4 ./drivers/fsl_i2c.o
 .bss.I2C1_Handle
                0x20000638       0x28 ./drivers/fsl_i2c_cmsis.o
                0x20000638                I2C1_Handle
 .bss.s_uartHandle
                0x20000660       0x18 ./drivers/fsl_uart.o
 .bss.s_uartIsr
                0x20000678        0x4 ./drivers/fsl_uart.o
 .bss.__Ciob    0x2000067c       0xb4 c:/nxp/mcuxpressoide_10.3.1_2233/ide/plugins/com.nxp.mcuxpresso.tools.win32_10.3.0.201811011841/tools/bin/../lib/gcc/arm-none-eabi/7.3.1/../../../../arm-none-eabi/lib/thumb/v7e-m/fpv4-sp/hard\libcr_semihost_nf.a(__ciob.o)
                0x2000067c                __Ciob
 .bss.errno     0x20000730        0x4 c:/nxp/mcuxpressoide_10.3.1_2233/ide/plugins/com.nxp.mcuxpresso.tools.win32_10.3.0.201811011841/tools/bin/../lib/gcc/arm-none-eabi/7.3.1/../../../../arm-none-eabi/lib/thumb/v7e-m/fpv4-sp/hard\libcr_c.a(errno.o)
                0x20000730                errno
 .bss.__end_of_heap
                0x20000734        0x4 c:/nxp/mcuxpressoide_10.3.1_2233/ide/plugins/com.nxp.mcuxpresso.tools.win32_10.3.0.201811011841/tools/bin/../lib/gcc/arm-none-eabi/7.3.1/../../../../arm-none-eabi/lib/thumb/v7e-m/fpv4-sp/hard\libcr_c.a(__init_alloc.o)
                0x20000734                __end_of_heap
 .bss.__heaps   0x20000738        0x4 c:/nxp/mcuxpressoide_10.3.1_2233/ide/plugins/com.nxp.mcuxpresso.tools.win32_10.3.0.201811011841/tools/bin/../lib/gcc/arm-none-eabi/7.3.1/../../../../arm-none-eabi/lib/thumb/v7e-m/fpv4-sp/hard\libcr_c.a(__init_alloc.o)
                0x20000738                __heaps
 .bss.counter   0x2000073c        0x1 ./source/MadgwickAHRS.o
                0x2000073c                counter
 .bss.pitIsrFlag
                0x2000073d        0x1 ./source/fxas21002_interrupt.o
                0x2000073d                pitIsrFlag
 .bss.fxas21002Interrupt
                0x2000073e        0x1 ./source/fxas21002_interrupt.o
                0x2000073e                fxas21002Interrupt
 *(SORT_BY_ALIGNMENT(COMMON))
                0x20000740                . = ALIGN (0x8)
 *fill*         0x2000073f        0x1 
                0x20000740                _ebss = .
                [!provide]                PROVIDE (end = .)

.noinit_RAM2    0x1fff0000        0x0
 *(SORT_BY_ALIGNMENT(.noinit.$RAM2*))
 *(SORT_BY_ALIGNMENT(.noinit.$SRAM_LOWER*))
                0x1fff0000                . = ALIGN (0x8)

.noinit_RAM3    0x14000000        0x0
 *(SORT_BY_ALIGNMENT(.noinit.$RAM3*))
 *(SORT_BY_ALIGNMENT(.noinit.$FLEX_RAM*))
                0x14000000                . = ALIGN (0x8)

.noinit         0x20000740        0x0
                0x20000740                _noinit = .
 *(SORT_BY_ALIGNMENT(.noinit*))
                0x20000740                . = ALIGN (0x8)
                0x20000740                _end_noinit = .
                0x00001000                _HeapSize = 0x1000

.heap           0x20000740     0x1000
                0x20000740                _pvHeapStart = .
                0x20001740                . = (. + _HeapSize)
 *fill*         0x20000740     0x1000 
                0x20001740                . = ALIGN (0x8)
                0x20001740                _pvHeapLimit = .
                0x00001000                _StackSize = 0x1000

.heap2stackfill
                0x20001740     0x1000
                0x20002740                . = (. + _StackSize)
 *fill*         0x20001740     0x1000 

.stack          0x2002f000        0x0
                0x2002f000                _vStackBase = .
                0x2002f000                . = ALIGN (0x8)
                0x20030000                _vStackTop = (. + _StackSize)
                0x00000000                _image_start = LOADADDR (.text)
                0x0000cfe8                _image_end = (LOADADDR (.data) + SIZEOF (.data))
                0x0000cfe8                _image_size = (_image_end - _image_start)
OUTPUT(frdmk64f_agm01_fxas21002_interrupt.axf elf32-littlearm)

.debug_info     0x00000000    0x1cb4c
 .debug_info    0x00000000      0x878 ./utilities/fsl_debug_console.o
 .debug_info    0x00000878     0x17f0 ./utilities/systick_utils.o
 .debug_info    0x00002068      0x8b0 ./startup/startup_mk64f12.o
 .debug_info    0x00002918      0xa96 ./source/MadgwickAHRS.o
 .debug_info    0x000033ae     0x2c4d ./source/fxas21002_interrupt.o
 .debug_info    0x00005ffb       0x3b ./source/semihost_hardfault.o
 .debug_info    0x00006036     0x10be ./sensors/fxas21002_drv.o
 .debug_info    0x000070f4     0x12d7 ./sensors/fxos8700_drv.o
 .debug_info    0x000083cb     0x18c5 ./interfaces/register_io_i2c.o
 .debug_info    0x00009c90      0x6b8 ./interfaces/sensor_io_i2c.o
 .debug_info    0x0000a348     0x12fc ./gpio_driver/gpio_driver.o
 .debug_info    0x0000b644      0x371 ./gpio_driver/gpio_driver_irq.o
 .debug_info    0x0000b9b5      0x42f ./drivers/FlexTimer.o
 .debug_info    0x0000bde4     0x1f24 ./drivers/fsl_clock.o
 .debug_info    0x0000dd08     0x234f ./drivers/fsl_dspi.o
 .debug_info    0x00010057     0x2082 ./drivers/fsl_edma.o
 .debug_info    0x000120d9      0x664 ./drivers/fsl_gpio.o
 .debug_info    0x0001273d     0x1cb4 ./drivers/fsl_i2c.o
 .debug_info    0x000143f1     0x1674 ./drivers/fsl_i2c_cmsis.o
 .debug_info    0x00015a65      0x742 ./drivers/fsl_pit.o
 .debug_info    0x000161a7      0xa80 ./drivers/fsl_smc.o
 .debug_info    0x00016c27     0x1a78 ./drivers/fsl_uart.o
 .debug_info    0x0001869f      0x630 ./device/system_MK64F12.o
 .debug_info    0x00018ccf      0x98c ./component/uart/uart_adapter.o
 .debug_info    0x0001965b      0x6fe ./component/serial_manager/serial_manager.o
 .debug_info    0x00019d59      0x4bd ./component/serial_manager/serial_port_uart.o
 .debug_info    0x0001a216      0x55b ./board/board.o
 .debug_info    0x0001a771      0xb2e ./board/clock_config.o
 .debug_info    0x0001b29f      0xece ./board/frdm_k64f.o
 .debug_info    0x0001c16d      0x9df ./board/pin_mux.o

.debug_abbrev   0x00000000     0x3eee
 .debug_abbrev  0x00000000      0x19a ./utilities/fsl_debug_console.o
 .debug_abbrev  0x0000019a      0x28e ./utilities/systick_utils.o
 .debug_abbrev  0x00000428      0x15c ./startup/startup_mk64f12.o
 .debug_abbrev  0x00000584      0x18f ./source/MadgwickAHRS.o
 .debug_abbrev  0x00000713      0x375 ./source/fxas21002_interrupt.o
 .debug_abbrev  0x00000a88       0x2f ./source/semihost_hardfault.o
 .debug_abbrev  0x00000ab7      0x237 ./sensors/fxas21002_drv.o
 .debug_abbrev  0x00000cee      0x22a ./sensors/fxos8700_drv.o
 .debug_abbrev  0x00000f18      0x29f ./interfaces/register_io_i2c.o
 .debug_abbrev  0x000011b7      0x168 ./interfaces/sensor_io_i2c.o
 .debug_abbrev  0x0000131f      0x321 ./gpio_driver/gpio_driver.o
 .debug_abbrev  0x00001640      0x13d ./gpio_driver/gpio_driver_irq.o
 .debug_abbrev  0x0000177d      0x104 ./drivers/FlexTimer.o
 .debug_abbrev  0x00001881      0x307 ./drivers/fsl_clock.o
 .debug_abbrev  0x00001b88      0x33e ./drivers/fsl_dspi.o
 .debug_abbrev  0x00001ec6      0x398 ./drivers/fsl_edma.o
 .debug_abbrev  0x0000225e      0x196 ./drivers/fsl_gpio.o
 .debug_abbrev  0x000023f4      0x340 ./drivers/fsl_i2c.o
 .debug_abbrev  0x00002734      0x2e0 ./drivers/fsl_i2c_cmsis.o
 .debug_abbrev  0x00002a14      0x1f1 ./drivers/fsl_pit.o
 .debug_abbrev  0x00002c05      0x2ef ./drivers/fsl_smc.o
 .debug_abbrev  0x00002ef4      0x303 ./drivers/fsl_uart.o
 .debug_abbrev  0x000031f7      0x154 ./device/system_MK64F12.o
 .debug_abbrev  0x0000334b      0x1c2 ./component/uart/uart_adapter.o
 .debug_abbrev  0x0000350d      0x163 ./component/serial_manager/serial_manager.o
 .debug_abbrev  0x00003670      0x148 ./component/serial_manager/serial_port_uart.o
 .debug_abbrev  0x000037b8      0x13f ./board/board.o
 .debug_abbrev  0x000038f7      0x1e9 ./board/clock_config.o
 .debug_abbrev  0x00003ae0      0x1c5 ./board/frdm_k64f.o
 .debug_abbrev  0x00003ca5      0x249 ./board/pin_mux.o

.debug_aranges  0x00000000     0x1518
 .debug_aranges
                0x00000000       0x50 ./utilities/fsl_debug_console.o
 .debug_aranges
                0x00000050       0x48 ./utilities/systick_utils.o
 .debug_aranges
                0x00000098      0x330 ./startup/startup_mk64f12.o
 .debug_aranges
                0x000003c8       0x48 ./source/MadgwickAHRS.o
 .debug_aranges
                0x00000410       0x78 ./source/fxas21002_interrupt.o
 .debug_aranges
                0x00000488       0x20 ./source/semihost_hardfault.o
 .debug_aranges
                0x000004a8       0x78 ./sensors/fxas21002_drv.o
 .debug_aranges
                0x00000520       0x78 ./sensors/fxos8700_drv.o
 .debug_aranges
                0x00000598       0x48 ./interfaces/register_io_i2c.o
 .debug_aranges
                0x000005e0       0x30 ./interfaces/sensor_io_i2c.o
 .debug_aranges
                0x00000610       0xa8 ./gpio_driver/gpio_driver.o
 .debug_aranges
                0x000006b8       0x40 ./gpio_driver/gpio_driver_irq.o
 .debug_aranges
                0x000006f8       0x20 ./drivers/FlexTimer.o
 .debug_aranges
                0x00000718      0x1e8 ./drivers/fsl_clock.o
 .debug_aranges
                0x00000900      0x1d0 ./drivers/fsl_dspi.o
 .debug_aranges
                0x00000ad0      0x210 ./drivers/fsl_edma.o
 .debug_aranges
                0x00000ce0       0x40 ./drivers/fsl_gpio.o
 .debug_aranges
                0x00000d20      0x180 ./drivers/fsl_i2c.o
 .debug_aranges
                0x00000ea0      0x138 ./drivers/fsl_i2c_cmsis.o
 .debug_aranges